
===========================================================================
report_checks -unconstrained
===========================================================================
======================= nom_ss_100C_1v60 Corner ===================================

Startpoint: rst_n (input port clocked by clk)
Endpoint: _2770_ (recovery check against rising-edge clock clk)
Path Group: asynchronous
Path Type: max

Fanout         Cap        Slew       Delay        Time   Description
---------------------------------------------------------------------------------------------
                                  0.000000    0.000000   clock clk (rise edge)
                                  0.000000    0.000000   clock network delay (propagated)
                                 10.000000   10.000000 ^ input external delay
     1    0.002661    0.031334    0.015057   10.015058 ^ rst_n (in)
                                                         rst_n (net)
                      0.031334    0.000000   10.015058 ^ input2/A (sky130_fd_sc_hd__buf_1)
     2    0.015178    0.295086    0.293319   10.308376 ^ input2/X (sky130_fd_sc_hd__buf_1)
                                                         net2 (net)
                      0.295086    0.000372   10.308749 ^ fanout47/A (sky130_fd_sc_hd__clkbuf_4)
    10    0.054748    0.269621    0.496018   10.804768 ^ fanout47/X (sky130_fd_sc_hd__clkbuf_4)
                                                         net47 (net)
                      0.269679    0.003868   10.808635 ^ _2770_/RESET_B (sky130_fd_sc_hd__dfrtp_4)
                                             10.808635   data arrival time

                                 50.000000   50.000000   clock clk (rise edge)
                                  0.000000   50.000000   clock source latency
     1    0.016666    0.126989    0.085848   50.085846 ^ clk (in)
                                                         clk (net)
                      0.127000    0.000000   50.085846 ^ clkbuf_0_clk/A (sky130_fd_sc_hd__clkbuf_16)
     2    0.018271    0.065274    0.245173   50.331020 ^ clkbuf_0_clk/X (sky130_fd_sc_hd__clkbuf_16)
                                                         clknet_0_clk (net)
                      0.065274    0.000448   50.331467 ^ clkbuf_1_1__f_clk/A (sky130_fd_sc_hd__clkbuf_16)
     9    0.024956    0.073677    0.226333   50.557800 ^ clkbuf_1_1__f_clk/X (sky130_fd_sc_hd__clkbuf_16)
                                                         clknet_1_1__leaf_clk (net)
                      0.073692    0.000924   50.558723 ^ _2770_/CLK (sky130_fd_sc_hd__dfrtp_4)
                                 -0.250000   50.308723   clock uncertainty
                                  0.000000   50.308723   clock reconvergence pessimism
                                  0.351562   50.660286   library recovery time
                                             50.660286   data required time
---------------------------------------------------------------------------------------------
                                             50.660286   data required time
                                            -10.808635   data arrival time
---------------------------------------------------------------------------------------------
                                             39.851650   slack (MET)


Startpoint: ui_in[1] (input port clocked by clk)
Endpoint: uo_out[1] (output port clocked by clk)
Path Group: clk
Path Type: max

Fanout         Cap        Slew       Delay        Time   Description
---------------------------------------------------------------------------------------------
                                  0.000000    0.000000   clock clk (rise edge)
                                  0.000000    0.000000   clock network delay (propagated)
                                 10.000000   10.000000 v input external delay
     1    0.002492    0.017293    0.008263   10.008263 v ui_in[1] (in)
                                                         ui_in[1] (net)
                      0.017293    0.000000   10.008263 v input4/A (sky130_fd_sc_hd__buf_1)
     3    0.016672    0.195877    0.250940   10.259203 v input4/X (sky130_fd_sc_hd__buf_1)
                                                         net4 (net)
                      0.195877    0.000249   10.259451 v fanout45/A (sky130_fd_sc_hd__buf_2)
    10    0.037169    0.177832    0.413572   10.673023 v fanout45/X (sky130_fd_sc_hd__buf_2)
                                                         net45 (net)
                      0.177842    0.001507   10.674531 v _1387_/A_N (sky130_fd_sc_hd__nand2b_1)
     1    0.003566    0.104937    0.352156   11.026687 v _1387_/Y (sky130_fd_sc_hd__nand2b_1)
                                                         _0970_ (net)
                      0.104937    0.000113   11.026799 v fanout44/A (sky130_fd_sc_hd__buf_2)
     6    0.044807    0.208419    0.393369   11.420168 v fanout44/X (sky130_fd_sc_hd__buf_2)
                                                         net44 (net)
                      0.208419    0.000475   11.420644 v fanout41/A (sky130_fd_sc_hd__buf_4)
    10    0.067973    0.169633    0.426297   11.846941 v fanout41/X (sky130_fd_sc_hd__buf_4)
                                                         net41 (net)
                      0.169636    0.001011   11.847951 v _1401_/A2 (sky130_fd_sc_hd__o31a_2)
     2    0.018155    0.158341    0.757945   12.605896 v _1401_/X (sky130_fd_sc_hd__o31a_2)
                                                         _1124_ (net)
                      0.158341    0.000500   12.606397 v _1411_/A (sky130_fd_sc_hd__xor2_2)
     5    0.024752    0.506169    0.537668   13.144064 ^ _1411_/X (sky130_fd_sc_hd__xor2_2)
                                                         _1234_ (net)
                      0.506169    0.000586   13.144650 ^ fanout24/A (sky130_fd_sc_hd__buf_2)
    10    0.042784    0.336547    0.570059   13.714709 ^ fanout24/X (sky130_fd_sc_hd__buf_2)
                                                         net24 (net)
                      0.336547    0.000886   13.715595 ^ _1795_/B (sky130_fd_sc_hd__nor2_1)
     2    0.004412    0.130861    0.175487   13.891083 v _1795_/Y (sky130_fd_sc_hd__nor2_1)
                                                         _0801_ (net)
                      0.130861    0.000084   13.891167 v _1878_/C (sky130_fd_sc_hd__or4_1)
     3    0.006632    0.224065    1.196271   15.087438 v _1878_/X (sky130_fd_sc_hd__or4_1)
                                                         _0887_ (net)
                      0.224065    0.000094   15.087532 v _1881_/A (sky130_fd_sc_hd__and3_1)
     1    0.001668    0.061367    0.350333   15.437864 v _1881_/X (sky130_fd_sc_hd__and3_1)
                                                         _0890_ (net)
                      0.061367    0.000046   15.437911 v _1955_/A (sky130_fd_sc_hd__or2_1)
     2    0.006922    0.132497    0.538177   15.976089 v _1955_/X (sky130_fd_sc_hd__or2_1)
                                                         _0972_ (net)
                      0.132497    0.000197   15.976286 v _1957_/B (sky130_fd_sc_hd__xor2_1)
     2    0.004636    0.117826    0.302737   16.279022 v _1957_/X (sky130_fd_sc_hd__xor2_1)
                                                         _0974_ (net)
                      0.117826    0.000078   16.279100 v _2029_/A (sky130_fd_sc_hd__or2_1)
     3    0.010446    0.163974    0.596822   16.875923 v _2029_/X (sky130_fd_sc_hd__or2_1)
                                                         _1053_ (net)
                      0.163974    0.000227   16.876150 v _2030_/B1 (sky130_fd_sc_hd__o211a_1)
     2    0.004702    0.089317    0.289841   17.165991 v _2030_/X (sky130_fd_sc_hd__o211a_1)
                                                         _1054_ (net)
                      0.089317    0.000096   17.166088 v _2041_/A (sky130_fd_sc_hd__or3_2)
     4    0.016371    0.247742    1.249546   18.415634 v _2041_/X (sky130_fd_sc_hd__or3_2)
                                                         _1066_ (net)
                      0.247742    0.000327   18.415960 v _2111_/C1 (sky130_fd_sc_hd__o211a_1)
     4    0.019025    0.206250    0.406484   18.822445 v _2111_/X (sky130_fd_sc_hd__o211a_1)
                                                         _1143_ (net)
                      0.206250    0.000808   18.823254 v _2131_/A (sky130_fd_sc_hd__nor3_1)
     3    0.008728    0.525655    0.565084   19.388336 ^ _2131_/Y (sky130_fd_sc_hd__nor3_1)
                                                         _1165_ (net)
                      0.525655    0.000107   19.388443 ^ max_cap18/A (sky130_fd_sc_hd__clkbuf_1)
     2    0.008623    0.178730    0.374662   19.763105 ^ max_cap18/X (sky130_fd_sc_hd__clkbuf_1)
                                                         net18 (net)
                      0.178730    0.000302   19.763407 ^ _2185_/C1 (sky130_fd_sc_hd__a211oi_1)
     3    0.008755    0.192734    0.162139   19.925547 v _2185_/Y (sky130_fd_sc_hd__a211oi_1)
                                                         _1225_ (net)
                      0.192734    0.000268   19.925814 v _2240_/A1 (sky130_fd_sc_hd__o211a_1)
     2    0.006010    0.099506    0.485121   20.410936 v _2240_/X (sky130_fd_sc_hd__o211a_1)
                                                         _1285_ (net)
                      0.099506    0.000174   20.411110 v _2241_/B1 (sky130_fd_sc_hd__a211oi_1)
     2    0.006947    0.490781    0.518055   20.929165 ^ _2241_/Y (sky130_fd_sc_hd__a211oi_1)
                                                         _1286_ (net)
                      0.490781    0.000179   20.929344 ^ _2242_/A (sky130_fd_sc_hd__inv_2)
     3    0.010460    0.118403    0.213261   21.142605 v _2242_/Y (sky130_fd_sc_hd__inv_2)
                                                         _1287_ (net)
                      0.118403    0.000188   21.142794 v _2280_/B1 (sky130_fd_sc_hd__o211a_1)
     2    0.004449    0.086845    0.265118   21.407911 v _2280_/X (sky130_fd_sc_hd__o211a_1)
                                                         _1329_ (net)
                      0.086845    0.000099   21.408010 v _2366_/B1 (sky130_fd_sc_hd__a211o_1)
     3    0.008824    0.138481    0.567955   21.975965 v _2366_/X (sky130_fd_sc_hd__a211o_1)
                                                         _0063_ (net)
                      0.138481    0.000297   21.976261 v _2367_/C (sky130_fd_sc_hd__and3_1)
     2    0.004612    0.086597    0.411934   22.388195 v _2367_/X (sky130_fd_sc_hd__and3_1)
                                                         _0064_ (net)
                      0.086597    0.000103   22.388298 v _2369_/A3 (sky130_fd_sc_hd__o311a_1)
     4    0.017159    0.209874    0.690514   23.078812 v _2369_/X (sky130_fd_sc_hd__o311a_1)
                                                         _0066_ (net)
                      0.209874    0.000359   23.079172 v _2383_/A (sky130_fd_sc_hd__or2_2)
     6    0.024799    0.212656    0.868168   23.947338 v _2383_/X (sky130_fd_sc_hd__or2_2)
                                                         _0081_ (net)
                      0.212656    0.000297   23.947636 v _2474_/A (sky130_fd_sc_hd__nor2_1)
     2    0.003242    0.145487    0.230724   24.178360 ^ _2474_/Y (sky130_fd_sc_hd__nor2_1)
                                                         _0182_ (net)
                      0.145487    0.000046   24.178406 ^ _2476_/A_N (sky130_fd_sc_hd__nand2b_1)
     2    0.015227    0.259902    0.337185   24.515591 ^ _2476_/Y (sky130_fd_sc_hd__nand2b_1)
                                                         _0184_ (net)
                      0.259902    0.000245   24.515835 ^ _2493_/A1 (sky130_fd_sc_hd__o21bai_2)
     3    0.020909    0.228413    0.317803   24.833637 v _2493_/Y (sky130_fd_sc_hd__o21bai_2)
                                                         _0202_ (net)
                      0.228415    0.001194   24.834831 v _2536_/A (sky130_fd_sc_hd__xnor2_2)
     5    0.023825    0.521384    0.568543   25.403374 ^ _2536_/Y (sky130_fd_sc_hd__xnor2_2)
                                                         _0250_ (net)
                      0.521387    0.001092   25.404467 ^ _2552_/A (sky130_fd_sc_hd__xnor2_1)
     2    0.007518    0.185431    0.355215   25.759682 v _2552_/Y (sky130_fd_sc_hd__xnor2_1)
                                                         _0267_ (net)
                      0.185431    0.000149   25.759830 v _2580_/B (sky130_fd_sc_hd__xor2_1)
     2    0.007360    0.176420    0.345759   26.105589 v _2580_/X (sky130_fd_sc_hd__xor2_1)
                                                         _0298_ (net)
                      0.176420    0.000114   26.105703 v _2581_/A2 (sky130_fd_sc_hd__a21o_1)
     2    0.007914    0.099852    0.402290   26.507994 v _2581_/X (sky130_fd_sc_hd__a21o_1)
                                                         _0299_ (net)
                      0.099852    0.000222   26.508215 v _2582_/A2 (sky130_fd_sc_hd__a21o_1)
     2    0.014296    0.146752    0.418449   26.926664 v _2582_/X (sky130_fd_sc_hd__a21o_1)
                                                         _0300_ (net)
                      0.146753    0.000727   26.927391 v _2585_/A1 (sky130_fd_sc_hd__a21o_1)
     2    0.007906    0.099861    0.359806   27.287197 v _2585_/X (sky130_fd_sc_hd__a21o_1)
                                                         _0304_ (net)
                      0.099861    0.000211   27.287409 v _2588_/A1 (sky130_fd_sc_hd__a21o_1)
     2    0.007264    0.094929    0.334630   27.622038 v _2588_/X (sky130_fd_sc_hd__a21o_1)
                                                         _0307_ (net)
                      0.094929    0.000162   27.622200 v _2589_/B (sky130_fd_sc_hd__and2b_1)
     2    0.008349    0.110368    0.376085   27.998285 v _2589_/X (sky130_fd_sc_hd__and2b_1)
                                                         _0308_ (net)
                      0.110368    0.000318   27.998604 v _2590_/A2 (sky130_fd_sc_hd__o21a_1)
     5    0.017594    0.191083    0.446011   28.444614 v _2590_/X (sky130_fd_sc_hd__o21a_1)
                                                         _0309_ (net)
                      0.191083    0.000492   28.445107 v _2594_/A2 (sky130_fd_sc_hd__o311ai_4)
     4    0.011315    0.413729    0.535410   28.980516 ^ _2594_/Y (sky130_fd_sc_hd__o311ai_4)
                                                         _0314_ (net)
                      0.413729    0.000179   28.980696 ^ _2596_/A2 (sky130_fd_sc_hd__a31o_1)
     2    0.005277    0.115328    0.436266   29.416962 ^ _2596_/X (sky130_fd_sc_hd__a31o_1)
                                                         _0316_ (net)
                      0.115328    0.000126   29.417088 ^ _2598_/A2 (sky130_fd_sc_hd__a21o_1)
     2    0.012158    0.180412    0.320577   29.737665 ^ _2598_/X (sky130_fd_sc_hd__a21o_1)
                                                         _0318_ (net)
                      0.180412    0.000622   29.738287 ^ fanout14/A (sky130_fd_sc_hd__clkbuf_2)
    10    0.029640    0.257316    0.377016   30.115303 ^ fanout14/X (sky130_fd_sc_hd__clkbuf_2)
                                                         net14 (net)
                      0.257323    0.001677   30.116980 ^ _2615_/B1_N (sky130_fd_sc_hd__o21ba_1)
     3    0.007416    0.102992    0.378289   30.495270 v _2615_/X (sky130_fd_sc_hd__o21ba_1)
                                                         _0337_ (net)
                      0.102992    0.000181   30.495451 v _2619_/A2 (sky130_fd_sc_hd__a31o_1)
     3    0.008739    0.114760    0.433253   30.928703 v _2619_/X (sky130_fd_sc_hd__a31o_1)
                                                         _0341_ (net)
                      0.114760    0.000210   30.928913 v _2621_/A1 (sky130_fd_sc_hd__a21oi_1)
     3    0.007683    0.313753    0.335390   31.264303 ^ _2621_/Y (sky130_fd_sc_hd__a21oi_1)
                                                         _0343_ (net)
                      0.313753    0.000178   31.264482 ^ _2633_/B_N (sky130_fd_sc_hd__and4bb_2)
     6    0.026527    0.176149    0.707185   31.971666 v _2633_/X (sky130_fd_sc_hd__and4bb_2)
                                                         _0356_ (net)
                      0.176159    0.001535   31.973202 v _2640_/C (sky130_fd_sc_hd__and4_1)
     2    0.004644    0.089366    0.450736   32.423939 v _2640_/X (sky130_fd_sc_hd__and4_1)
                                                         _0364_ (net)
                      0.089366    0.000124   32.424061 v _2648_/A2 (sky130_fd_sc_hd__o31a_1)
     1    0.003593    0.092467    0.534776   32.958839 v _2648_/X (sky130_fd_sc_hd__o31a_1)
                                                         _0373_ (net)
                      0.092467    0.000085   32.958923 v _2659_/C1 (sky130_fd_sc_hd__a2111o_1)
     1    0.002604    0.104485    0.664304   33.623226 v _2659_/X (sky130_fd_sc_hd__a2111o_1)
                                                         _0385_ (net)
                      0.104485    0.000075   33.623302 v _2672_/A (sky130_fd_sc_hd__or4b_4)
     8    0.040816    0.256550    1.238007   34.861309 v _2672_/X (sky130_fd_sc_hd__or4b_4)
                                                         _0399_ (net)
                      0.256579    0.002771   34.864082 v _2683_/A1 (sky130_fd_sc_hd__o31a_2)
     1    0.017215    0.154802    0.822496   35.686577 v _2683_/X (sky130_fd_sc_hd__o31a_2)
                                                         _0410_ (net)
                      0.154802    0.000650   35.687225 v _2684_/B (sky130_fd_sc_hd__xor2_4)
     1    0.034130    0.429876    0.456005   36.143230 ^ _2684_/X (sky130_fd_sc_hd__xor2_4)
                                                         uo_out[1] (net)
                      0.429876    0.000345   36.143578 ^ uo_out[1] (out)
                                             36.143578   data arrival time

                                 50.000000   50.000000   clock clk (rise edge)
                                  0.000000   50.000000   clock network delay (propagated)
                                 -0.250000   49.749996   clock uncertainty
                                  0.000000   49.749996   clock reconvergence pessimism
                                -10.000000   39.749996   output external delay
                                             39.749996   data required time
---------------------------------------------------------------------------------------------
                                             39.749996   data required time
                                            -36.143578   data arrival time
---------------------------------------------------------------------------------------------
                                              3.606420   slack (MET)




===========================================================================
report_checks --slack_max -0.01
============================================================================
======================= nom_ss_100C_1v60 Corner ===================================

No paths found.


===========================================================================
 report_check_types -max_slew -max_cap -max_fanout -violators
============================================================================
======================= nom_ss_100C_1v60 Corner ===================================

max slew

Pin                                        Limit        Slew       Slack
------------------------------------------------------------------------
_1819_/Y                                0.750000    0.799393   -0.049393 (VIOLATED)
_1834_/B                                0.750000    0.799393   -0.049393 (VIOLATED)
_1912_/A2                               0.750000    0.799393   -0.049393 (VIOLATED)
_1643_/B                                0.750000    0.772306   -0.022306 (VIOLATED)
_1700_/A2                               0.750000    0.772306   -0.022306 (VIOLATED)
_1640_/Y                                0.750000    0.772305   -0.022305 (VIOLATED)



===========================================================================
report_parasitic_annotation -report_unannotated
============================================================================
Found 22 unannotated drivers.
 ui_in[4]
 ui_in[5]
 ui_in[6]
 ui_in[7]
 uio_in[0]
 clkload0/X
 tt_um_connerdaehler_boop_49/HI
 tt_um_connerdaehler_boop_50/HI
 tt_um_connerdaehler_boop_51/HI
 tt_um_connerdaehler_boop_52/HI
 tt_um_connerdaehler_boop_53/HI
 tt_um_connerdaehler_boop_54/HI
 tt_um_connerdaehler_boop_55/HI
 tt_um_connerdaehler_boop_56/HI
 tt_um_connerdaehler_boop_57/HI
 tt_um_connerdaehler_boop_58/HI
 tt_um_connerdaehler_boop_59/HI
 tt_um_connerdaehler_boop_60/HI
 tt_um_connerdaehler_boop_61/HI
 tt_um_connerdaehler_boop_62/HI
 tt_um_connerdaehler_boop_63/HI
 tt_um_connerdaehler_boop_64/HI
Found 0 partially unannotated drivers.

===========================================================================
max slew violation count 6
max fanout violation count 0
max cap violation count 0
============================================================================

===========================================================================
check_setup -verbose -unconstrained_endpoints -multiple_clock -no_clock -no_input_delay -loops -generated_clocks
===========================================================================
Warning: There are 16 unconstrained endpoints.
  uio_oe[0]
  uio_oe[1]
  uio_oe[2]
  uio_oe[3]
  uio_oe[4]
  uio_oe[5]
  uio_oe[6]
  uio_oe[7]
  uio_out[0]
  uio_out[1]
  uio_out[2]
  uio_out[3]
  uio_out[4]
  uio_out[5]
  uio_out[6]
  uio_out[7]
