Clock: clk
Sources: clk 
Generated: no
Virtual: yes
Propagated: no
Period: 50.000000

===========================================================================
report_clock_properties
============================================================================
Clock                   Period          Waveform
----------------------------------------------------
clk                  50.000000    0.000000 25.000000

===========================================================================
report_clock_latency
============================================================================
Clock clk
rise -> rise
    min     max
0.000000 0.000000 source latency
0.558206         network latency _2777_/CLK
        0.561331 network latency _2763_/CLK
---------------
0.558206 0.561331 latency
        0.003125 skew

fall -> fall
    min     max
0.000000 0.000000 source latency
0.557113         network latency _2777_/CLK
        0.559698 network latency _2763_/CLK
---------------
0.557113 0.559698 latency
        0.002585 skew



===========================================================================
report_clock_min_period
============================================================================
clk period_min = 6.07 fmax = 164.65
