
===========================================================================
 report_power
============================================================================
======================= nom_ss_100C_1v60 Corner ===================================

Group                    Internal    Switching      Leakage        Total
                            Power        Power        Power        Power (Watts)
------------------------------------------------------------------------
Sequential           1.382644e-05 6.379837e-06 3.135654e-07 2.051984e-05   0.1%
Combinational        1.217977e-02 1.398297e-02 6.115432e-06 2.616886e-02  99.9%
Clock                9.802128e-06 3.583677e-06 7.961644e-08 1.346542e-05   0.1%
Macro                0.000000e+00 0.000000e+00 0.000000e+00 0.000000e+00   0.0%
Pad                  0.000000e+00 0.000000e+00 0.000000e+00 0.000000e+00   0.0%
------------------------------------------------------------------------
Total                1.220340e-02 1.399293e-02 6.508612e-06 2.620284e-02 100.0%
                            46.6%        53.4%         0.0%

