
===========================================================================
report_checks -unconstrained
===========================================================================
======================= nom_tt_025C_1v80 Corner ===================================

Startpoint: rst_n (input port clocked by clk)
Endpoint: _2762_ (recovery check against rising-edge clock clk)
Path Group: asynchronous
Path Type: max

Fanout         Cap        Slew       Delay        Time   Description
---------------------------------------------------------------------------------------------
                                  0.000000    0.000000   clock clk (rise edge)
                                  0.000000    0.000000   clock network delay (propagated)
                                 10.000000   10.000000 ^ input external delay
     1    0.002770    0.019602    0.010221   10.010221 ^ rst_n (in)
                                                         rst_n (net)
                      0.019602    0.000000   10.010221 ^ input2/A (sky130_fd_sc_hd__buf_1)
     2    0.010929    0.135199    0.136101   10.146322 ^ input2/X (sky130_fd_sc_hd__buf_1)
                                                         net2 (net)
                      0.135200    0.000226   10.146549 ^ fanout47/A (sky130_fd_sc_hd__clkbuf_4)
    10    0.050320    0.157516    0.250328   10.396876 ^ fanout47/X (sky130_fd_sc_hd__clkbuf_4)
                                                         net47 (net)
                      0.157563    0.002610   10.399487 ^ _2762_/RESET_B (sky130_fd_sc_hd__dfrtp_4)
                                             10.399487   data arrival time

                                 50.000000   50.000000   clock clk (rise edge)
                                  0.000000   50.000000   clock source latency
     1    0.013059    0.064815    0.044192   50.044189 ^ clk (in)
                                                         clk (net)
                      0.064827    0.000000   50.044189 ^ clkbuf_0_clk/A (sky130_fd_sc_hd__clkbuf_16)
     2    0.017854    0.040023    0.130562   50.174751 ^ clkbuf_0_clk/X (sky130_fd_sc_hd__clkbuf_16)
                                                         clknet_0_clk (net)
                      0.040033    0.000380   50.175133 ^ clkbuf_1_1__f_clk/A (sky130_fd_sc_hd__clkbuf_16)
     9    0.024015    0.045396    0.127208   50.302341 ^ clkbuf_1_1__f_clk/X (sky130_fd_sc_hd__clkbuf_16)
                                                         clknet_1_1__leaf_clk (net)
                      0.045405    0.000632   50.302975 ^ _2762_/CLK (sky130_fd_sc_hd__dfrtp_4)
                                 -0.250000   50.052975   clock uncertainty
                                  0.000000   50.052975   clock reconvergence pessimism
                                  0.180887   50.233860   library recovery time
                                             50.233860   data required time
---------------------------------------------------------------------------------------------
                                             50.233860   data required time
                                            -10.399487   data arrival time
---------------------------------------------------------------------------------------------
                                             39.834373   slack (MET)


Startpoint: ui_in[0] (input port clocked by clk)
Endpoint: uo_out[2] (output port clocked by clk)
Path Group: clk
Path Type: max

Fanout         Cap        Slew       Delay        Time   Description
---------------------------------------------------------------------------------------------
                                  0.000000    0.000000   clock clk (rise edge)
                                  0.000000    0.000000   clock network delay (propagated)
                                 10.000000   10.000000 ^ input external delay
     1    0.003566    0.023052    0.013012   10.013012 ^ ui_in[0] (in)
                                                         ui_in[0] (net)
                      0.023060    0.000000   10.013012 ^ input3/A (sky130_fd_sc_hd__buf_1)
     3    0.012071    0.148200    0.146091   10.159103 ^ input3/X (sky130_fd_sc_hd__buf_1)
                                                         net3 (net)
                      0.148202    0.000413   10.159516 ^ fanout46/A (sky130_fd_sc_hd__buf_2)
    10    0.034012    0.169470    0.232615   10.392131 ^ fanout46/X (sky130_fd_sc_hd__buf_2)
                                                         net46 (net)
                      0.169470    0.000678   10.392809 ^ _1387_/B (sky130_fd_sc_hd__nand2b_1)
     1    0.002554    0.046211    0.072791   10.465599 v _1387_/Y (sky130_fd_sc_hd__nand2b_1)
                                                         _0970_ (net)
                      0.046211    0.000080   10.465679 v fanout44/A (sky130_fd_sc_hd__buf_2)
     6    0.029956    0.080312    0.171750   10.637429 v fanout44/X (sky130_fd_sc_hd__buf_2)
                                                         net44 (net)
                      0.080312    0.000409   10.637837 v fanout41/A (sky130_fd_sc_hd__buf_4)
    10    0.057514    0.081930    0.207737   10.845574 v fanout41/X (sky130_fd_sc_hd__buf_4)
                                                         net41 (net)
                      0.081933    0.000695   10.846269 v _1401_/A2 (sky130_fd_sc_hd__o31a_2)
     2    0.018875    0.088067    0.386144   11.232413 v _1401_/X (sky130_fd_sc_hd__o31a_2)
                                                         _1124_ (net)
                      0.088067    0.000378   11.232792 v _1411_/A (sky130_fd_sc_hd__xor2_2)
     5    0.020148    0.273907    0.291139   11.523931 ^ _1411_/X (sky130_fd_sc_hd__xor2_2)
                                                         _1234_ (net)
                      0.273908    0.000284   11.524215 ^ fanout24/A (sky130_fd_sc_hd__buf_2)
    10    0.035271    0.175489    0.270572   11.794786 ^ fanout24/X (sky130_fd_sc_hd__buf_2)
                                                         net24 (net)
                      0.175491    0.000918   11.795705 ^ _1795_/B (sky130_fd_sc_hd__nor2_1)
     2    0.004390    0.075222    0.069844   11.865549 v _1795_/Y (sky130_fd_sc_hd__nor2_1)
                                                         _0801_ (net)
                      0.075222    0.000073   11.865622 v _1878_/C (sky130_fd_sc_hd__or4_1)
     3    0.008061    0.118115    0.519710   12.385331 v _1878_/X (sky130_fd_sc_hd__or4_1)
                                                         _0887_ (net)
                      0.118115    0.000159   12.385490 v _1881_/A (sky130_fd_sc_hd__and3_1)
     1    0.002322    0.034461    0.167687   12.553178 v _1881_/X (sky130_fd_sc_hd__and3_1)
                                                         _0890_ (net)
                      0.034461    0.000068   12.553246 v _1955_/A (sky130_fd_sc_hd__or2_1)
     2    0.007385    0.069131    0.244164   12.797410 v _1955_/X (sky130_fd_sc_hd__or2_1)
                                                         _0972_ (net)
                      0.069131    0.000246   12.797656 v _1957_/B (sky130_fd_sc_hd__xor2_1)
     2    0.005035    0.057530    0.155413   12.953069 v _1957_/X (sky130_fd_sc_hd__xor2_1)
                                                         _0974_ (net)
                      0.057530    0.000085   12.953154 v _2029_/A (sky130_fd_sc_hd__or2_1)
     3    0.010380    0.081861    0.267656   13.220810 v _2029_/X (sky130_fd_sc_hd__or2_1)
                                                         _1053_ (net)
                      0.081861    0.000217   13.221026 v _2030_/B1 (sky130_fd_sc_hd__o211a_1)
     2    0.005461    0.050429    0.149694   13.370720 v _2030_/X (sky130_fd_sc_hd__o211a_1)
                                                         _1054_ (net)
                      0.050429    0.000100   13.370820 v _2041_/A (sky130_fd_sc_hd__or3_2)
     4    0.014845    0.114434    0.531611   13.902431 v _2041_/X (sky130_fd_sc_hd__or3_2)
                                                         _1066_ (net)
                      0.114434    0.000332   13.902763 v _2111_/C1 (sky130_fd_sc_hd__o211a_1)
     4    0.014837    0.090298    0.186074   14.088838 v _2111_/X (sky130_fd_sc_hd__o211a_1)
                                                         _1143_ (net)
                      0.090301    0.000670   14.089508 v _2131_/A (sky130_fd_sc_hd__nor3_1)
     3    0.009155    0.308597    0.317900   14.407408 ^ _2131_/Y (sky130_fd_sc_hd__nor3_1)
                                                         _1165_ (net)
                      0.308597    0.000139   14.407548 ^ max_cap18/A (sky130_fd_sc_hd__clkbuf_1)
     2    0.008148    0.104603    0.169166   14.576714 ^ max_cap18/X (sky130_fd_sc_hd__clkbuf_1)
                                                         net18 (net)
                      0.104603    0.000327   14.577041 ^ _2185_/C1 (sky130_fd_sc_hd__a211oi_1)
     3    0.008307    0.085383    0.078598   14.655638 v _2185_/Y (sky130_fd_sc_hd__a211oi_1)
                                                         _1225_ (net)
                      0.085383    0.000246   14.655884 v _2240_/A1 (sky130_fd_sc_hd__o211a_1)
     2    0.006669    0.056103    0.252536   14.908420 v _2240_/X (sky130_fd_sc_hd__o211a_1)
                                                         _1285_ (net)
                      0.056103    0.000192   14.908611 v _2241_/B1 (sky130_fd_sc_hd__a211oi_1)
     2    0.006859    0.290792    0.294744   15.203356 ^ _2241_/Y (sky130_fd_sc_hd__a211oi_1)
                                                         _1286_ (net)
                      0.290792    0.000128   15.203484 ^ _2242_/A (sky130_fd_sc_hd__inv_2)
     3    0.010451    0.072936    0.085119   15.288603 v _2242_/Y (sky130_fd_sc_hd__inv_2)
                                                         _1287_ (net)
                      0.072936    0.000195   15.288798 v _2280_/B1 (sky130_fd_sc_hd__o211a_1)
     2    0.004466    0.046034    0.140840   15.429639 v _2280_/X (sky130_fd_sc_hd__o211a_1)
                                                         _1329_ (net)
                      0.046034    0.000080   15.429718 v _2366_/B1 (sky130_fd_sc_hd__a211o_1)
     3    0.008716    0.075671    0.297456   15.727175 v _2366_/X (sky130_fd_sc_hd__a211o_1)
                                                         _0063_ (net)
                      0.075671    0.000304   15.727478 v _2367_/C (sky130_fd_sc_hd__and3_1)
     2    0.004763    0.045157    0.197662   15.925140 v _2367_/X (sky130_fd_sc_hd__and3_1)
                                                         _0064_ (net)
                      0.045157    0.000089   15.925230 v _2369_/A3 (sky130_fd_sc_hd__o311a_1)
     4    0.014918    0.104492    0.348050   16.273279 v _2369_/X (sky130_fd_sc_hd__o311a_1)
                                                         _0066_ (net)
                      0.104492    0.000476   16.273756 v _2383_/A (sky130_fd_sc_hd__or2_2)
     6    0.022249    0.103235    0.379872   16.653627 v _2383_/X (sky130_fd_sc_hd__or2_2)
                                                         _0081_ (net)
                      0.103235    0.000263   16.653891 v _2474_/A (sky130_fd_sc_hd__nor2_1)
     2    0.004184    0.100273    0.135003   16.788895 ^ _2474_/Y (sky130_fd_sc_hd__nor2_1)
                                                         _0182_ (net)
                      0.100273    0.000066   16.788960 ^ _2476_/A_N (sky130_fd_sc_hd__nand2b_1)
     2    0.015949    0.172888    0.202540   16.991501 ^ _2476_/Y (sky130_fd_sc_hd__nand2b_1)
                                                         _0184_ (net)
                      0.172888    0.000252   16.991753 ^ _2493_/A1 (sky130_fd_sc_hd__o21bai_2)
     3    0.017727    0.099769    0.139934   17.131687 v _2493_/Y (sky130_fd_sc_hd__o21bai_2)
                                                         _0202_ (net)
                      0.099823    0.001021   17.132708 v _2536_/A (sky130_fd_sc_hd__xnor2_2)
     5    0.022196    0.313783    0.317819   17.450527 ^ _2536_/Y (sky130_fd_sc_hd__xnor2_2)
                                                         _0250_ (net)
                      0.313788    0.000998   17.451525 ^ _2552_/A (sky130_fd_sc_hd__xnor2_1)
     2    0.007703    0.100170    0.156607   17.608131 v _2552_/Y (sky130_fd_sc_hd__xnor2_1)
                                                         _0267_ (net)
                      0.100170    0.000176   17.608309 v _2580_/B (sky130_fd_sc_hd__xor2_1)
     2    0.007285    0.094159    0.177465   17.785774 v _2580_/X (sky130_fd_sc_hd__xor2_1)
                                                         _0298_ (net)
                      0.094159    0.000117   17.785891 v _2581_/A2 (sky130_fd_sc_hd__a21o_1)
     2    0.008486    0.057831    0.217767   18.003658 v _2581_/X (sky130_fd_sc_hd__a21o_1)
                                                         _0299_ (net)
                      0.057831    0.000295   18.003952 v _2582_/A2 (sky130_fd_sc_hd__a21o_1)
     2    0.011583    0.068873    0.215612   18.219564 v _2582_/X (sky130_fd_sc_hd__a21o_1)
                                                         _0300_ (net)
                      0.068878    0.000666   18.220232 v _2585_/A1 (sky130_fd_sc_hd__a21o_1)
     2    0.007457    0.053164    0.181545   18.401777 v _2585_/X (sky130_fd_sc_hd__a21o_1)
                                                         _0304_ (net)
                      0.053164    0.000211   18.401987 v _2588_/A1 (sky130_fd_sc_hd__a21o_1)
     2    0.007348    0.052682    0.174566   18.576553 v _2588_/X (sky130_fd_sc_hd__a21o_1)
                                                         _0307_ (net)
                      0.052682    0.000213   18.576767 v _2589_/B (sky130_fd_sc_hd__and2b_1)
     2    0.006616    0.049872    0.172205   18.748972 v _2589_/X (sky130_fd_sc_hd__and2b_1)
                                                         _0308_ (net)
                      0.049873    0.000234   18.749207 v _2590_/A2 (sky130_fd_sc_hd__o21a_1)
     5    0.018775    0.106212    0.234101   18.983309 v _2590_/X (sky130_fd_sc_hd__o21a_1)
                                                         _0309_ (net)
                      0.106214    0.000572   18.983879 v _2594_/A2 (sky130_fd_sc_hd__o311ai_4)
     4    0.012115    0.273048    0.323228   19.307108 ^ _2594_/Y (sky130_fd_sc_hd__o311ai_4)
                                                         _0314_ (net)
                      0.273048    0.000318   19.307426 ^ _2596_/A2 (sky130_fd_sc_hd__a31o_1)
     2    0.004943    0.064471    0.201844   19.509270 ^ _2596_/X (sky130_fd_sc_hd__a31o_1)
                                                         _0316_ (net)
                      0.064471    0.000155   19.509424 ^ _2598_/A2 (sky130_fd_sc_hd__a21o_1)
     2    0.008777    0.085033    0.145945   19.655369 ^ _2598_/X (sky130_fd_sc_hd__a21o_1)
                                                         _0318_ (net)
                      0.085033    0.000378   19.655748 ^ fanout14/A (sky130_fd_sc_hd__clkbuf_2)
    10    0.030264    0.168345    0.206114   19.861862 ^ fanout14/X (sky130_fd_sc_hd__clkbuf_2)
                                                         net14 (net)
                      0.168372    0.001760   19.863623 ^ _2615_/B1_N (sky130_fd_sc_hd__o21ba_1)
     3    0.007456    0.056623    0.191497   20.055119 v _2615_/X (sky130_fd_sc_hd__o21ba_1)
                                                         _0337_ (net)
                      0.056623    0.000206   20.055325 v _2619_/A2 (sky130_fd_sc_hd__a31o_1)
     3    0.008773    0.062642    0.234715   20.290041 v _2619_/X (sky130_fd_sc_hd__a31o_1)
                                                         _0341_ (net)
                      0.062642    0.000220   20.290260 v _2621_/A1 (sky130_fd_sc_hd__a21oi_1)
     3    0.008030    0.200826    0.198471   20.488731 ^ _2621_/Y (sky130_fd_sc_hd__a21oi_1)
                                                         _0343_ (net)
                      0.200826    0.000233   20.488964 ^ _2633_/B_N (sky130_fd_sc_hd__and4bb_2)
     6    0.022355    0.085575    0.321949   20.810913 v _2633_/X (sky130_fd_sc_hd__and4bb_2)
                                                         _0356_ (net)
                      0.085593    0.001215   20.812128 v _2640_/C (sky130_fd_sc_hd__and4_1)
     2    0.004559    0.045724    0.210285   21.022413 v _2640_/X (sky130_fd_sc_hd__and4_1)
                                                         _0364_ (net)
                      0.045724    0.000083   21.022497 v _2648_/A2 (sky130_fd_sc_hd__o31a_1)
     1    0.003476    0.050682    0.273939   21.296436 v _2648_/X (sky130_fd_sc_hd__o31a_1)
                                                         _0373_ (net)
                      0.050682    0.000091   21.296526 v _2659_/C1 (sky130_fd_sc_hd__a2111o_1)
     1    0.002554    0.056540    0.333765   21.630291 v _2659_/X (sky130_fd_sc_hd__a2111o_1)
                                                         _0385_ (net)
                      0.056540    0.000052   21.630342 v _2672_/A (sky130_fd_sc_hd__or4b_4)
     8    0.038863    0.141497    0.623860   22.254202 v _2672_/X (sky130_fd_sc_hd__or4b_4)
                                                         _0399_ (net)
                      0.141530    0.002089   22.256292 v _2689_/A1 (sky130_fd_sc_hd__o31a_2)
     1    0.016069    0.081829    0.419913   22.676205 v _2689_/X (sky130_fd_sc_hd__o31a_2)
                                                         _0416_ (net)
                      0.081834    0.000691   22.676895 v _2690_/B (sky130_fd_sc_hd__xor2_4)
     1    0.035102    0.284316    0.281085   22.957981 ^ _2690_/X (sky130_fd_sc_hd__xor2_4)
                                                         uo_out[2] (net)
                      0.284319    0.000746   22.958727 ^ uo_out[2] (out)
                                             22.958727   data arrival time

                                 50.000000   50.000000   clock clk (rise edge)
                                  0.000000   50.000000   clock network delay (propagated)
                                 -0.250000   49.749996   clock uncertainty
                                  0.000000   49.749996   clock reconvergence pessimism
                                -10.000000   39.749996   output external delay
                                             39.749996   data required time
---------------------------------------------------------------------------------------------
                                             39.749996   data required time
                                            -22.958727   data arrival time
---------------------------------------------------------------------------------------------
                                             16.791269   slack (MET)




===========================================================================
report_checks --slack_max -0.01
============================================================================
======================= nom_tt_025C_1v80 Corner ===================================

No paths found.


===========================================================================
 report_check_types -max_slew -max_cap -max_fanout -violators
============================================================================
======================= nom_tt_025C_1v80 Corner ===================================



===========================================================================
report_parasitic_annotation -report_unannotated
============================================================================
Found 22 unannotated drivers.
 ui_in[4]
 ui_in[5]
 ui_in[6]
 ui_in[7]
 uio_in[0]
 clkload0/X
 tt_um_connerdaehler_boop_49/HI
 tt_um_connerdaehler_boop_50/HI
 tt_um_connerdaehler_boop_51/HI
 tt_um_connerdaehler_boop_52/HI
 tt_um_connerdaehler_boop_53/HI
 tt_um_connerdaehler_boop_54/HI
 tt_um_connerdaehler_boop_55/HI
 tt_um_connerdaehler_boop_56/HI
 tt_um_connerdaehler_boop_57/HI
 tt_um_connerdaehler_boop_58/HI
 tt_um_connerdaehler_boop_59/HI
 tt_um_connerdaehler_boop_60/HI
 tt_um_connerdaehler_boop_61/HI
 tt_um_connerdaehler_boop_62/HI
 tt_um_connerdaehler_boop_63/HI
 tt_um_connerdaehler_boop_64/HI
Found 0 partially unannotated drivers.

===========================================================================
max slew violation count 0
Writing metric design__max_slew_violation__count__corner:nom_tt_025C_1v80: 0
max fanout violation count 0
Writing metric design__max_fanout_violation__count__corner:nom_tt_025C_1v80: 0
max cap violation count 0
Writing metric design__max_cap_violation__count__corner:nom_tt_025C_1v80: 0
============================================================================

===========================================================================
check_setup -verbose -unconstrained_endpoints -multiple_clock -no_clock -no_input_delay -loops -generated_clocks
===========================================================================
Warning: There are 16 unconstrained endpoints.
  uio_oe[0]
  uio_oe[1]
  uio_oe[2]
  uio_oe[3]
  uio_oe[4]
  uio_oe[5]
  uio_oe[6]
  uio_oe[7]
  uio_out[0]
  uio_out[1]
  uio_out[2]
  uio_out[3]
  uio_out[4]
  uio_out[5]
  uio_out[6]
  uio_out[7]
