
===========================================================================
report_checks -unconstrained
===========================================================================
======================= nom_tt_025C_1v80 Corner ===================================

Startpoint: rst_n (input port clocked by clk)
Endpoint: _2770_ (recovery check against rising-edge clock clk)
Path Group: asynchronous
Path Type: max

Fanout         Cap        Slew       Delay        Time   Description
---------------------------------------------------------------------------------------------
                                  0.000000    0.000000   clock clk (rise edge)
                                  0.000000    0.000000   clock network delay (propagated)
                                 10.000000   10.000000 ^ input external delay
     1    0.002727    0.019419    0.010063   10.010063 ^ rst_n (in)
                                                         rst_n (net)
                      0.019419    0.000000   10.010063 ^ input2/A (sky130_fd_sc_hd__buf_1)
     2    0.015207    0.183843    0.169420   10.179483 ^ input2/X (sky130_fd_sc_hd__buf_1)
                                                         net2 (net)
                      0.183844    0.000373   10.179856 ^ fanout47/A (sky130_fd_sc_hd__clkbuf_4)
    10    0.058407    0.179046    0.282754   10.462610 ^ fanout47/X (sky130_fd_sc_hd__clkbuf_4)
                                                         net47 (net)
                      0.179257    0.004101   10.466711 ^ _2770_/RESET_B (sky130_fd_sc_hd__dfrtp_4)
                                             10.466711   data arrival time

                                 50.000000   50.000000   clock clk (rise edge)
                                  0.000000   50.000000   clock source latency
     1    0.016666    0.080898    0.055543   50.055542 ^ clk (in)
                                                         clk (net)
                      0.080916    0.000000   50.055542 ^ clkbuf_0_clk/A (sky130_fd_sc_hd__clkbuf_16)
     2    0.018271    0.040397    0.136840   50.192383 ^ clkbuf_0_clk/X (sky130_fd_sc_hd__clkbuf_16)
                                                         clknet_0_clk (net)
                      0.040407    0.000448   50.192829 ^ clkbuf_1_1__f_clk/A (sky130_fd_sc_hd__clkbuf_16)
     9    0.025722    0.046964    0.128995   50.321823 ^ clkbuf_1_1__f_clk/X (sky130_fd_sc_hd__clkbuf_16)
                                                         clknet_1_1__leaf_clk (net)
                      0.046989    0.000952   50.322777 ^ _2770_/CLK (sky130_fd_sc_hd__dfrtp_4)
                                 -0.250000   50.072777   clock uncertainty
                                  0.000000   50.072777   clock reconvergence pessimism
                                  0.174369   50.247143   library recovery time
                                             50.247143   data required time
---------------------------------------------------------------------------------------------
                                             50.247143   data required time
                                            -10.466711   data arrival time
---------------------------------------------------------------------------------------------
                                             39.780434   slack (MET)


Startpoint: ui_in[0] (input port clocked by clk)
Endpoint: uo_out[1] (output port clocked by clk)
Path Group: clk
Path Type: max

Fanout         Cap        Slew       Delay        Time   Description
---------------------------------------------------------------------------------------------
                                  0.000000    0.000000   clock clk (rise edge)
                                  0.000000    0.000000   clock network delay (propagated)
                                 10.000000   10.000000 ^ input external delay
     1    0.002647    0.019076    0.009780   10.009780 ^ ui_in[0] (in)
                                                         ui_in[0] (net)
                      0.019076    0.000000   10.009780 ^ input3/A (sky130_fd_sc_hd__buf_1)
     3    0.016565    0.199270    0.179984   10.189764 ^ input3/X (sky130_fd_sc_hd__buf_1)
                                                         net3 (net)
                      0.199272    0.000449   10.190213 ^ fanout46/A (sky130_fd_sc_hd__buf_2)
    10    0.040918    0.201601    0.268956   10.459169 ^ fanout46/X (sky130_fd_sc_hd__buf_2)
                                                         net46 (net)
                      0.201602    0.000906   10.460075 ^ _1387_/B (sky130_fd_sc_hd__nand2b_1)
     1    0.003588    0.056994    0.086150   10.546226 v _1387_/Y (sky130_fd_sc_hd__nand2b_1)
                                                         _0970_ (net)
                      0.056994    0.000114   10.546339 v fanout44/A (sky130_fd_sc_hd__buf_2)
     6    0.044672    0.108792    0.201608   10.747947 v fanout44/X (sky130_fd_sc_hd__buf_2)
                                                         net44 (net)
                      0.108792    0.000473   10.748420 v fanout41/A (sky130_fd_sc_hd__buf_4)
    10    0.067355    0.093023    0.228206   10.976626 v fanout41/X (sky130_fd_sc_hd__buf_4)
                                                         net41 (net)
                      0.093029    0.001001   10.977627 v _1401_/A2 (sky130_fd_sc_hd__o31a_2)
     2    0.017964    0.086136    0.387936   11.365563 v _1401_/X (sky130_fd_sc_hd__o31a_2)
                                                         _1124_ (net)
                      0.086138    0.000494   11.366056 v _1411_/A (sky130_fd_sc_hd__xor2_2)
     5    0.025012    0.326598    0.328848   11.694905 ^ _1411_/X (sky130_fd_sc_hd__xor2_2)
                                                         _1234_ (net)
                      0.326600    0.000593   11.695498 ^ fanout24/A (sky130_fd_sc_hd__buf_2)
    10    0.043245    0.212949    0.306194   12.001693 ^ fanout24/X (sky130_fd_sc_hd__buf_2)
                                                         net24 (net)
                      0.212949    0.000896   12.002588 ^ _1795_/B (sky130_fd_sc_hd__nor2_1)
     2    0.004430    0.081385    0.075318   12.077907 v _1795_/Y (sky130_fd_sc_hd__nor2_1)
                                                         _0801_ (net)
                      0.081385    0.000085   12.077992 v _1878_/C (sky130_fd_sc_hd__or4_1)
     3    0.006720    0.108196    0.509297   12.587289 v _1878_/X (sky130_fd_sc_hd__or4_1)
                                                         _0887_ (net)
                      0.108196    0.000097   12.587386 v _1881_/A (sky130_fd_sc_hd__and3_1)
     1    0.001717    0.031907    0.159455   12.746840 v _1881_/X (sky130_fd_sc_hd__and3_1)
                                                         _0890_ (net)
                      0.031907    0.000048   12.746888 v _1955_/A (sky130_fd_sc_hd__or2_1)
     2    0.006888    0.066650    0.240415   12.987303 v _1955_/X (sky130_fd_sc_hd__or2_1)
                                                         _0972_ (net)
                      0.066650    0.000195   12.987498 v _1957_/B (sky130_fd_sc_hd__xor2_1)
     2    0.004673    0.055111    0.152706   13.140204 v _1957_/X (sky130_fd_sc_hd__xor2_1)
                                                         _0974_ (net)
                      0.055111    0.000080   13.140285 v _2029_/A (sky130_fd_sc_hd__or2_1)
     3    0.010365    0.081844    0.266660   13.406944 v _2029_/X (sky130_fd_sc_hd__or2_1)
                                                         _1053_ (net)
                      0.081844    0.000226   13.407170 v _2030_/B1 (sky130_fd_sc_hd__o211a_1)
     2    0.004725    0.047216    0.146172   13.553342 v _2030_/X (sky130_fd_sc_hd__o211a_1)
                                                         _1054_ (net)
                      0.047216    0.000097   13.553439 v _2041_/A (sky130_fd_sc_hd__or3_2)
     4    0.016207    0.117459    0.535495   14.088934 v _2041_/X (sky130_fd_sc_hd__or3_2)
                                                         _1066_ (net)
                      0.117516    0.000326   14.089260 v _2112_/A1 (sky130_fd_sc_hd__a211oi_2)
     2    0.014479    0.313625    0.327318   14.416577 ^ _2112_/Y (sky130_fd_sc_hd__a211oi_2)
                                                         _1144_ (net)
                      0.313625    0.000656   14.417234 ^ _2131_/B (sky130_fd_sc_hd__nor3_1)
     3    0.007987    0.095096    0.127463   14.544698 v _2131_/Y (sky130_fd_sc_hd__nor3_1)
                                                         _1165_ (net)
                      0.095096    0.000099   14.544796 v max_cap18/A (sky130_fd_sc_hd__clkbuf_1)
     2    0.008058    0.054008    0.134095   14.678891 v max_cap18/X (sky130_fd_sc_hd__clkbuf_1)
                                                         net18 (net)
                      0.054008    0.000281   14.679173 v _2186_/A1 (sky130_fd_sc_hd__o211a_1)
     2    0.005601    0.051052    0.235357   14.914529 v _2186_/X (sky130_fd_sc_hd__o211a_1)
                                                         _1226_ (net)
                      0.051052    0.000146   14.914675 v _2240_/A2 (sky130_fd_sc_hd__o211a_1)
     2    0.005955    0.052715    0.218547   15.133222 v _2240_/X (sky130_fd_sc_hd__o211a_1)
                                                         _1285_ (net)
                      0.052715    0.000172   15.133393 v _2241_/B1 (sky130_fd_sc_hd__a211oi_1)
     2    0.007053    0.296106    0.297689   15.431083 ^ _2241_/Y (sky130_fd_sc_hd__a211oi_1)
                                                         _1286_ (net)
                      0.296106    0.000181   15.431264 ^ _2242_/A (sky130_fd_sc_hd__inv_2)
     3    0.010431    0.073542    0.085343   15.516607 v _2242_/Y (sky130_fd_sc_hd__inv_2)
                                                         _1287_ (net)
                      0.073542    0.000188   15.516795 v _2280_/B1 (sky130_fd_sc_hd__o211a_1)
     2    0.004450    0.045958    0.141039   15.657835 v _2280_/X (sky130_fd_sc_hd__o211a_1)
                                                         _1329_ (net)
                      0.045958    0.000098   15.657932 v _2366_/B1 (sky130_fd_sc_hd__a211o_1)
     3    0.008811    0.075864    0.298028   15.955960 v _2366_/X (sky130_fd_sc_hd__a211o_1)
                                                         _0063_ (net)
                      0.075864    0.000297   15.956257 v _2367_/C (sky130_fd_sc_hd__and3_1)
     2    0.004607    0.044503    0.196980   16.153238 v _2367_/X (sky130_fd_sc_hd__and3_1)
                                                         _0064_ (net)
                      0.044503    0.000103   16.153341 v _2369_/A3 (sky130_fd_sc_hd__o311a_1)
     4    0.017171    0.114612    0.358080   16.511421 v _2369_/X (sky130_fd_sc_hd__o311a_1)
                                                         _0066_ (net)
                      0.114612    0.000361   16.511782 v _2383_/A (sky130_fd_sc_hd__or2_2)
     6    0.024790    0.109519    0.390560   16.902342 v _2383_/X (sky130_fd_sc_hd__or2_2)
                                                         _0081_ (net)
                      0.109519    0.000297   16.902637 v _2474_/A (sky130_fd_sc_hd__nor2_1)
     2    0.003404    0.088180    0.127717   17.030354 ^ _2474_/Y (sky130_fd_sc_hd__nor2_1)
                                                         _0182_ (net)
                      0.088180    0.000048   17.030403 ^ _2476_/A_N (sky130_fd_sc_hd__nand2b_1)
     2    0.015217    0.165607    0.193616   17.224018 ^ _2476_/Y (sky130_fd_sc_hd__nand2b_1)
                                                         _0184_ (net)
                      0.165607    0.000245   17.224264 ^ _2493_/A1 (sky130_fd_sc_hd__o21bai_2)
     3    0.020733    0.110490    0.148129   17.372393 v _2493_/Y (sky130_fd_sc_hd__o21bai_2)
                                                         _0202_ (net)
                      0.110502    0.001181   17.373573 v _2536_/A (sky130_fd_sc_hd__xnor2_2)
     5    0.024232    0.336841    0.338760   17.712334 ^ _2536_/Y (sky130_fd_sc_hd__xnor2_2)
                                                         _0250_ (net)
                      0.336847    0.001110   17.713444 ^ _2552_/A (sky130_fd_sc_hd__xnor2_1)
     2    0.007424    0.101332    0.158021   17.871466 v _2552_/Y (sky130_fd_sc_hd__xnor2_1)
                                                         _0267_ (net)
                      0.101332    0.000147   17.871613 v _2580_/B (sky130_fd_sc_hd__xor2_1)
     2    0.007405    0.093650    0.178394   18.050007 v _2580_/X (sky130_fd_sc_hd__xor2_1)
                                                         _0298_ (net)
                      0.093650    0.000114   18.050119 v _2581_/A2 (sky130_fd_sc_hd__a21o_1)
     2    0.007959    0.055494    0.215147   18.265266 v _2581_/X (sky130_fd_sc_hd__a21o_1)
                                                         _0299_ (net)
                      0.055494    0.000224   18.265491 v _2582_/A2 (sky130_fd_sc_hd__a21o_1)
     2    0.014303    0.079931    0.224532   18.490023 v _2582_/X (sky130_fd_sc_hd__a21o_1)
                                                         _0300_ (net)
                      0.079937    0.000725   18.490747 v _2585_/A1 (sky130_fd_sc_hd__a21o_1)
     2    0.007821    0.054843    0.187761   18.678509 v _2585_/X (sky130_fd_sc_hd__a21o_1)
                                                         _0304_ (net)
                      0.054843    0.000210   18.678719 v _2588_/A1 (sky130_fd_sc_hd__a21o_1)
     2    0.007360    0.052713    0.175341   18.854059 v _2588_/X (sky130_fd_sc_hd__a21o_1)
                                                         _0307_ (net)
                      0.052713    0.000163   18.854221 v _2589_/B (sky130_fd_sc_hd__and2b_1)
     2    0.008293    0.057393    0.179938   19.034161 v _2589_/X (sky130_fd_sc_hd__and2b_1)
                                                         _0308_ (net)
                      0.057394    0.000314   19.034473 v _2590_/A2 (sky130_fd_sc_hd__o21a_1)
     5    0.017440    0.100100    0.231783   19.266256 v _2590_/X (sky130_fd_sc_hd__o21a_1)
                                                         _0309_ (net)
                      0.100101    0.000485   19.266741 v _2594_/A2 (sky130_fd_sc_hd__o311ai_4)
     4    0.011404    0.266961    0.316131   19.582872 ^ _2594_/Y (sky130_fd_sc_hd__o311ai_4)
                                                         _0314_ (net)
                      0.266961    0.000181   19.583054 ^ _2596_/A2 (sky130_fd_sc_hd__a31o_1)
     2    0.005363    0.067942    0.203423   19.786476 ^ _2596_/X (sky130_fd_sc_hd__a31o_1)
                                                         _0316_ (net)
                      0.067942    0.000128   19.786606 ^ _2598_/A2 (sky130_fd_sc_hd__a21o_1)
     2    0.012284    0.113606    0.167779   19.954384 ^ _2598_/X (sky130_fd_sc_hd__a21o_1)
                                                         _0318_ (net)
                      0.113608    0.000627   19.955011 ^ fanout14/A (sky130_fd_sc_hd__clkbuf_2)
    10    0.030216    0.168080    0.216607   20.171618 ^ fanout14/X (sky130_fd_sc_hd__clkbuf_2)
                                                         net14 (net)
                      0.168160    0.001707   20.173325 ^ _2615_/B1_N (sky130_fd_sc_hd__o21ba_1)
     3    0.007412    0.056384    0.191273   20.364597 v _2615_/X (sky130_fd_sc_hd__o21ba_1)
                                                         _0337_ (net)
                      0.056384    0.000179   20.364777 v _2619_/A2 (sky130_fd_sc_hd__a31o_1)
     3    0.008658    0.062271    0.234023   20.598799 v _2619_/X (sky130_fd_sc_hd__a31o_1)
                                                         _0341_ (net)
                      0.062271    0.000208   20.599007 v _2621_/A1 (sky130_fd_sc_hd__a21oi_1)
     3    0.007860    0.197588    0.195968   20.794975 ^ _2621_/Y (sky130_fd_sc_hd__a21oi_1)
                                                         _0343_ (net)
                      0.197588    0.000181   20.795156 ^ _2633_/B_N (sky130_fd_sc_hd__and4bb_2)
     6    0.026420    0.095417    0.331045   21.126202 v _2633_/X (sky130_fd_sc_hd__and4bb_2)
                                                         _0356_ (net)
                      0.095444    0.001529   21.127731 v _2640_/C (sky130_fd_sc_hd__and4_1)
     2    0.004640    0.046040    0.215167   21.342897 v _2640_/X (sky130_fd_sc_hd__and4_1)
                                                         _0364_ (net)
                      0.046066    0.000124   21.343021 v _2648_/A2 (sky130_fd_sc_hd__o31a_1)
     1    0.003539    0.050926    0.274431   21.617453 v _2648_/X (sky130_fd_sc_hd__o31a_1)
                                                         _0373_ (net)
                      0.050926    0.000083   21.617537 v _2659_/C1 (sky130_fd_sc_hd__a2111o_1)
     1    0.002567    0.056634    0.333952   21.951488 v _2659_/X (sky130_fd_sc_hd__a2111o_1)
                                                         _0385_ (net)
                      0.056634    0.000073   21.951561 v _2672_/A (sky130_fd_sc_hd__or4b_4)
     8    0.040430    0.144518    0.627002   22.578564 v _2672_/X (sky130_fd_sc_hd__or4b_4)
                                                         _0399_ (net)
                      0.144576    0.002737   22.581301 v _2683_/A1 (sky130_fd_sc_hd__o31a_2)
     1    0.016826    0.083638    0.423045   23.004345 v _2683_/X (sky130_fd_sc_hd__o31a_2)
                                                         _0410_ (net)
                      0.083642    0.000636   23.004982 v _2684_/B (sky130_fd_sc_hd__xor2_4)
     1    0.034130    0.278246    0.277355   23.282337 ^ _2684_/X (sky130_fd_sc_hd__xor2_4)
                                                         uo_out[1] (net)
                      0.278311    0.000345   23.282681 ^ uo_out[1] (out)
                                             23.282681   data arrival time

                                 50.000000   50.000000   clock clk (rise edge)
                                  0.000000   50.000000   clock network delay (propagated)
                                 -0.250000   49.749996   clock uncertainty
                                  0.000000   49.749996   clock reconvergence pessimism
                                -10.000000   39.749996   output external delay
                                             39.749996   data required time
---------------------------------------------------------------------------------------------
                                             39.749996   data required time
                                            -23.282681   data arrival time
---------------------------------------------------------------------------------------------
                                             16.467316   slack (MET)




===========================================================================
report_checks --slack_max -0.01
============================================================================
======================= nom_tt_025C_1v80 Corner ===================================

No paths found.


===========================================================================
 report_check_types -max_slew -max_cap -max_fanout -violators
============================================================================
======================= nom_tt_025C_1v80 Corner ===================================



===========================================================================
report_parasitic_annotation -report_unannotated
============================================================================
Found 22 unannotated drivers.
 ui_in[4]
 ui_in[5]
 ui_in[6]
 ui_in[7]
 uio_in[0]
 clkload0/X
 tt_um_connerdaehler_boop_49/HI
 tt_um_connerdaehler_boop_50/HI
 tt_um_connerdaehler_boop_51/HI
 tt_um_connerdaehler_boop_52/HI
 tt_um_connerdaehler_boop_53/HI
 tt_um_connerdaehler_boop_54/HI
 tt_um_connerdaehler_boop_55/HI
 tt_um_connerdaehler_boop_56/HI
 tt_um_connerdaehler_boop_57/HI
 tt_um_connerdaehler_boop_58/HI
 tt_um_connerdaehler_boop_59/HI
 tt_um_connerdaehler_boop_60/HI
 tt_um_connerdaehler_boop_61/HI
 tt_um_connerdaehler_boop_62/HI
 tt_um_connerdaehler_boop_63/HI
 tt_um_connerdaehler_boop_64/HI
Found 0 partially unannotated drivers.

===========================================================================
max slew violation count 0
max fanout violation count 0
max cap violation count 0
============================================================================

===========================================================================
check_setup -verbose -unconstrained_endpoints -multiple_clock -no_clock -no_input_delay -loops -generated_clocks
===========================================================================
Warning: There are 16 unconstrained endpoints.
  uio_oe[0]
  uio_oe[1]
  uio_oe[2]
  uio_oe[3]
  uio_oe[4]
  uio_oe[5]
  uio_oe[6]
  uio_oe[7]
  uio_out[0]
  uio_out[1]
  uio_out[2]
  uio_out[3]
  uio_out[4]
  uio_out[5]
  uio_out[6]
  uio_out[7]
