Clock: clk
Sources: clk 
Generated: no
Virtual: yes
Propagated: no
Period: 50.000000

===========================================================================
report_clock_properties
============================================================================
Clock                   Period          Waveform
----------------------------------------------------
clk                  50.000000    0.000000 25.000000

===========================================================================
report_clock_latency
============================================================================
Clock clk
rise -> rise
    min     max
0.000000 0.000000 source latency
0.322244         network latency _2777_/CLK
        0.324416 network latency _2763_/CLK
---------------
0.322244 0.324416 latency
        0.002172 skew

fall -> fall
    min     max
0.000000 0.000000 source latency
0.311537         network latency _2777_/CLK
        0.313273 network latency _2763_/CLK
---------------
0.311537 0.313273 latency
        0.001736 skew



===========================================================================
report_clock_min_period
============================================================================
clk period_min = 3.26 fmax = 306.96
