┏━━━━━━━━━━━━━━━━━━━━━━┳━━━━━━━━━━┳━━━━━━━━━━┳━━━━━━━━━━┳━━━━━━━━━━┳━━━━━━━━━━━┳━━━━━━━━━━┳━━━━━━━━━━━┳━━━━━━━━━━┳━━━━━━━━━━━┳━━━━━━━━━━┳━━━━━━━━━━━┳━━━━━━━━━━┓
┃                      ┃ Hold     ┃ Reg to   ┃          ┃          ┃ of which  ┃ Setup    ┃           ┃          ┃           ┃ of which ┃           ┃          ┃
┃                      ┃ Worst    ┃ Reg      ┃          ┃ Hold Vio ┃ reg to    ┃ Worst    ┃ Reg to    ┃ Setup    ┃ Setup Vio ┃ reg to   ┃ Max Cap   ┃ Max Slew ┃
┃ Corner/Group         ┃ Slack    ┃ Paths    ┃ Hold TNS ┃ Count    ┃ reg       ┃ Slack    ┃ Reg Paths ┃ TNS      ┃ Count     ┃ reg      ┃ Violatio… ┃ Violati… ┃
┡━━━━━━━━━━━━━━━━━━━━━━╇━━━━━━━━━━╇━━━━━━━━━━╇━━━━━━━━━━╇━━━━━━━━━━╇━━━━━━━━━━━╇━━━━━━━━━━╇━━━━━━━━━━━╇━━━━━━━━━━╇━━━━━━━━━━━╇━━━━━━━━━━╇━━━━━━━━━━━╇━━━━━━━━━━┩
│ Overall              │ 0.1174   │ 0.1174   │ 0.0000   │ 0        │ 0         │ 3.3197   │ N/A       │ 0.0000   │ 0         │ 0        │ 0         │ 11       │
│ nom_tt_025C_1v80     │ 0.3390   │ 0.3390   │ 0.0000   │ 0        │ 0         │ 16.4673  │ N/A       │ 0.0000   │ 0         │ 0        │ 0         │ 0        │
│ nom_ss_100C_1v60     │ 0.9514   │ 0.9514   │ 0.0000   │ 0        │ 0         │ 3.6064   │ N/A       │ 0.0000   │ 0         │ 0        │ 0         │ 6        │
│ nom_ff_n40C_1v95     │ 0.1201   │ 0.1201   │ 0.0000   │ 0        │ 0         │ 21.4860  │ N/A       │ 0.0000   │ 0         │ 0        │ 0         │ 0        │
│ min_tt_025C_1v80     │ 0.3355   │ 0.3355   │ 0.0000   │ 0        │ 0         │ 16.6254  │ N/A       │ 0.0000   │ 0         │ 0        │ 0         │ 0        │
│ min_ss_100C_1v60     │ 0.9436   │ 0.9436   │ 0.0000   │ 0        │ 0         │ 3.8450   │ N/A       │ 0.0000   │ 0         │ 0        │ 0         │ 0        │
│ min_ff_n40C_1v95     │ 0.1174   │ 0.1174   │ 0.0000   │ 0        │ 0         │ 21.5931  │ N/A       │ 0.0000   │ 0         │ 0        │ 0         │ 0        │
│ max_tt_025C_1v80     │ 0.3429   │ 0.3429   │ 0.0000   │ 0        │ 0         │ 16.3020  │ N/A       │ 0.0000   │ 0         │ 0        │ 0         │ 0        │
│ max_ss_100C_1v60     │ 0.9609   │ 0.9609   │ 0.0000   │ 0        │ 0         │ 3.3197   │ N/A       │ 0.0000   │ 0         │ 0        │ 0         │ 11       │
│ max_ff_n40C_1v95     │ 0.1230   │ 0.1230   │ 0.0000   │ 0        │ 0         │ 21.3744  │ N/A       │ 0.0000   │ 0         │ 0        │ 0         │ 0        │
└──────────────────────┴──────────┴──────────┴──────────┴──────────┴───────────┴──────────┴───────────┴──────────┴───────────┴──────────┴───────────┴──────────┘
