                                                                       Cells by Function                                                                        
┏━━━━━━━━━━━━━━━━━━━━━━━━━━━━━━━━━━━━━━━━━━━━━━━━━━━━━━━━━━━━━━━━━━━━━━━━━━━━━━━━━━━━━━━━━━━━━━━━━━━━━━━━━━━━━━━━━━━━━━━━━━━━━━━━━┳━━━━━━━━━━━━━━━━━━━━━━━━━━━━┓
┃ Cell Function                                                                                                                   ┃ Count                      ┃
┡━━━━━━━━━━━━━━━━━━━━━━━━━━━━━━━━━━━━━━━━━━━━━━━━━━━━━━━━━━━━━━━━━━━━━━━━━━━━━━━━━━━━━━━━━━━━━━━━━━━━━━━━━━━━━━━━━━━━━━━━━━━━━━━━━╇━━━━━━━━━━━━━━━━━━━━━━━━━━━━┩
│ sky130_fd_sc_hd__a2111o                                                                                                         │ 1                          │
│ sky130_fd_sc_hd__a211o                                                                                                          │ 8                          │
│ sky130_fd_sc_hd__a211oi                                                                                                         │ 14                         │
│ sky130_fd_sc_hd__a21bo                                                                                                          │ 21                         │
│ sky130_fd_sc_hd__a21boi                                                                                                         │ 6                          │
│ sky130_fd_sc_hd__a21o                                                                                                           │ 56                         │
│ sky130_fd_sc_hd__a21oi                                                                                                          │ 64                         │
│ sky130_fd_sc_hd__a221o                                                                                                          │ 1                          │
│ sky130_fd_sc_hd__a22o                                                                                                           │ 6                          │
│ sky130_fd_sc_hd__a22oi                                                                                                          │ 1                          │
│ sky130_fd_sc_hd__a2bb2o                                                                                                         │ 4                          │
│ sky130_fd_sc_hd__a311oi                                                                                                         │ 1                          │
│ sky130_fd_sc_hd__a31o                                                                                                           │ 15                         │
│ sky130_fd_sc_hd__a31oi                                                                                                          │ 3                          │
│ sky130_fd_sc_hd__a32o                                                                                                           │ 2                          │
│ sky130_fd_sc_hd__and2                                                                                                           │ 70                         │
│ sky130_fd_sc_hd__and2b                                                                                                          │ 52                         │
│ sky130_fd_sc_hd__and3                                                                                                           │ 43                         │
│ sky130_fd_sc_hd__and3b                                                                                                          │ 5                          │
│ sky130_fd_sc_hd__and4                                                                                                           │ 1                          │
│ sky130_fd_sc_hd__and4b                                                                                                          │ 2                          │
│ sky130_fd_sc_hd__and4bb                                                                                                         │ 1                          │
│ sky130_fd_sc_hd__buf                                                                                                            │ 29                         │
│ sky130_fd_sc_hd__clkbuf                                                                                                         │ 20                         │
│ sky130_fd_sc_hd__conb                                                                                                           │ 16                         │
│ sky130_fd_sc_hd__decap                                                                                                          │ 3896                       │
│ sky130_fd_sc_hd__dfrtp                                                                                                          │ 16                         │
│ sky130_fd_sc_hd__dlygate4sd3                                                                                                    │ 1                          │
│ sky130_fd_sc_hd__dlymetal6s2s                                                                                                   │ 3                          │
│ sky130_fd_sc_hd__fill                                                                                                           │ 804                        │
│ sky130_fd_sc_hd__inv                                                                                                            │ 32                         │
│ sky130_fd_sc_hd__mux2                                                                                                           │ 12                         │
│ sky130_fd_sc_hd__nand2                                                                                                          │ 113                        │
│ sky130_fd_sc_hd__nand2b                                                                                                         │ 45                         │
│ sky130_fd_sc_hd__nand3                                                                                                          │ 13                         │
│ sky130_fd_sc_hd__nand3b                                                                                                         │ 1                          │
│ sky130_fd_sc_hd__nand4                                                                                                          │ 1                          │
│ sky130_fd_sc_hd__nor2                                                                                                           │ 151                        │
│ sky130_fd_sc_hd__nor3                                                                                                           │ 29                         │
│ sky130_fd_sc_hd__o2111a                                                                                                         │ 2                          │
│ sky130_fd_sc_hd__o211a                                                                                                          │ 22                         │
│ sky130_fd_sc_hd__o211ai                                                                                                         │ 3                          │
│ sky130_fd_sc_hd__o21a                                                                                                           │ 42                         │
│ sky130_fd_sc_hd__o21ai                                                                                                          │ 45                         │
│ sky130_fd_sc_hd__o21ba                                                                                                          │ 11                         │
│ sky130_fd_sc_hd__o21bai                                                                                                         │ 9                          │
│ sky130_fd_sc_hd__o221a                                                                                                          │ 1                          │
│ sky130_fd_sc_hd__o22a                                                                                                           │ 7                          │
│ sky130_fd_sc_hd__o2bb2a                                                                                                         │ 5                          │
│ sky130_fd_sc_hd__o2bb2ai                                                                                                        │ 1                          │
│ sky130_fd_sc_hd__o311a                                                                                                          │ 4                          │
│ sky130_fd_sc_hd__o311ai                                                                                                         │ 1                          │
│ sky130_fd_sc_hd__o31a                                                                                                           │ 10                         │
│ sky130_fd_sc_hd__o31ai                                                                                                          │ 3                          │
│ sky130_fd_sc_hd__o32a                                                                                                           │ 3                          │
│ sky130_fd_sc_hd__o32ai                                                                                                          │ 1                          │
│ sky130_fd_sc_hd__or2                                                                                                            │ 92                         │
│ sky130_fd_sc_hd__or3                                                                                                            │ 36                         │
│ sky130_fd_sc_hd__or3b                                                                                                           │ 9                          │
│ sky130_fd_sc_hd__or4                                                                                                            │ 4                          │
│ sky130_fd_sc_hd__or4b                                                                                                           │ 1                          │
│ sky130_fd_sc_hd__or4bb                                                                                                          │ 1                          │
│ sky130_fd_sc_hd__tapvpwrvgnd                                                                                                    │ 378                        │
│ sky130_fd_sc_hd__xnor2                                                                                                          │ 213                        │
│ sky130_fd_sc_hd__xor2                                                                                                           │ 85                         │
└─────────────────────────────────────────────────────────────────────────────────────────────────────────────────────────────────┴────────────────────────────┘
