
===========================================================================
 report_power
============================================================================
======================= max_tt_025C_1v80 Corner ===================================

Group                    Internal    Switching      Leakage        Total
                            Power        Power        Power        Power (Watts)
------------------------------------------------------------------------
Sequential           1.777468e-05 8.436101e-06 1.869299e-10 2.621097e-05   0.1%
Combinational        1.536029e-02 1.832951e-02 4.919493e-09 3.368980e-02  99.9%
Clock                1.208201e-05 4.758246e-06 1.266748e-08 1.685292e-05   0.0%
Macro                0.000000e+00 0.000000e+00 0.000000e+00 0.000000e+00   0.0%
Pad                  0.000000e+00 0.000000e+00 0.000000e+00 0.000000e+00   0.0%
------------------------------------------------------------------------
Total                1.539015e-02 1.834270e-02 1.777392e-08 3.373287e-02 100.0%
                            45.6%        54.4%         0.0%

