
===========================================================================
report_checks -unconstrained
===========================================================================
======================= nom_tt_025C_1v80 Corner ===================================

Startpoint: rst_n (input port clocked by clk)
Endpoint: _2762_ (recovery check against rising-edge clock clk)
Path Group: asynchronous
Path Type: max

Fanout         Cap        Slew       Delay        Time   Description
---------------------------------------------------------------------------------------------
                                  0.000000    0.000000   clock clk (rise edge)
                                  0.000000    0.000000   clock network delay (propagated)
                                 10.000000   10.000000 ^ input external delay
     1    0.002601    0.019550    0.009598   10.009598 ^ rst_n (in)
                                                         rst_n (net)
                      0.019550    0.000000   10.009598 ^ input2/A (sky130_fd_sc_hd__buf_1)
     2    0.010306    0.128095    0.131357   10.140955 ^ input2/X (sky130_fd_sc_hd__buf_1)
                                                         net2 (net)
                      0.128095    0.000017   10.140972 ^ fanout47/A (sky130_fd_sc_hd__clkbuf_4)
    10    0.047749    0.150189    0.243679   10.384651 ^ fanout47/X (sky130_fd_sc_hd__clkbuf_4)
                                                         net47 (net)
                      0.150190    0.000743   10.385394 ^ _2762_/RESET_B (sky130_fd_sc_hd__dfrtp_4)
                                             10.385394   data arrival time

                                 50.000000   50.000000   clock clk (rise edge)
                                  0.000000   50.000000   clock source latency
     1    0.012481    0.062318    0.042089   50.042088 ^ clk (in)
                                                         clk (net)
                      0.062320    0.000000   50.042088 ^ clkbuf_0_clk/A (sky130_fd_sc_hd__clkbuf_16)
     2    0.017119    0.039394    0.129056   50.171143 ^ clkbuf_0_clk/X (sky130_fd_sc_hd__clkbuf_16)
                                                         clknet_0_clk (net)
                      0.039394    0.000032   50.171177 ^ clkbuf_1_1__f_clk/A (sky130_fd_sc_hd__clkbuf_16)
     9    0.021798    0.043392    0.125148   50.296322 ^ clkbuf_1_1__f_clk/X (sky130_fd_sc_hd__clkbuf_16)
                                                         clknet_1_1__leaf_clk (net)
                      0.043392    0.000036   50.296360 ^ _2762_/CLK (sky130_fd_sc_hd__dfrtp_4)
                                 -0.250000   50.046356   clock uncertainty
                                  0.000000   50.046356   clock reconvergence pessimism
                                  0.182640   50.228996   library recovery time
                                             50.228996   data required time
---------------------------------------------------------------------------------------------
                                             50.228996   data required time
                                            -10.385394   data arrival time
---------------------------------------------------------------------------------------------
                                             39.843601   slack (MET)


Startpoint: ui_in[1] (input port clocked by clk)
Endpoint: uo_out[1] (output port clocked by clk)
Path Group: clk
Path Type: max

Fanout         Cap        Slew       Delay        Time   Description
---------------------------------------------------------------------------------------------
                                  0.000000    0.000000   clock clk (rise edge)
                                  0.000000    0.000000   clock network delay (propagated)
                                 10.000000   10.000000 v input external delay
     1    0.002425    0.007767    0.003780   10.003780 v ui_in[1] (in)
                                                         ui_in[1] (net)
                      0.007767    0.000000   10.003780 v input4/A (sky130_fd_sc_hd__buf_1)
     3    0.011872    0.074808    0.112474   10.116255 v input4/X (sky130_fd_sc_hd__buf_1)
                                                         net4 (net)
                      0.074808    0.000020   10.116274 v fanout45/A (sky130_fd_sc_hd__buf_2)
    10    0.026697    0.073122    0.179686   10.295960 v fanout45/X (sky130_fd_sc_hd__buf_2)
                                                         net45 (net)
                      0.073122    0.000080   10.296041 v _1387_/A_N (sky130_fd_sc_hd__nand2b_1)
     1    0.002385    0.044556    0.144946   10.440987 v _1387_/Y (sky130_fd_sc_hd__nand2b_1)
                                                         _0970_ (net)
                      0.044556    0.000010   10.440997 v fanout44/A (sky130_fd_sc_hd__buf_2)
     6    0.032241    0.085053    0.176332   10.617329 v fanout44/X (sky130_fd_sc_hd__buf_2)
                                                         net44 (net)
                      0.085053    0.000025   10.617353 v fanout41/A (sky130_fd_sc_hd__buf_4)
    10    0.053507    0.079084    0.207085   10.824438 v fanout41/X (sky130_fd_sc_hd__buf_4)
                                                         net41 (net)
                      0.079084    0.000094   10.824533 v _1401_/A2 (sky130_fd_sc_hd__o31a_2)
     2    0.017553    0.085144    0.381697   11.206230 v _1401_/X (sky130_fd_sc_hd__o31a_2)
                                                         _1124_ (net)
                      0.085144    0.000040   11.206270 v _1411_/A (sky130_fd_sc_hd__xor2_2)
     5    0.018139    0.252251    0.274171   11.480441 ^ _1411_/X (sky130_fd_sc_hd__xor2_2)
                                                         _1234_ (net)
                      0.252251    0.000073   11.480514 ^ fanout24/A (sky130_fd_sc_hd__buf_2)
    10    0.031459    0.157727    0.252819   11.733333 ^ fanout24/X (sky130_fd_sc_hd__buf_2)
                                                         net24 (net)
                      0.157727    0.000099   11.733433 ^ _1795_/B (sky130_fd_sc_hd__nor2_1)
     2    0.004000    0.073346    0.065070   11.798502 v _1795_/Y (sky130_fd_sc_hd__nor2_1)
                                                         _0801_ (net)
                      0.073346    0.000004   11.798507 v _1878_/C (sky130_fd_sc_hd__or4_1)
     3    0.005956    0.106706    0.499848   12.298355 v _1878_/X (sky130_fd_sc_hd__or4_1)
                                                         _0887_ (net)
                      0.106706    0.000005   12.298360 v _1881_/A (sky130_fd_sc_hd__and3_1)
     1    0.001641    0.032210    0.158328   12.456688 v _1881_/X (sky130_fd_sc_hd__and3_1)
                                                         _0890_ (net)
                      0.032210    0.000003   12.456690 v _1955_/A (sky130_fd_sc_hd__or2_1)
     2    0.006299    0.065848    0.237197   12.693887 v _1955_/X (sky130_fd_sc_hd__or2_1)
                                                         _0972_ (net)
                      0.065848    0.000022   12.693910 v _1957_/B (sky130_fd_sc_hd__xor2_1)
     2    0.004209    0.053815    0.150206   12.844115 v _1957_/X (sky130_fd_sc_hd__xor2_1)
                                                         _0974_ (net)
                      0.053815    0.000006   12.844122 v _2029_/A (sky130_fd_sc_hd__or2_1)
     3    0.009654    0.078985    0.263224   13.107346 v _2029_/X (sky130_fd_sc_hd__or2_1)
                                                         _1053_ (net)
                      0.078985    0.000031   13.107377 v _2030_/B1 (sky130_fd_sc_hd__o211a_1)
     2    0.004311    0.047105    0.142934   13.250311 v _2030_/X (sky130_fd_sc_hd__o211a_1)
                                                         _1054_ (net)
                      0.047105    0.000004   13.250315 v _2041_/A (sky130_fd_sc_hd__or3_2)
     4    0.014449    0.117177    0.529390   13.779705 v _2041_/X (sky130_fd_sc_hd__or3_2)
                                                         _1066_ (net)
                      0.117177    0.000027   13.779732 v _2111_/C1 (sky130_fd_sc_hd__o211a_1)
     4    0.013546    0.084600    0.182852   13.962584 v _2111_/X (sky130_fd_sc_hd__o211a_1)
                                                         _1143_ (net)
                      0.084600    0.000180   13.962764 v _2131_/A (sky130_fd_sc_hd__nor3_1)
     3    0.007954    0.286285    0.292180   14.254944 ^ _2131_/Y (sky130_fd_sc_hd__nor3_1)
                                                         _1165_ (net)
                      0.286285    0.000003   14.254946 ^ max_cap18/A (sky130_fd_sc_hd__clkbuf_1)
     2    0.006996    0.091889    0.158614   14.413560 ^ max_cap18/X (sky130_fd_sc_hd__clkbuf_1)
                                                         net18 (net)
                      0.091889    0.000072   14.413631 ^ _2185_/C1 (sky130_fd_sc_hd__a211oi_1)
     3    0.007631    0.083807    0.071726   14.485357 v _2185_/Y (sky130_fd_sc_hd__a211oi_1)
                                                         _1225_ (net)
                      0.083807    0.000023   14.485380 v _2240_/A1 (sky130_fd_sc_hd__o211a_1)
     2    0.005455    0.050373    0.245667   14.731048 v _2240_/X (sky130_fd_sc_hd__o211a_1)
                                                         _1285_ (net)
                      0.050373    0.000029   14.731077 v _2241_/B1 (sky130_fd_sc_hd__a211oi_1)
     2    0.006659    0.295735    0.288477   15.019554 ^ _2241_/Y (sky130_fd_sc_hd__a211oi_1)
                                                         _1286_ (net)
                      0.295735    0.000009   15.019563 ^ _2242_/A (sky130_fd_sc_hd__inv_2)
     3    0.009677    0.071815    0.081808   15.101371 v _2242_/Y (sky130_fd_sc_hd__inv_2)
                                                         _1287_ (net)
                      0.071815    0.000014   15.101385 v _2280_/B1 (sky130_fd_sc_hd__o211a_1)
     2    0.004178    0.046462    0.138986   15.240371 v _2280_/X (sky130_fd_sc_hd__o211a_1)
                                                         _1329_ (net)
                      0.046462    0.000005   15.240376 v _2366_/B1 (sky130_fd_sc_hd__a211o_1)
     3    0.007428    0.069742    0.289980   15.530356 v _2366_/X (sky130_fd_sc_hd__a211o_1)
                                                         _0063_ (net)
                      0.069742    0.000043   15.530398 v _2367_/C (sky130_fd_sc_hd__and3_1)
     2    0.004121    0.044013    0.191857   15.722256 v _2367_/X (sky130_fd_sc_hd__and3_1)
                                                         _0064_ (net)
                      0.044013    0.000004   15.722260 v _2369_/A3 (sky130_fd_sc_hd__o311a_1)
     4    0.012388    0.093269    0.336541   16.058802 v _2369_/X (sky130_fd_sc_hd__o311a_1)
                                                         _0066_ (net)
                      0.093269    0.000044   16.058846 v _2383_/A (sky130_fd_sc_hd__or2_2)
     6    0.019732    0.097182    0.368937   16.427782 v _2383_/X (sky130_fd_sc_hd__or2_2)
                                                         _0081_ (net)
                      0.097182    0.000014   16.427797 v _2474_/A (sky130_fd_sc_hd__nor2_1)
     2    0.003123    0.086356    0.119716   16.547512 ^ _2474_/Y (sky130_fd_sc_hd__nor2_1)
                                                         _0182_ (net)
                      0.086356    0.000002   16.547514 ^ _2476_/A_N (sky130_fd_sc_hd__nand2b_1)
     2    0.014891    0.165858    0.190996   16.738510 ^ _2476_/Y (sky130_fd_sc_hd__nand2b_1)
                                                         _0184_ (net)
                      0.165858    0.000023   16.738533 ^ _2493_/A1 (sky130_fd_sc_hd__o21bai_2)
     3    0.016882    0.096486    0.135865   16.874397 v _2493_/Y (sky130_fd_sc_hd__o21bai_2)
                                                         _0202_ (net)
                      0.096486    0.000357   16.874754 v _2536_/A (sky130_fd_sc_hd__xnor2_2)
     5    0.019643    0.284853    0.295701   17.170456 ^ _2536_/Y (sky130_fd_sc_hd__xnor2_2)
                                                         _0250_ (net)
                      0.284853    0.000254   17.170710 ^ _2552_/A (sky130_fd_sc_hd__xnor2_1)
     2    0.006989    0.095640    0.147695   17.318405 v _2552_/Y (sky130_fd_sc_hd__xnor2_1)
                                                         _0267_ (net)
                      0.095640    0.000016   17.318420 v _2580_/B (sky130_fd_sc_hd__xor2_1)
     2    0.007064    0.094682    0.174872   17.493292 v _2580_/X (sky130_fd_sc_hd__xor2_1)
                                                         _0298_ (net)
                      0.094682    0.000007   17.493299 v _2581_/A2 (sky130_fd_sc_hd__a21o_1)
     2    0.007654    0.053993    0.214257   17.707558 v _2581_/X (sky130_fd_sc_hd__a21o_1)
                                                         _0299_ (net)
                      0.053993    0.000034   17.707590 v _2582_/A2 (sky130_fd_sc_hd__a21o_1)
     2    0.010196    0.063251    0.209294   17.916885 v _2582_/X (sky130_fd_sc_hd__a21o_1)
                                                         _0300_ (net)
                      0.063251    0.000192   17.917076 v _2585_/A1 (sky130_fd_sc_hd__a21o_1)
     2    0.007245    0.053149    0.178408   18.095486 v _2585_/X (sky130_fd_sc_hd__a21o_1)
                                                         _0304_ (net)
                      0.053149    0.000023   18.095509 v _2588_/A1 (sky130_fd_sc_hd__a21o_1)
     2    0.006641    0.050642    0.171489   18.266996 v _2588_/X (sky130_fd_sc_hd__a21o_1)
                                                         _0307_ (net)
                      0.050642    0.000020   18.267017 v _2589_/B (sky130_fd_sc_hd__and2b_1)
     2    0.006232    0.048114    0.169653   18.436670 v _2589_/X (sky130_fd_sc_hd__and2b_1)
                                                         _0308_ (net)
                      0.048114    0.000059   18.436728 v _2590_/A2 (sky130_fd_sc_hd__o21a_1)
     5    0.016538    0.095858    0.224977   18.661705 v _2590_/X (sky130_fd_sc_hd__o21a_1)
                                                         _0309_ (net)
                      0.095858    0.000075   18.661779 v _2594_/A2 (sky130_fd_sc_hd__o311ai_4)
     4    0.010509    0.262478    0.308438   18.970219 ^ _2594_/Y (sky130_fd_sc_hd__o311ai_4)
                                                         _0314_ (net)
                      0.262478    0.000027   18.970245 ^ _2596_/A2 (sky130_fd_sc_hd__a31o_1)
     2    0.004440    0.062340    0.195916   19.166161 ^ _2596_/X (sky130_fd_sc_hd__a31o_1)
                                                         _0316_ (net)
                      0.062340    0.000009   19.166170 ^ _2598_/A2 (sky130_fd_sc_hd__a21o_1)
     2    0.008371    0.081827    0.142933   19.309103 ^ _2598_/X (sky130_fd_sc_hd__a21o_1)
                                                         _0318_ (net)
                      0.081827    0.000117   19.309219 ^ fanout14/A (sky130_fd_sc_hd__clkbuf_2)
    10    0.025043    0.140945    0.186819   19.496038 ^ fanout14/X (sky130_fd_sc_hd__clkbuf_2)
                                                         net14 (net)
                      0.140945    0.000442   19.496481 ^ _2615_/B1_N (sky130_fd_sc_hd__o21ba_1)
     3    0.006585    0.053611    0.182029   19.678511 v _2615_/X (sky130_fd_sc_hd__o21ba_1)
                                                         _0337_ (net)
                      0.053611    0.000016   19.678526 v _2619_/A2 (sky130_fd_sc_hd__a31o_1)
     3    0.007844    0.060633    0.228793   19.907318 v _2619_/X (sky130_fd_sc_hd__a31o_1)
                                                         _0341_ (net)
                      0.060633    0.000030   19.907349 v _2621_/A1 (sky130_fd_sc_hd__a21oi_1)
     3    0.006561    0.179410    0.177243   20.084593 ^ _2621_/Y (sky130_fd_sc_hd__a21oi_1)
                                                         _0343_ (net)
                      0.179410    0.000021   20.084614 ^ _2633_/B_N (sky130_fd_sc_hd__and4bb_2)
     6    0.019314    0.078228    0.311527   20.396141 v _2633_/X (sky130_fd_sc_hd__and4bb_2)
                                                         _0356_ (net)
                      0.078229    0.000375   20.396515 v _2640_/C (sky130_fd_sc_hd__and4_1)
     2    0.004346    0.046553    0.205890   20.602406 v _2640_/X (sky130_fd_sc_hd__and4_1)
                                                         _0364_ (net)
                      0.046553    0.000007   20.602413 v _2648_/A2 (sky130_fd_sc_hd__o31a_1)
     1    0.002879    0.048777    0.269779   20.872192 v _2648_/X (sky130_fd_sc_hd__o31a_1)
                                                         _0373_ (net)
                      0.048777    0.000007   20.872198 v _2659_/C1 (sky130_fd_sc_hd__a2111o_1)
     1    0.002440    0.057535    0.332122   21.204321 v _2659_/X (sky130_fd_sc_hd__a2111o_1)
                                                         _0385_ (net)
                      0.057535    0.000004   21.204325 v _2672_/A (sky130_fd_sc_hd__or4b_4)
     8    0.035462    0.135166    0.617401   21.821726 v _2672_/X (sky130_fd_sc_hd__or4b_4)
                                                         _0399_ (net)
                      0.135168    0.000782   21.822508 v _2683_/A1 (sky130_fd_sc_hd__o31a_2)
     1    0.015696    0.081202    0.416918   22.239426 v _2683_/X (sky130_fd_sc_hd__o31a_2)
                                                         _0410_ (net)
                      0.081202    0.000089   22.239513 v _2684_/B (sky130_fd_sc_hd__xor2_4)
     1    0.034140    0.278269    0.276694   22.516209 ^ _2684_/X (sky130_fd_sc_hd__xor2_4)
                                                         uo_out[1] (net)
                      0.278269    0.000108   22.516317 ^ uo_out[1] (out)
                                             22.516317   data arrival time

                                 50.000000   50.000000   clock clk (rise edge)
                                  0.000000   50.000000   clock network delay (propagated)
                                 -0.250000   49.749996   clock uncertainty
                                  0.000000   49.749996   clock reconvergence pessimism
                                -10.000000   39.749996   output external delay
                                             39.749996   data required time
---------------------------------------------------------------------------------------------
                                             39.749996   data required time
                                            -22.516317   data arrival time
---------------------------------------------------------------------------------------------
                                             17.233681   slack (MET)




===========================================================================
report_checks --slack_max -0.01
============================================================================
======================= nom_tt_025C_1v80 Corner ===================================

No paths found.


===========================================================================
 report_check_types -max_slew -max_cap -max_fanout -violators
============================================================================
======================= nom_tt_025C_1v80 Corner ===================================



===========================================================================
report_parasitic_annotation -report_unannotated
============================================================================
Found 22 unannotated drivers.
 ui_in[4]
 ui_in[5]
 ui_in[6]
 ui_in[7]
 uio_in[0]
 clkload0/X
 tt_um_connerdaehler_boop_49/HI
 tt_um_connerdaehler_boop_50/HI
 tt_um_connerdaehler_boop_51/HI
 tt_um_connerdaehler_boop_52/HI
 tt_um_connerdaehler_boop_53/HI
 tt_um_connerdaehler_boop_54/HI
 tt_um_connerdaehler_boop_55/HI
 tt_um_connerdaehler_boop_56/HI
 tt_um_connerdaehler_boop_57/HI
 tt_um_connerdaehler_boop_58/HI
 tt_um_connerdaehler_boop_59/HI
 tt_um_connerdaehler_boop_60/HI
 tt_um_connerdaehler_boop_61/HI
 tt_um_connerdaehler_boop_62/HI
 tt_um_connerdaehler_boop_63/HI
 tt_um_connerdaehler_boop_64/HI
Found 0 partially unannotated drivers.

===========================================================================
max slew violation count 0
Writing metric design__max_slew_violation__count__corner:nom_tt_025C_1v80: 0
max fanout violation count 0
Writing metric design__max_fanout_violation__count__corner:nom_tt_025C_1v80: 0
max cap violation count 0
Writing metric design__max_cap_violation__count__corner:nom_tt_025C_1v80: 0
============================================================================

===========================================================================
check_setup -verbose -unconstrained_endpoints -multiple_clock -no_clock -no_input_delay -loops -generated_clocks
===========================================================================
Warning: There are 16 unconstrained endpoints.
  uio_oe[0]
  uio_oe[1]
  uio_oe[2]
  uio_oe[3]
  uio_oe[4]
  uio_oe[5]
  uio_oe[6]
  uio_oe[7]
  uio_out[0]
  uio_out[1]
  uio_out[2]
  uio_out[3]
  uio_out[4]
  uio_out[5]
  uio_out[6]
  uio_out[7]
