
===========================================================================
report_checks -unconstrained
===========================================================================
======================= min_tt_025C_1v80 Corner ===================================

Startpoint: rst_n (input port clocked by clk)
Endpoint: _2770_ (recovery check against rising-edge clock clk)
Path Group: asynchronous
Path Type: max

Fanout         Cap        Slew       Delay        Time   Description
---------------------------------------------------------------------------------------------
                                  0.000000    0.000000   clock clk (rise edge)
                                  0.000000    0.000000   clock network delay (propagated)
                                 10.000000   10.000000 ^ input external delay
     1    0.002685    0.019241    0.009896   10.009896 ^ rst_n (in)
                                                         rst_n (net)
                      0.019241    0.000000   10.009896 ^ input2/A (sky130_fd_sc_hd__buf_1)
     2    0.014121    0.171456    0.161038   10.170935 ^ input2/X (sky130_fd_sc_hd__buf_1)
                                                         net2 (net)
                      0.171456    0.000144   10.171079 ^ fanout47/A (sky130_fd_sc_hd__clkbuf_4)
    10    0.056107    0.173011    0.274605   10.445683 ^ fanout47/X (sky130_fd_sc_hd__clkbuf_4)
                                                         net47 (net)
                      0.173055    0.002678   10.448361 ^ _2770_/RESET_B (sky130_fd_sc_hd__dfrtp_4)
                                             10.448361   data arrival time

                                 50.000000   50.000000   clock clk (rise edge)
                                  0.000000   50.000000   clock source latency
     1    0.015846    0.077218    0.052797   50.052795 ^ clk (in)
                                                         clk (net)
                      0.077226    0.000000   50.052795 ^ clkbuf_0_clk/A (sky130_fd_sc_hd__clkbuf_16)
     2    0.018006    0.040166    0.135341   50.188137 ^ clkbuf_0_clk/X (sky130_fd_sc_hd__clkbuf_16)
                                                         clknet_0_clk (net)
                      0.040176    0.000146   50.188282 ^ clkbuf_1_1__f_clk/A (sky130_fd_sc_hd__clkbuf_16)
     9    0.024877    0.046158    0.128288   50.316570 ^ clkbuf_1_1__f_clk/X (sky130_fd_sc_hd__clkbuf_16)
                                                         clknet_1_1__leaf_clk (net)
                      0.046164    0.000512   50.317081 ^ _2770_/CLK (sky130_fd_sc_hd__dfrtp_4)
                                 -0.250000   50.067081   clock uncertainty
                                  0.000000   50.067081   clock reconvergence pessimism
                                  0.176115   50.243195   library recovery time
                                             50.243195   data required time
---------------------------------------------------------------------------------------------
                                             50.243195   data required time
                                            -10.448361   data arrival time
---------------------------------------------------------------------------------------------
                                             39.794834   slack (MET)


Startpoint: ui_in[0] (input port clocked by clk)
Endpoint: uo_out[1] (output port clocked by clk)
Path Group: clk
Path Type: max

Fanout         Cap        Slew       Delay        Time   Description
---------------------------------------------------------------------------------------------
                                  0.000000    0.000000   clock clk (rise edge)
                                  0.000000    0.000000   clock network delay (propagated)
                                 10.000000   10.000000 ^ input external delay
     1    0.002618    0.018955    0.009659   10.009659 ^ ui_in[0] (in)
                                                         ui_in[0] (net)
                      0.018955    0.000000   10.009659 ^ input3/A (sky130_fd_sc_hd__buf_1)
     3    0.015239    0.184159    0.169709   10.179368 ^ input3/X (sky130_fd_sc_hd__buf_1)
                                                         net3 (net)
                      0.184160    0.000194   10.179562 ^ fanout46/A (sky130_fd_sc_hd__buf_2)
    10    0.038850    0.191717    0.258478   10.438039 ^ fanout46/X (sky130_fd_sc_hd__buf_2)
                                                         net46 (net)
                      0.191717    0.000388   10.438427 ^ _1387_/B (sky130_fd_sc_hd__nand2b_1)
     1    0.003361    0.054480    0.083056   10.521483 v _1387_/Y (sky130_fd_sc_hd__nand2b_1)
                                                         _0970_ (net)
                      0.054480    0.000045   10.521529 v fanout44/A (sky130_fd_sc_hd__buf_2)
     6    0.041547    0.102108    0.196001   10.717529 v fanout44/X (sky130_fd_sc_hd__buf_2)
                                                         net44 (net)
                      0.102108    0.000088   10.717617 v fanout41/A (sky130_fd_sc_hd__buf_4)
    10    0.064806    0.089750    0.223948   10.941566 v fanout41/X (sky130_fd_sc_hd__buf_4)
                                                         net41 (net)
                      0.089750    0.000384   10.941949 v _1401_/A2 (sky130_fd_sc_hd__o31a_2)
     2    0.017865    0.085830    0.386572   11.328521 v _1401_/X (sky130_fd_sc_hd__o31a_2)
                                                         _1124_ (net)
                      0.085830    0.000185   11.328706 v _1411_/A (sky130_fd_sc_hd__xor2_2)
     5    0.023918    0.314641    0.320361   11.649066 ^ _1411_/X (sky130_fd_sc_hd__xor2_2)
                                                         _1234_ (net)
                      0.314641    0.000232   11.649298 ^ fanout24/A (sky130_fd_sc_hd__buf_2)
    10    0.041251    0.203405    0.298107   11.947405 ^ fanout24/X (sky130_fd_sc_hd__buf_2)
                                                         net24 (net)
                      0.203405    0.000419   11.947824 ^ _1795_/B (sky130_fd_sc_hd__nor2_1)
     2    0.004340    0.079376    0.073397   12.021222 v _1795_/Y (sky130_fd_sc_hd__nor2_1)
                                                         _0801_ (net)
                      0.079376    0.000028   12.021249 v _1878_/C (sky130_fd_sc_hd__or4_1)
     3    0.006569    0.110857    0.507346   12.528595 v _1878_/X (sky130_fd_sc_hd__or4_1)
                                                         _0887_ (net)
                      0.110857    0.000028   12.528624 v _1881_/A (sky130_fd_sc_hd__and3_1)
     1    0.001685    0.031772    0.160448   12.689072 v _1881_/X (sky130_fd_sc_hd__and3_1)
                                                         _0890_ (net)
                      0.031772    0.000014   12.689086 v _1955_/A (sky130_fd_sc_hd__or2_1)
     2    0.006742    0.065889    0.239583   12.928668 v _1955_/X (sky130_fd_sc_hd__or2_1)
                                                         _0972_ (net)
                      0.065889    0.000075   12.928743 v _1957_/B (sky130_fd_sc_hd__xor2_1)
     2    0.004577    0.054444    0.151973   13.080716 v _1957_/X (sky130_fd_sc_hd__xor2_1)
                                                         _0974_ (net)
                      0.054444    0.000027   13.080743 v _2029_/A (sky130_fd_sc_hd__or2_1)
     3    0.010201    0.081162    0.265781   13.346524 v _2029_/X (sky130_fd_sc_hd__or2_1)
                                                         _1053_ (net)
                      0.081162    0.000087   13.346611 v _2030_/B1 (sky130_fd_sc_hd__o211a_1)
     2    0.004644    0.046847    0.145508   13.492120 v _2030_/X (sky130_fd_sc_hd__o211a_1)
                                                         _1054_ (net)
                      0.046847    0.000028   13.492148 v _2041_/A (sky130_fd_sc_hd__or3_2)
     4    0.015837    0.116577    0.534166   14.026314 v _2041_/X (sky130_fd_sc_hd__or3_2)
                                                         _1066_ (net)
                      0.116577    0.000116   14.026430 v _2112_/A1 (sky130_fd_sc_hd__a211oi_2)
     2    0.013418    0.297720    0.314765   14.341195 ^ _2112_/Y (sky130_fd_sc_hd__a211oi_2)
                                                         _1144_ (net)
                      0.297720    0.000449   14.341644 ^ _2131_/B (sky130_fd_sc_hd__nor3_1)
     3    0.007822    0.091915    0.124749   14.466393 v _2131_/Y (sky130_fd_sc_hd__nor3_1)
                                                         _1165_ (net)
                      0.091915    0.000020   14.466414 v max_cap18/A (sky130_fd_sc_hd__clkbuf_1)
     2    0.007701    0.052337    0.131100   14.597515 v max_cap18/X (sky130_fd_sc_hd__clkbuf_1)
                                                         net18 (net)
                      0.052337    0.000152   14.597667 v _2186_/A1 (sky130_fd_sc_hd__o211a_1)
     2    0.005485    0.050500    0.234150   14.831817 v _2186_/X (sky130_fd_sc_hd__o211a_1)
                                                         _1226_ (net)
                      0.050500    0.000054   14.831871 v _2240_/A2 (sky130_fd_sc_hd__o211a_1)
     2    0.005804    0.051983    0.217607   15.049479 v _2240_/X (sky130_fd_sc_hd__o211a_1)
                                                         _1285_ (net)
                      0.051983    0.000075   15.049553 v _2241_/B1 (sky130_fd_sc_hd__a211oi_1)
     2    0.006963    0.304384    0.295563   15.345116 ^ _2241_/Y (sky130_fd_sc_hd__a211oi_1)
                                                         _1286_ (net)
                      0.304384    0.000057   15.345173 ^ _2242_/A (sky130_fd_sc_hd__inv_2)
     3    0.010274    0.073930    0.085162   15.430335 v _2242_/Y (sky130_fd_sc_hd__inv_2)
                                                         _1287_ (net)
                      0.073930    0.000062   15.430397 v _2280_/B1 (sky130_fd_sc_hd__o211a_1)
     2    0.004378    0.045657    0.140906   15.571303 v _2280_/X (sky130_fd_sc_hd__o211a_1)
                                                         _1329_ (net)
                      0.045657    0.000030   15.571333 v _2366_/B1 (sky130_fd_sc_hd__a211o_1)
     3    0.008515    0.075200    0.296223   15.867557 v _2366_/X (sky130_fd_sc_hd__a211o_1)
                                                         _0063_ (net)
                      0.075200    0.000142   15.867699 v _2367_/C (sky130_fd_sc_hd__and3_1)
     2    0.004511    0.044101    0.196236   16.063934 v _2367_/X (sky130_fd_sc_hd__and3_1)
                                                         _0064_ (net)
                      0.044101    0.000030   16.063965 v _2369_/A3 (sky130_fd_sc_hd__o311a_1)
     4    0.016206    0.110120    0.353790   16.417755 v _2369_/X (sky130_fd_sc_hd__o311a_1)
                                                         _0066_ (net)
                      0.110120    0.000139   16.417892 v _2383_/A (sky130_fd_sc_hd__or2_2)
     6    0.023915    0.107199    0.386695   16.804588 v _2383_/X (sky130_fd_sc_hd__or2_2)
                                                         _0081_ (net)
                      0.107199    0.000078   16.804667 v _2474_/A (sky130_fd_sc_hd__nor2_1)
     2    0.003351    0.090245    0.126221   16.930887 ^ _2474_/Y (sky130_fd_sc_hd__nor2_1)
                                                         _0182_ (net)
                      0.090245    0.000011   16.930899 ^ _2476_/A_N (sky130_fd_sc_hd__nand2b_1)
     2    0.015121    0.164629    0.193745   17.124643 ^ _2476_/Y (sky130_fd_sc_hd__nand2b_1)
                                                         _0184_ (net)
                      0.164629    0.000083   17.124727 ^ _2493_/A1 (sky130_fd_sc_hd__o21bai_2)
     3    0.019961    0.107902    0.145574   17.270302 v _2493_/Y (sky130_fd_sc_hd__o21bai_2)
                                                         _0202_ (net)
                      0.107905    0.000732   17.271032 v _2536_/A (sky130_fd_sc_hd__xnor2_2)
     5    0.023348    0.326778    0.330639   17.601671 ^ _2536_/Y (sky130_fd_sc_hd__xnor2_2)
                                                         _0250_ (net)
                      0.326780    0.000666   17.602339 ^ _2552_/A (sky130_fd_sc_hd__xnor2_1)
     2    0.007328    0.099483    0.155937   17.758276 v _2552_/Y (sky130_fd_sc_hd__xnor2_1)
                                                         _0267_ (net)
                      0.099483    0.000050   17.758326 v _2580_/B (sky130_fd_sc_hd__xor2_1)
     2    0.007334    0.094469    0.177426   17.935751 v _2580_/X (sky130_fd_sc_hd__xor2_1)
                                                         _0298_ (net)
                      0.094469    0.000034   17.935785 v _2581_/A2 (sky130_fd_sc_hd__a21o_1)
     2    0.007852    0.054938    0.215058   18.150843 v _2581_/X (sky130_fd_sc_hd__a21o_1)
                                                         _0299_ (net)
                      0.054938    0.000099   18.150942 v _2582_/A2 (sky130_fd_sc_hd__a21o_1)
     2    0.013571    0.076864    0.221810   18.372753 v _2582_/X (sky130_fd_sc_hd__a21o_1)
                                                         _0300_ (net)
                      0.076866    0.000460   18.373213 v _2585_/A1 (sky130_fd_sc_hd__a21o_1)
     2    0.007701    0.054223    0.186040   18.559252 v _2585_/X (sky130_fd_sc_hd__a21o_1)
                                                         _0304_ (net)
                      0.054223    0.000082   18.559334 v _2588_/A1 (sky130_fd_sc_hd__a21o_1)
     2    0.007199    0.051931    0.174431   18.733765 v _2588_/X (sky130_fd_sc_hd__a21o_1)
                                                         _0307_ (net)
                      0.051931    0.000062   18.733828 v _2589_/B (sky130_fd_sc_hd__and2b_1)
     2    0.007908    0.055736    0.177902   18.911730 v _2589_/X (sky130_fd_sc_hd__and2b_1)
                                                         _0308_ (net)
                      0.055736    0.000172   18.911901 v _2590_/A2 (sky130_fd_sc_hd__o21a_1)
     5    0.017242    0.099101    0.230504   19.142406 v _2590_/X (sky130_fd_sc_hd__o21a_1)
                                                         _0309_ (net)
                      0.099101    0.000208   19.142612 v _2594_/A2 (sky130_fd_sc_hd__o311ai_4)
     4    0.011135    0.264655    0.313930   19.456543 ^ _2594_/Y (sky130_fd_sc_hd__o311ai_4)
                                                         _0314_ (net)
                      0.264655    0.000066   19.456610 ^ _2596_/A2 (sky130_fd_sc_hd__a31o_1)
     2    0.005206    0.066583    0.201824   19.658434 ^ _2596_/X (sky130_fd_sc_hd__a31o_1)
                                                         _0316_ (net)
                      0.066583    0.000046   19.658480 ^ _2598_/A2 (sky130_fd_sc_hd__a21o_1)
     2    0.011462    0.106786    0.162636   19.821115 ^ _2598_/X (sky130_fd_sc_hd__a21o_1)
                                                         _0318_ (net)
                      0.106786    0.000382   19.821497 ^ fanout14/A (sky130_fd_sc_hd__clkbuf_2)
    10    0.029222    0.162812    0.210854   20.032351 ^ fanout14/X (sky130_fd_sc_hd__clkbuf_2)
                                                         net14 (net)
                      0.162816    0.001055   20.033407 ^ _2615_/B1_N (sky130_fd_sc_hd__o21ba_1)
     3    0.007247    0.055535    0.189493   20.222900 v _2615_/X (sky130_fd_sc_hd__o21ba_1)
                                                         _0337_ (net)
                      0.055535    0.000071   20.222971 v _2619_/A2 (sky130_fd_sc_hd__a31o_1)
     3    0.008484    0.061712    0.232847   20.455816 v _2619_/X (sky130_fd_sc_hd__a31o_1)
                                                         _0341_ (net)
                      0.061712    0.000091   20.455908 v _2621_/A1 (sky130_fd_sc_hd__a21oi_1)
     3    0.007599    0.199412    0.192209   20.648117 ^ _2621_/Y (sky130_fd_sc_hd__a21oi_1)
                                                         _0343_ (net)
                      0.199412    0.000073   20.648190 ^ _2633_/B_N (sky130_fd_sc_hd__and4bb_2)
     6    0.025250    0.092336    0.328901   20.977091 v _2633_/X (sky130_fd_sc_hd__and4bb_2)
                                                         _0356_ (net)
                      0.092345    0.000954   20.978045 v _2640_/C (sky130_fd_sc_hd__and4_1)
     2    0.004558    0.045725    0.213380   21.191423 v _2640_/X (sky130_fd_sc_hd__and4_1)
                                                         _0364_ (net)
                      0.045725    0.000043   21.191467 v _2648_/A2 (sky130_fd_sc_hd__o31a_1)
     1    0.003389    0.050264    0.273442   21.464909 v _2648_/X (sky130_fd_sc_hd__o31a_1)
                                                         _0373_ (net)
                      0.050264    0.000028   21.464937 v _2659_/C1 (sky130_fd_sc_hd__a2111o_1)
     1    0.002533    0.056413    0.333452   21.798389 v _2659_/X (sky130_fd_sc_hd__a2111o_1)
                                                         _0385_ (net)
                      0.056413    0.000021   21.798410 v _2672_/A (sky130_fd_sc_hd__or4b_4)
     8    0.039438    0.142301    0.625345   22.423756 v _2672_/X (sky130_fd_sc_hd__or4b_4)
                                                         _0399_ (net)
                      0.142319    0.001675   22.425430 v _2683_/A1 (sky130_fd_sc_hd__o31a_2)
     1    0.016556    0.083030    0.421691   22.847122 v _2683_/X (sky130_fd_sc_hd__o31a_2)
                                                         _0410_ (net)
                      0.083030    0.000277   22.847399 v _2684_/B (sky130_fd_sc_hd__xor2_4)
     1    0.034088    0.277973    0.277046   23.124445 ^ _2684_/X (sky130_fd_sc_hd__xor2_4)
                                                         uo_out[1] (net)
                      0.277973    0.000149   23.124594 ^ uo_out[1] (out)
                                             23.124594   data arrival time

                                 50.000000   50.000000   clock clk (rise edge)
                                  0.000000   50.000000   clock network delay (propagated)
                                 -0.250000   49.749996   clock uncertainty
                                  0.000000   49.749996   clock reconvergence pessimism
                                -10.000000   39.749996   output external delay
                                             39.749996   data required time
---------------------------------------------------------------------------------------------
                                             39.749996   data required time
                                            -23.124594   data arrival time
---------------------------------------------------------------------------------------------
                                             16.625402   slack (MET)




===========================================================================
report_checks --slack_max -0.01
============================================================================
======================= min_tt_025C_1v80 Corner ===================================

No paths found.


===========================================================================
 report_check_types -max_slew -max_cap -max_fanout -violators
============================================================================
======================= min_tt_025C_1v80 Corner ===================================



===========================================================================
report_parasitic_annotation -report_unannotated
============================================================================
Found 22 unannotated drivers.
 ui_in[4]
 ui_in[5]
 ui_in[6]
 ui_in[7]
 uio_in[0]
 clkload0/X
 tt_um_connerdaehler_boop_49/HI
 tt_um_connerdaehler_boop_50/HI
 tt_um_connerdaehler_boop_51/HI
 tt_um_connerdaehler_boop_52/HI
 tt_um_connerdaehler_boop_53/HI
 tt_um_connerdaehler_boop_54/HI
 tt_um_connerdaehler_boop_55/HI
 tt_um_connerdaehler_boop_56/HI
 tt_um_connerdaehler_boop_57/HI
 tt_um_connerdaehler_boop_58/HI
 tt_um_connerdaehler_boop_59/HI
 tt_um_connerdaehler_boop_60/HI
 tt_um_connerdaehler_boop_61/HI
 tt_um_connerdaehler_boop_62/HI
 tt_um_connerdaehler_boop_63/HI
 tt_um_connerdaehler_boop_64/HI
Found 0 partially unannotated drivers.

===========================================================================
max slew violation count 0
max fanout violation count 0
max cap violation count 0
============================================================================

===========================================================================
check_setup -verbose -unconstrained_endpoints -multiple_clock -no_clock -no_input_delay -loops -generated_clocks
===========================================================================
Warning: There are 16 unconstrained endpoints.
  uio_oe[0]
  uio_oe[1]
  uio_oe[2]
  uio_oe[3]
  uio_oe[4]
  uio_oe[5]
  uio_oe[6]
  uio_oe[7]
  uio_out[0]
  uio_out[1]
  uio_out[2]
  uio_out[3]
  uio_out[4]
  uio_out[5]
  uio_out[6]
  uio_out[7]
