
===========================================================================
 report_power
============================================================================
======================= min_tt_025C_1v80 Corner ===================================

Group                    Internal    Switching      Leakage        Total
                            Power        Power        Power        Power (Watts)
------------------------------------------------------------------------
Sequential           1.777323e-05 7.793607e-06 1.869299e-10 2.556702e-05   0.1%
Combinational        1.535516e-02 1.745376e-02 4.919493e-09 3.280892e-02  99.9%
Clock                1.206174e-05 4.495542e-06 1.266748e-08 1.656994e-05   0.1%
Macro                0.000000e+00 0.000000e+00 0.000000e+00 0.000000e+00   0.0%
Pad                  0.000000e+00 0.000000e+00 0.000000e+00 0.000000e+00   0.0%
------------------------------------------------------------------------
Total                1.538499e-02 1.746605e-02 1.777392e-08 3.285106e-02 100.0%
                            46.8%        53.2%         0.0%

