
===========================================================================
report_checks -unconstrained
===========================================================================
======================= min_ff_n40C_1v95 Corner ===================================

Startpoint: rst_n (input port clocked by clk)
Endpoint: _2770_ (recovery check against rising-edge clock clk)
Path Group: asynchronous
Path Type: max

Fanout         Cap        Slew       Delay        Time   Description
---------------------------------------------------------------------------------------------
                                  0.000000    0.000000   clock clk (rise edge)
                                  0.000000    0.000000   clock network delay (propagated)
                                 10.000000   10.000000 ^ input external delay
     1    0.002752    0.013745    0.007095   10.007095 ^ rst_n (in)
                                                         rst_n (net)
                      0.013745    0.000000   10.007095 ^ input2/A (sky130_fd_sc_hd__buf_1)
     2    0.014189    0.128220    0.114121   10.121216 ^ input2/X (sky130_fd_sc_hd__buf_1)
                                                         net2 (net)
                      0.128220    0.000145   10.121361 ^ fanout47/A (sky130_fd_sc_hd__clkbuf_4)
    10    0.055984    0.131206    0.185168   10.306529 ^ fanout47/X (sky130_fd_sc_hd__clkbuf_4)
                                                         net47 (net)
                      0.131286    0.002670   10.309199 ^ _2770_/RESET_B (sky130_fd_sc_hd__dfrtp_4)
                                             10.309199   data arrival time

                                 50.000000   50.000000   clock clk (rise edge)
                                  0.000000   50.000000   clock source latency
     1    0.015915    0.058190    0.039517   50.039516 ^ clk (in)
                                                         clk (net)
                      0.058201    0.000000   50.039516 ^ clkbuf_0_clk/A (sky130_fd_sc_hd__clkbuf_16)
     2    0.018144    0.030102    0.090971   50.130486 ^ clkbuf_0_clk/X (sky130_fd_sc_hd__clkbuf_16)
                                                         clknet_0_clk (net)
                      0.030103    0.000146   50.130630 ^ clkbuf_1_1__f_clk/A (sky130_fd_sc_hd__clkbuf_16)
     9    0.025603    0.034934    0.088050   50.218681 ^ clkbuf_1_1__f_clk/X (sky130_fd_sc_hd__clkbuf_16)
                                                         clknet_1_1__leaf_clk (net)
                      0.034943    0.000522   50.219204 ^ _2770_/CLK (sky130_fd_sc_hd__dfrtp_4)
                                 -0.250000   49.969204   clock uncertainty
                                  0.000000   49.969204   clock reconvergence pessimism
                                  0.100125   50.069328   library recovery time
                                             50.069328   data required time
---------------------------------------------------------------------------------------------
                                             50.069328   data required time
                                            -10.309199   data arrival time
---------------------------------------------------------------------------------------------
                                             39.760132   slack (MET)


Startpoint: ui_in[0] (input port clocked by clk)
Endpoint: uo_out[1] (output port clocked by clk)
Path Group: clk
Path Type: max

Fanout         Cap        Slew       Delay        Time   Description
---------------------------------------------------------------------------------------------
                                  0.000000    0.000000   clock clk (rise edge)
                                  0.000000    0.000000   clock network delay (propagated)
                                 10.000000   10.000000 ^ input external delay
     1    0.002685    0.013507    0.006916   10.006916 ^ ui_in[0] (in)
                                                         ui_in[0] (net)
                      0.013507    0.000000   10.006916 ^ input3/A (sky130_fd_sc_hd__buf_1)
     3    0.015489    0.139295    0.121593   10.128510 ^ input3/X (sky130_fd_sc_hd__buf_1)
                                                         net3 (net)
                      0.139296    0.000197   10.128707 ^ fanout46/A (sky130_fd_sc_hd__buf_2)
    10    0.039424    0.146369    0.174260   10.302967 ^ fanout46/X (sky130_fd_sc_hd__buf_2)
                                                         net46 (net)
                      0.146371    0.000393   10.303359 ^ _1387_/B (sky130_fd_sc_hd__nand2b_1)
     1    0.003433    0.040445    0.041660   10.345019 v _1387_/Y (sky130_fd_sc_hd__nand2b_1)
                                                         _0970_ (net)
                      0.040445    0.000046   10.345065 v fanout44/A (sky130_fd_sc_hd__buf_2)
     6    0.041697    0.074225    0.129890   10.474956 v fanout44/X (sky130_fd_sc_hd__buf_2)
                                                         net44 (net)
                      0.074225    0.000088   10.475043 v fanout41/A (sky130_fd_sc_hd__buf_4)
    10    0.064735    0.065144    0.151354   10.626397 v fanout41/X (sky130_fd_sc_hd__buf_4)
                                                         net41 (net)
                      0.065144    0.000384   10.626781 v _1401_/A2 (sky130_fd_sc_hd__o31a_2)
     2    0.017865    0.062511    0.239551   10.866331 v _1401_/X (sky130_fd_sc_hd__o31a_2)
                                                         _1124_ (net)
                      0.062511    0.000185   10.866516 v _1411_/A (sky130_fd_sc_hd__xor2_2)
     5    0.024050    0.236762    0.230484   11.097000 ^ _1411_/X (sky130_fd_sc_hd__xor2_2)
                                                         _1234_ (net)
                      0.236762    0.000234   11.097234 ^ fanout24/A (sky130_fd_sc_hd__buf_2)
    10    0.041682    0.154441    0.189879   11.287113 ^ fanout24/X (sky130_fd_sc_hd__buf_2)
                                                         net24 (net)
                      0.154441    0.000424   11.287537 ^ _1795_/B (sky130_fd_sc_hd__nor2_1)
     2    0.004400    0.060667    0.033401   11.320937 v _1795_/Y (sky130_fd_sc_hd__nor2_1)
                                                         _0801_ (net)
                      0.060667    0.000028   11.320966 v _1878_/C (sky130_fd_sc_hd__or4_1)
     3    0.006768    0.070165    0.289362   11.610328 v _1878_/X (sky130_fd_sc_hd__or4_1)
                                                         _0887_ (net)
                      0.070165    0.000029   11.610357 v _1881_/A (sky130_fd_sc_hd__and3_1)
     1    0.001777    0.024246    0.097341   11.707698 v _1881_/X (sky130_fd_sc_hd__and3_1)
                                                         _0890_ (net)
                      0.024246    0.000015   11.707713 v _1955_/A (sky130_fd_sc_hd__or2_1)
     2    0.006795    0.045230    0.144786   11.852499 v _1955_/X (sky130_fd_sc_hd__or2_1)
                                                         _0972_ (net)
                      0.045230    0.000075   11.852574 v _1957_/B (sky130_fd_sc_hd__xor2_1)
     2    0.004674    0.036199    0.095615   11.948190 v _1957_/X (sky130_fd_sc_hd__xor2_1)
                                                         _0974_ (net)
                      0.036199    0.000027   11.948216 v _2029_/A (sky130_fd_sc_hd__or2_1)
     3    0.010243    0.055916    0.161607   12.109823 v _2029_/X (sky130_fd_sc_hd__or2_1)
                                                         _1053_ (net)
                      0.055916    0.000088   12.109911 v _2030_/B1 (sky130_fd_sc_hd__o211a_1)
     2    0.004728    0.034160    0.090910   12.200821 v _2030_/X (sky130_fd_sc_hd__o211a_1)
                                                         _1054_ (net)
                      0.034160    0.000029   12.200850 v _2041_/A (sky130_fd_sc_hd__or3_2)
     4    0.015908    0.079240    0.309704   12.510554 v _2041_/X (sky130_fd_sc_hd__or3_2)
                                                         _1066_ (net)
                      0.079240    0.000117   12.510672 v _2112_/A1 (sky130_fd_sc_hd__a211oi_2)
     2    0.013440    0.214745    0.213172   12.723844 ^ _2112_/Y (sky130_fd_sc_hd__a211oi_2)
                                                         _1144_ (net)
                      0.214745    0.000450   12.724294 ^ _2131_/B (sky130_fd_sc_hd__nor3_1)
     3    0.007972    0.068448    0.060787   12.785081 v _2131_/Y (sky130_fd_sc_hd__nor3_1)
                                                         _1165_ (net)
                      0.068448    0.000020   12.785101 v max_cap18/A (sky130_fd_sc_hd__clkbuf_1)
     2    0.007753    0.036675    0.086822   12.871923 v max_cap18/X (sky130_fd_sc_hd__clkbuf_1)
                                                         net18 (net)
                      0.036675    0.000153   12.872076 v _2186_/A1 (sky130_fd_sc_hd__o211a_1)
     2    0.005549    0.036378    0.149316   13.021392 v _2186_/X (sky130_fd_sc_hd__o211a_1)
                                                         _1226_ (net)
                      0.036378    0.000055   13.021447 v _2240_/A2 (sky130_fd_sc_hd__o211a_1)
     2    0.005856    0.037261    0.138747   13.160194 v _2240_/X (sky130_fd_sc_hd__o211a_1)
                                                         _1285_ (net)
                      0.037261    0.000075   13.160270 v _2241_/B1 (sky130_fd_sc_hd__a211oi_1)
     2    0.007068    0.216676    0.149460   13.309730 ^ _2241_/Y (sky130_fd_sc_hd__a211oi_1)
                                                         _1286_ (net)
                      0.216676    0.000058   13.309788 ^ _2242_/A (sky130_fd_sc_hd__inv_2)
     3    0.010300    0.051879    0.031790   13.341578 v _2242_/Y (sky130_fd_sc_hd__inv_2)
                                                         _1287_ (net)
                      0.051879    0.000062   13.341640 v _2280_/B1 (sky130_fd_sc_hd__o211a_1)
     2    0.004550    0.033585    0.088690   13.430329 v _2280_/X (sky130_fd_sc_hd__o211a_1)
                                                         _1329_ (net)
                      0.033585    0.000030   13.430360 v _2366_/B1 (sky130_fd_sc_hd__a211o_1)
     3    0.008623    0.053187    0.142998   13.573357 v _2366_/X (sky130_fd_sc_hd__a211o_1)
                                                         _0063_ (net)
                      0.053187    0.000145   13.573502 v _2367_/C (sky130_fd_sc_hd__and3_1)
     2    0.004609    0.032774    0.125776   13.699278 v _2367_/X (sky130_fd_sc_hd__and3_1)
                                                         _0064_ (net)
                      0.032774    0.000030   13.699307 v _2369_/A3 (sky130_fd_sc_hd__o311a_1)
     4    0.016409    0.078372    0.222451   13.921759 v _2369_/X (sky130_fd_sc_hd__o311a_1)
                                                         _0066_ (net)
                      0.078372    0.000141   13.921900 v _2383_/A (sky130_fd_sc_hd__or2_2)
     6    0.023895    0.073637    0.233105   14.155005 v _2383_/X (sky130_fd_sc_hd__or2_2)
                                                         _0081_ (net)
                      0.073637    0.000079   14.155084 v _2474_/A (sky130_fd_sc_hd__nor2_1)
     2    0.003533    0.065300    0.085777   14.240860 ^ _2474_/Y (sky130_fd_sc_hd__nor2_1)
                                                         _0182_ (net)
                      0.065300    0.000012   14.240872 ^ _2476_/A_N (sky130_fd_sc_hd__nand2b_1)
     2    0.015085    0.124409    0.133383   14.374255 ^ _2476_/Y (sky130_fd_sc_hd__nand2b_1)
                                                         _0184_ (net)
                      0.124409    0.000084   14.374339 ^ _2493_/A1 (sky130_fd_sc_hd__o21bai_2)
     3    0.019944    0.072517    0.087340   14.461679 v _2493_/Y (sky130_fd_sc_hd__o21bai_2)
                                                         _0202_ (net)
                      0.072528    0.000731   14.462410 v _2536_/A (sky130_fd_sc_hd__xnor2_2)
     5    0.023492    0.246281    0.234966   14.697376 ^ _2536_/Y (sky130_fd_sc_hd__xnor2_2)
                                                         _0250_ (net)
                      0.246284    0.000670   14.698046 ^ _2552_/A (sky130_fd_sc_hd__xnor2_1)
     2    0.007302    0.073591    0.079914   14.777960 v _2552_/Y (sky130_fd_sc_hd__xnor2_1)
                                                         _0267_ (net)
                      0.073591    0.000051   14.778010 v _2580_/B (sky130_fd_sc_hd__xor2_1)
     2    0.007314    0.065357    0.114866   14.892877 v _2580_/X (sky130_fd_sc_hd__xor2_1)
                                                         _0298_ (net)
                      0.065357    0.000034   14.892910 v _2581_/A2 (sky130_fd_sc_hd__a21o_1)
     2    0.007832    0.038802    0.138963   15.031873 v _2581_/X (sky130_fd_sc_hd__a21o_1)
                                                         _0299_ (net)
                      0.038802    0.000099   15.031973 v _2582_/A2 (sky130_fd_sc_hd__a21o_1)
     2    0.013569    0.054217    0.145549   15.177522 v _2582_/X (sky130_fd_sc_hd__a21o_1)
                                                         _0300_ (net)
                      0.054220    0.000460   15.177982 v _2585_/A1 (sky130_fd_sc_hd__a21o_1)
     2    0.007696    0.038344    0.119266   15.297248 v _2585_/X (sky130_fd_sc_hd__a21o_1)
                                                         _0304_ (net)
                      0.038344    0.000082   15.297330 v _2588_/A1 (sky130_fd_sc_hd__a21o_1)
     2    0.007277    0.037012    0.111827   15.409157 v _2588_/X (sky130_fd_sc_hd__a21o_1)
                                                         _0307_ (net)
                      0.037012    0.000064   15.409221 v _2589_/B (sky130_fd_sc_hd__and2b_1)
     2    0.007921    0.039543    0.113774   15.522995 v _2589_/X (sky130_fd_sc_hd__and2b_1)
                                                         _0308_ (net)
                      0.039543    0.000172   15.523168 v _2590_/A2 (sky130_fd_sc_hd__o21a_1)
     5    0.017471    0.068878    0.149806   15.672973 v _2590_/X (sky130_fd_sc_hd__o21a_1)
                                                         _0309_ (net)
                      0.068878    0.000210   15.673182 v _2594_/A2 (sky130_fd_sc_hd__o311ai_4)
     4    0.011241    0.198912    0.218492   15.891674 ^ _2594_/Y (sky130_fd_sc_hd__o311ai_4)
                                                         _0314_ (net)
                      0.198912    0.000066   15.891740 ^ _2596_/A2 (sky130_fd_sc_hd__a31o_1)
     2    0.005293    0.048146    0.110678   16.002419 ^ _2596_/X (sky130_fd_sc_hd__a31o_1)
                                                         _0316_ (net)
                      0.048146    0.000046   16.002464 ^ _2598_/A2 (sky130_fd_sc_hd__a21o_1)
     2    0.011623    0.081308    0.108916   16.111380 ^ _2598_/X (sky130_fd_sc_hd__a21o_1)
                                                         _0318_ (net)
                      0.081308    0.000385   16.111765 ^ fanout14/A (sky130_fd_sc_hd__clkbuf_2)
    10    0.029818    0.127212    0.146168   16.257933 ^ fanout14/X (sky130_fd_sc_hd__clkbuf_2)
                                                         net14 (net)
                      0.127225    0.001076   16.259008 ^ _2615_/B1_N (sky130_fd_sc_hd__o21ba_1)
     3    0.007339    0.039632    0.111969   16.370977 v _2615_/X (sky130_fd_sc_hd__o21ba_1)
                                                         _0337_ (net)
                      0.039632    0.000071   16.371050 v _2619_/A2 (sky130_fd_sc_hd__a31o_1)
     3    0.008495    0.044966    0.151108   16.522156 v _2619_/X (sky130_fd_sc_hd__a31o_1)
                                                         _0341_ (net)
                      0.044966    0.000091   16.522247 v _2621_/A1 (sky130_fd_sc_hd__a21oi_1)
     3    0.007781    0.142996    0.134792   16.657040 ^ _2621_/Y (sky130_fd_sc_hd__a21oi_1)
                                                         _0343_ (net)
                      0.142996    0.000075   16.657114 ^ _2633_/B_N (sky130_fd_sc_hd__and4bb_2)
     6    0.025330    0.066815    0.198947   16.856060 v _2633_/X (sky130_fd_sc_hd__and4bb_2)
                                                         _0356_ (net)
                      0.066829    0.000957   16.857018 v _2640_/C (sky130_fd_sc_hd__and4_1)
     2    0.004652    0.034180    0.136883   16.993900 v _2640_/X (sky130_fd_sc_hd__and4_1)
                                                         _0364_ (net)
                      0.034195    0.000044   16.993944 v _2648_/A2 (sky130_fd_sc_hd__o31a_1)
     1    0.003427    0.036708    0.168125   17.162069 v _2648_/X (sky130_fd_sc_hd__o31a_1)
                                                         _0373_ (net)
                      0.036708    0.000028   17.162098 v _2659_/C1 (sky130_fd_sc_hd__a2111o_1)
     1    0.002535    0.039219    0.154637   17.316734 v _2659_/X (sky130_fd_sc_hd__a2111o_1)
                                                         _0385_ (net)
                      0.039219    0.000021   17.316757 v _2672_/A (sky130_fd_sc_hd__or4b_4)
     8    0.039553    0.097255    0.377447   17.694204 v _2672_/X (sky130_fd_sc_hd__or4b_4)
                                                         _0399_ (net)
                      0.097288    0.001679   17.695883 v _2683_/A1 (sky130_fd_sc_hd__o31a_2)
     1    0.016359    0.060566    0.260204   17.956087 v _2683_/X (sky130_fd_sc_hd__o31a_2)
                                                         _0410_ (net)
                      0.060594    0.000274   17.956360 v _2684_/B (sky130_fd_sc_hd__xor2_4)
     1    0.034088    0.210458    0.200405   18.156765 ^ _2684_/X (sky130_fd_sc_hd__xor2_4)
                                                         uo_out[1] (net)
                      0.210458    0.000149   18.156914 ^ uo_out[1] (out)
                                             18.156914   data arrival time

                                 50.000000   50.000000   clock clk (rise edge)
                                  0.000000   50.000000   clock network delay (propagated)
                                 -0.250000   49.749996   clock uncertainty
                                  0.000000   49.749996   clock reconvergence pessimism
                                -10.000000   39.749996   output external delay
                                             39.749996   data required time
---------------------------------------------------------------------------------------------
                                             39.749996   data required time
                                            -18.156914   data arrival time
---------------------------------------------------------------------------------------------
                                             21.593082   slack (MET)




===========================================================================
report_checks --slack_max -0.01
============================================================================
======================= min_ff_n40C_1v95 Corner ===================================

No paths found.


===========================================================================
 report_check_types -max_slew -max_cap -max_fanout -violators
============================================================================
======================= min_ff_n40C_1v95 Corner ===================================



===========================================================================
report_parasitic_annotation -report_unannotated
============================================================================
Found 22 unannotated drivers.
 ui_in[4]
 ui_in[5]
 ui_in[6]
 ui_in[7]
 uio_in[0]
 clkload0/X
 tt_um_connerdaehler_boop_49/HI
 tt_um_connerdaehler_boop_50/HI
 tt_um_connerdaehler_boop_51/HI
 tt_um_connerdaehler_boop_52/HI
 tt_um_connerdaehler_boop_53/HI
 tt_um_connerdaehler_boop_54/HI
 tt_um_connerdaehler_boop_55/HI
 tt_um_connerdaehler_boop_56/HI
 tt_um_connerdaehler_boop_57/HI
 tt_um_connerdaehler_boop_58/HI
 tt_um_connerdaehler_boop_59/HI
 tt_um_connerdaehler_boop_60/HI
 tt_um_connerdaehler_boop_61/HI
 tt_um_connerdaehler_boop_62/HI
 tt_um_connerdaehler_boop_63/HI
 tt_um_connerdaehler_boop_64/HI
Found 0 partially unannotated drivers.

===========================================================================
max slew violation count 0
max fanout violation count 0
max cap violation count 0
============================================================================

===========================================================================
check_setup -verbose -unconstrained_endpoints -multiple_clock -no_clock -no_input_delay -loops -generated_clocks
===========================================================================
Warning: There are 16 unconstrained endpoints.
  uio_oe[0]
  uio_oe[1]
  uio_oe[2]
  uio_oe[3]
  uio_oe[4]
  uio_oe[5]
  uio_oe[6]
  uio_oe[7]
  uio_out[0]
  uio_out[1]
  uio_out[2]
  uio_out[3]
  uio_out[4]
  uio_out[5]
  uio_out[6]
  uio_out[7]
