
===========================================================================
 report_power
============================================================================
======================= min_ff_n40C_1v95 Corner ===================================

Group                    Internal    Switching      Leakage        Total
                            Power        Power        Power        Power (Watts)
------------------------------------------------------------------------
Sequential           2.061716e-05 9.228518e-06 3.777106e-10 2.984606e-05   0.1%
Combinational        1.697497e-02 2.065425e-02 9.209177e-09 3.762922e-02  99.9%
Clock                1.381929e-05 5.387204e-06 1.503717e-08 1.922153e-05   0.1%
Macro                0.000000e+00 0.000000e+00 0.000000e+00 0.000000e+00   0.0%
Pad                  0.000000e+00 0.000000e+00 0.000000e+00 0.000000e+00   0.0%
------------------------------------------------------------------------
Total                1.700941e-02 2.066886e-02 2.462405e-08 3.767830e-02 100.0%
                            45.1%        54.9%         0.0%

