
===========================================================================
report_checks -unconstrained
===========================================================================
======================= nom_ff_n40C_1v95 Corner ===================================

Startpoint: rst_n (input port clocked by clk)
Endpoint: _2770_ (recovery check against rising-edge clock clk)
Path Group: asynchronous
Path Type: max

Fanout         Cap        Slew       Delay        Time   Description
---------------------------------------------------------------------------------------------
                                  0.000000    0.000000   clock clk (rise edge)
                                  0.000000    0.000000   clock network delay (propagated)
                                 10.000000   10.000000 ^ input external delay
     1    0.002794    0.013894    0.007224   10.007224 ^ rst_n (in)
                                                         rst_n (net)
                      0.013894    0.000000   10.007224 ^ input2/A (sky130_fd_sc_hd__buf_1)
     2    0.015275    0.137508    0.120274   10.127499 ^ input2/X (sky130_fd_sc_hd__buf_1)
                                                         net2 (net)
                      0.137509    0.000375   10.127873 ^ fanout47/A (sky130_fd_sc_hd__clkbuf_4)
    10    0.058284    0.135729    0.189594   10.317467 ^ fanout47/X (sky130_fd_sc_hd__clkbuf_4)
                                                         net47 (net)
                      0.135914    0.004088   10.321555 ^ _2770_/RESET_B (sky130_fd_sc_hd__dfrtp_4)
                                             10.321555   data arrival time

                                 50.000000   50.000000   clock clk (rise edge)
                                  0.000000   50.000000   clock source latency
     1    0.016735    0.060736    0.041634   50.041634 ^ clk (in)
                                                         clk (net)
                      0.060760    0.000000   50.041634 ^ clkbuf_0_clk/A (sky130_fd_sc_hd__clkbuf_16)
     2    0.018409    0.030314    0.091720   50.133354 ^ clkbuf_0_clk/X (sky130_fd_sc_hd__clkbuf_16)
                                                         clknet_0_clk (net)
                      0.030321    0.000451   50.133804 ^ clkbuf_1_1__f_clk/A (sky130_fd_sc_hd__clkbuf_16)
     9    0.026448    0.035537    0.088505   50.222309 ^ clkbuf_1_1__f_clk/X (sky130_fd_sc_hd__clkbuf_16)
                                                         clknet_1_1__leaf_clk (net)
                      0.035574    0.000981   50.223289 ^ _2770_/CLK (sky130_fd_sc_hd__dfrtp_4)
                                 -0.250000   49.973289   clock uncertainty
                                  0.000000   49.973289   clock reconvergence pessimism
                                  0.098761   50.072052   library recovery time
                                             50.072052   data required time
---------------------------------------------------------------------------------------------
                                             50.072052   data required time
                                            -10.321555   data arrival time
---------------------------------------------------------------------------------------------
                                             39.750496   slack (MET)


Startpoint: ui_in[0] (input port clocked by clk)
Endpoint: uo_out[1] (output port clocked by clk)
Path Group: clk
Path Type: max

Fanout         Cap        Slew       Delay        Time   Description
---------------------------------------------------------------------------------------------
                                  0.000000    0.000000   clock clk (rise edge)
                                  0.000000    0.000000   clock network delay (propagated)
                                 10.000000   10.000000 ^ input external delay
     1    0.002714    0.013608    0.007010   10.007010 ^ ui_in[0] (in)
                                                         ui_in[0] (net)
                      0.013608    0.000000   10.007010 ^ input3/A (sky130_fd_sc_hd__buf_1)
     3    0.016815    0.150625    0.129154   10.136165 ^ input3/X (sky130_fd_sc_hd__buf_1)
                                                         net3 (net)
                      0.150627    0.000457   10.136621 ^ fanout46/A (sky130_fd_sc_hd__buf_2)
    10    0.041492    0.153674    0.180107   10.316729 ^ fanout46/X (sky130_fd_sc_hd__buf_2)
                                                         net46 (net)
                      0.153682    0.000917   10.317646 ^ _1387_/B (sky130_fd_sc_hd__nand2b_1)
     1    0.003660    0.042507    0.043115   10.360761 v _1387_/Y (sky130_fd_sc_hd__nand2b_1)
                                                         _0970_ (net)
                      0.042507    0.000116   10.360877 v fanout44/A (sky130_fd_sc_hd__buf_2)
     6    0.044822    0.076903    0.134102   10.494979 v fanout44/X (sky130_fd_sc_hd__buf_2)
                                                         net44 (net)
                      0.076907    0.000475   10.495454 v fanout41/A (sky130_fd_sc_hd__buf_4)
    10    0.067284    0.066787    0.153334   10.648787 v fanout41/X (sky130_fd_sc_hd__buf_4)
                                                         net41 (net)
                      0.066809    0.000999   10.649787 v _1401_/A2 (sky130_fd_sc_hd__o31a_2)
     2    0.017964    0.062690    0.240188   10.889976 v _1401_/X (sky130_fd_sc_hd__o31a_2)
                                                         _1124_ (net)
                      0.062693    0.000494   10.890470 v _1411_/A (sky130_fd_sc_hd__xor2_2)
     5    0.025144    0.245576    0.236657   11.127126 ^ _1411_/X (sky130_fd_sc_hd__xor2_2)
                                                         _1234_ (net)
                      0.245578    0.000597   11.127723 ^ fanout24/A (sky130_fd_sc_hd__buf_2)
    10    0.043676    0.161490    0.195299   11.323022 ^ fanout24/X (sky130_fd_sc_hd__buf_2)
                                                         net24 (net)
                      0.161546    0.000905   11.323927 ^ _1795_/B (sky130_fd_sc_hd__nor2_1)
     2    0.004490    0.062282    0.033653   11.357580 v _1795_/Y (sky130_fd_sc_hd__nor2_1)
                                                         _0801_ (net)
                      0.062282    0.000087   11.357667 v _1878_/C (sky130_fd_sc_hd__or4_1)
     3    0.006919    0.070851    0.290660   11.648327 v _1878_/X (sky130_fd_sc_hd__or4_1)
                                                         _0887_ (net)
                      0.070851    0.000100   11.648427 v _1881_/A (sky130_fd_sc_hd__and3_1)
     1    0.001809    0.024352    0.097742   11.746170 v _1881_/X (sky130_fd_sc_hd__and3_1)
                                                         _0890_ (net)
                      0.024352    0.000051   11.746221 v _1955_/A (sky130_fd_sc_hd__or2_1)
     2    0.006941    0.045742    0.145313   11.891534 v _1955_/X (sky130_fd_sc_hd__or2_1)
                                                         _0972_ (net)
                      0.045742    0.000196   11.891729 v _1957_/B (sky130_fd_sc_hd__xor2_1)
     2    0.004770    0.036702    0.096085   11.987815 v _1957_/X (sky130_fd_sc_hd__xor2_1)
                                                         _0974_ (net)
                      0.036702    0.000083   11.987897 v _2029_/A (sky130_fd_sc_hd__or2_1)
     3    0.010407    0.056354    0.162295   12.150192 v _2029_/X (sky130_fd_sc_hd__or2_1)
                                                         _1053_ (net)
                      0.056354    0.000226   12.150419 v _2030_/B1 (sky130_fd_sc_hd__o211a_1)
     2    0.004809    0.034381    0.091291   12.241710 v _2030_/X (sky130_fd_sc_hd__o211a_1)
                                                         _1054_ (net)
                      0.034381    0.000099   12.241809 v _2041_/A (sky130_fd_sc_hd__or3_2)
     4    0.016278    0.079802    0.310501   12.552310 v _2041_/X (sky130_fd_sc_hd__or3_2)
                                                         _1066_ (net)
                      0.079802    0.000327   12.552636 v _2112_/A1 (sky130_fd_sc_hd__a211oi_2)
     2    0.014501    0.226098    0.221917   12.774553 ^ _2112_/Y (sky130_fd_sc_hd__a211oi_2)
                                                         _1144_ (net)
                      0.226098    0.000658   12.775211 ^ _2131_/B (sky130_fd_sc_hd__nor3_1)
     3    0.008137    0.070997    0.061878   12.837090 v _2131_/Y (sky130_fd_sc_hd__nor3_1)
                                                         _1165_ (net)
                      0.070997    0.000101   12.837191 v max_cap18/A (sky130_fd_sc_hd__clkbuf_1)
     2    0.008110    0.038082    0.088771   12.925961 v max_cap18/X (sky130_fd_sc_hd__clkbuf_1)
                                                         net18 (net)
                      0.038084    0.000282   12.926244 v _2186_/A1 (sky130_fd_sc_hd__o211a_1)
     2    0.005665    0.036740    0.150171   13.076415 v _2186_/X (sky130_fd_sc_hd__o211a_1)
                                                         _1226_ (net)
                      0.036740    0.000147   13.076562 v _2240_/A2 (sky130_fd_sc_hd__o211a_1)
     2    0.006007    0.037733    0.139355   13.215917 v _2240_/X (sky130_fd_sc_hd__o211a_1)
                                                         _1285_ (net)
                      0.037733    0.000175   13.216092 v _2241_/B1 (sky130_fd_sc_hd__a211oi_1)
     2    0.007158    0.210810    0.150658   13.366750 ^ _2241_/Y (sky130_fd_sc_hd__a211oi_1)
                                                         _1286_ (net)
                      0.210810    0.000182   13.366932 ^ _2242_/A (sky130_fd_sc_hd__inv_2)
     3    0.010457    0.051518    0.032315   13.399246 v _2242_/Y (sky130_fd_sc_hd__inv_2)
                                                         _1287_ (net)
                      0.051519    0.000188   13.399435 v _2280_/B1 (sky130_fd_sc_hd__o211a_1)
     2    0.004622    0.033782    0.088711   13.488146 v _2280_/X (sky130_fd_sc_hd__o211a_1)
                                                         _1329_ (net)
                      0.033782    0.000101   13.488247 v _2366_/B1 (sky130_fd_sc_hd__a211o_1)
     3    0.008919    0.054340    0.144033   13.632280 v _2366_/X (sky130_fd_sc_hd__a211o_1)
                                                         _0063_ (net)
                      0.054340    0.000303   13.632584 v _2367_/C (sky130_fd_sc_hd__and3_1)
     2    0.004705    0.033028    0.126555   13.759138 v _2367_/X (sky130_fd_sc_hd__and3_1)
                                                         _0064_ (net)
                      0.033028    0.000104   13.759242 v _2369_/A3 (sky130_fd_sc_hd__o311a_1)
     4    0.017374    0.081285    0.225223   13.984466 v _2369_/X (sky130_fd_sc_hd__o311a_1)
                                                         _0066_ (net)
                      0.081285    0.000366   13.984832 v _2383_/A (sky130_fd_sc_hd__or2_2)
     6    0.024770    0.075186    0.235436   14.220267 v _2383_/X (sky130_fd_sc_hd__or2_2)
                                                         _0081_ (net)
                      0.075186    0.000297   14.220564 v _2474_/A (sky130_fd_sc_hd__nor2_1)
     2    0.003586    0.063754    0.086741   14.307305 ^ _2474_/Y (sky130_fd_sc_hd__nor2_1)
                                                         _0182_ (net)
                      0.063754    0.000052   14.307357 ^ _2476_/A_N (sky130_fd_sc_hd__nand2b_1)
     2    0.015181    0.125159    0.133512   14.440868 ^ _2476_/Y (sky130_fd_sc_hd__nand2b_1)
                                                         _0184_ (net)
                      0.125159    0.000244   14.441113 ^ _2493_/A1 (sky130_fd_sc_hd__o21bai_2)
     3    0.020716    0.074546    0.088867   14.529980 v _2493_/Y (sky130_fd_sc_hd__o21bai_2)
                                                         _0202_ (net)
                      0.074575    0.001179   14.531158 v _2536_/A (sky130_fd_sc_hd__xnor2_2)
     5    0.024376    0.253722    0.240845   14.772003 ^ _2536_/Y (sky130_fd_sc_hd__xnor2_2)
                                                         _0250_ (net)
                      0.253730    0.001115   14.773117 ^ _2552_/A (sky130_fd_sc_hd__xnor2_1)
     2    0.007398    0.075069    0.080878   14.853995 v _2552_/Y (sky130_fd_sc_hd__xnor2_1)
                                                         _0267_ (net)
                      0.075069    0.000146   14.854141 v _2580_/B (sky130_fd_sc_hd__xor2_1)
     2    0.007385    0.064801    0.115586   14.969728 v _2580_/X (sky130_fd_sc_hd__xor2_1)
                                                         _0298_ (net)
                      0.064801    0.000114   14.969841 v _2581_/A2 (sky130_fd_sc_hd__a21o_1)
     2    0.007939    0.039184    0.139027   15.108868 v _2581_/X (sky130_fd_sc_hd__a21o_1)
                                                         _0299_ (net)
                      0.039185    0.000224   15.109092 v _2582_/A2 (sky130_fd_sc_hd__a21o_1)
     2    0.014301    0.056339    0.147358   15.256449 v _2582_/X (sky130_fd_sc_hd__a21o_1)
                                                         _0300_ (net)
                      0.056349    0.000725   15.257174 v _2585_/A1 (sky130_fd_sc_hd__a21o_1)
     2    0.007816    0.038772    0.120330   15.377504 v _2585_/X (sky130_fd_sc_hd__a21o_1)
                                                         _0304_ (net)
                      0.038772    0.000210   15.377714 v _2588_/A1 (sky130_fd_sc_hd__a21o_1)
     2    0.007438    0.037552    0.112410   15.490124 v _2588_/X (sky130_fd_sc_hd__a21o_1)
                                                         _0307_ (net)
                      0.037552    0.000167   15.490291 v _2589_/B (sky130_fd_sc_hd__and2b_1)
     2    0.008306    0.040767    0.115119   15.605409 v _2589_/X (sky130_fd_sc_hd__and2b_1)
                                                         _0308_ (net)
                      0.040769    0.000316   15.605725 v _2590_/A2 (sky130_fd_sc_hd__o21a_1)
     5    0.017669    0.069571    0.150607   15.756331 v _2590_/X (sky130_fd_sc_hd__o21a_1)
                                                         _0309_ (net)
                      0.069573    0.000488   15.756821 v _2594_/A2 (sky130_fd_sc_hd__o311ai_4)
     4    0.011510    0.200612    0.220021   15.976842 ^ _2594_/Y (sky130_fd_sc_hd__o311ai_4)
                                                         _0314_ (net)
                      0.200612    0.000183   15.977025 ^ _2596_/A2 (sky130_fd_sc_hd__a31o_1)
     2    0.005450    0.049162    0.111514   16.088539 ^ _2596_/X (sky130_fd_sc_hd__a31o_1)
                                                         _0316_ (net)
                      0.049162    0.000130   16.088669 ^ _2598_/A2 (sky130_fd_sc_hd__a21o_1)
     2    0.012445    0.086532    0.112683   16.201351 ^ _2598_/X (sky130_fd_sc_hd__a21o_1)
                                                         _0318_ (net)
                      0.086535    0.000632   16.201984 ^ fanout14/A (sky130_fd_sc_hd__clkbuf_2)
    10    0.030812    0.131273    0.149644   16.351627 ^ fanout14/X (sky130_fd_sc_hd__clkbuf_2)
                                                         net14 (net)
                      0.131307    0.001741   16.353369 ^ _2615_/B1_N (sky130_fd_sc_hd__o21ba_1)
     3    0.007504    0.040219    0.112570   16.465939 v _2615_/X (sky130_fd_sc_hd__o21ba_1)
                                                         _0337_ (net)
                      0.040219    0.000181   16.466120 v _2619_/A2 (sky130_fd_sc_hd__a31o_1)
     3    0.008669    0.045584    0.151870   16.617989 v _2619_/X (sky130_fd_sc_hd__a31o_1)
                                                         _0341_ (net)
                      0.045584    0.000208   16.618196 v _2621_/A1 (sky130_fd_sc_hd__a21oi_1)
     3    0.008042    0.146566    0.137534   16.755732 ^ _2621_/Y (sky130_fd_sc_hd__a21oi_1)
                                                         _0343_ (net)
                      0.146566    0.000187   16.755919 ^ _2633_/B_N (sky130_fd_sc_hd__and4bb_2)
     6    0.026500    0.068705    0.200622   16.956539 v _2633_/X (sky130_fd_sc_hd__and4bb_2)
                                                         _0356_ (net)
                      0.068746    0.001535   16.958075 v _2640_/C (sky130_fd_sc_hd__and4_1)
     2    0.004734    0.034387    0.137941   17.096016 v _2640_/X (sky130_fd_sc_hd__and4_1)
                                                         _0364_ (net)
                      0.034402    0.000126   17.096142 v _2648_/A2 (sky130_fd_sc_hd__o31a_1)
     1    0.003577    0.037345    0.169020   17.265162 v _2648_/X (sky130_fd_sc_hd__o31a_1)
                                                         _0373_ (net)
                      0.037345    0.000083   17.265245 v _2659_/C1 (sky130_fd_sc_hd__a2111o_1)
     1    0.002569    0.039523    0.155014   17.420259 v _2659_/X (sky130_fd_sc_hd__a2111o_1)
                                                         _0385_ (net)
                      0.039523    0.000075   17.420334 v _2672_/A (sky130_fd_sc_hd__or4b_4)
     8    0.040545    0.098617    0.378362   17.798697 v _2672_/X (sky130_fd_sc_hd__or4b_4)
                                                         _0399_ (net)
                      0.098713    0.002743   17.801439 v _2683_/A1 (sky130_fd_sc_hd__o31a_2)
     1    0.016629    0.060945    0.261025   18.062464 v _2683_/X (sky130_fd_sc_hd__o31a_2)
                                                         _0410_ (net)
                      0.060978    0.000629   18.063093 v _2684_/B (sky130_fd_sc_hd__xor2_4)
     1    0.034130    0.210650    0.200567   18.263660 ^ _2684_/X (sky130_fd_sc_hd__xor2_4)
                                                         uo_out[1] (net)
                      0.210651    0.000345   18.264004 ^ uo_out[1] (out)
                                             18.264004   data arrival time

                                 50.000000   50.000000   clock clk (rise edge)
                                  0.000000   50.000000   clock network delay (propagated)
                                 -0.250000   49.749996   clock uncertainty
                                  0.000000   49.749996   clock reconvergence pessimism
                                -10.000000   39.749996   output external delay
                                             39.749996   data required time
---------------------------------------------------------------------------------------------
                                             39.749996   data required time
                                            -18.264004   data arrival time
---------------------------------------------------------------------------------------------
                                             21.485992   slack (MET)




===========================================================================
report_checks --slack_max -0.01
============================================================================
======================= nom_ff_n40C_1v95 Corner ===================================

No paths found.


===========================================================================
 report_check_types -max_slew -max_cap -max_fanout -violators
============================================================================
======================= nom_ff_n40C_1v95 Corner ===================================



===========================================================================
report_parasitic_annotation -report_unannotated
============================================================================
Found 22 unannotated drivers.
 ui_in[4]
 ui_in[5]
 ui_in[6]
 ui_in[7]
 uio_in[0]
 clkload0/X
 tt_um_connerdaehler_boop_49/HI
 tt_um_connerdaehler_boop_50/HI
 tt_um_connerdaehler_boop_51/HI
 tt_um_connerdaehler_boop_52/HI
 tt_um_connerdaehler_boop_53/HI
 tt_um_connerdaehler_boop_54/HI
 tt_um_connerdaehler_boop_55/HI
 tt_um_connerdaehler_boop_56/HI
 tt_um_connerdaehler_boop_57/HI
 tt_um_connerdaehler_boop_58/HI
 tt_um_connerdaehler_boop_59/HI
 tt_um_connerdaehler_boop_60/HI
 tt_um_connerdaehler_boop_61/HI
 tt_um_connerdaehler_boop_62/HI
 tt_um_connerdaehler_boop_63/HI
 tt_um_connerdaehler_boop_64/HI
Found 0 partially unannotated drivers.

===========================================================================
max slew violation count 0
max fanout violation count 0
max cap violation count 0
============================================================================

===========================================================================
check_setup -verbose -unconstrained_endpoints -multiple_clock -no_clock -no_input_delay -loops -generated_clocks
===========================================================================
Warning: There are 16 unconstrained endpoints.
  uio_oe[0]
  uio_oe[1]
  uio_oe[2]
  uio_oe[3]
  uio_oe[4]
  uio_oe[5]
  uio_oe[6]
  uio_oe[7]
  uio_out[0]
  uio_out[1]
  uio_out[2]
  uio_out[3]
  uio_out[4]
  uio_out[5]
  uio_out[6]
  uio_out[7]
