
===========================================================================
 report_power
============================================================================
======================= nom_ff_n40C_1v95 Corner ===================================

Group                    Internal    Switching      Leakage        Total
                            Power        Power        Power        Power (Watts)
------------------------------------------------------------------------
Sequential           2.061668e-05 9.615074e-06 3.777106e-10 3.023213e-05   0.1%
Combinational        1.698305e-02 2.114738e-02 9.209177e-09 3.813044e-02  99.9%
Clock                1.382914e-05 5.539688e-06 1.503717e-08 1.938387e-05   0.1%
Macro                0.000000e+00 0.000000e+00 0.000000e+00 0.000000e+00   0.0%
Pad                  0.000000e+00 0.000000e+00 0.000000e+00 0.000000e+00   0.0%
------------------------------------------------------------------------
Total                1.701750e-02 2.116254e-02 2.462405e-08 3.818006e-02 100.0%
                            44.6%        55.4%         0.0%

