
===========================================================================
report_checks -path_delay min (Hold)
============================================================================
======================= nom_ss_100C_1v60 Corner ===================================

Startpoint: _2769_ (rising edge-triggered flip-flop clocked by clk)
Endpoint: _2769_ (rising edge-triggered flip-flop clocked by clk)
Path Group: clk
Path Type: min

Fanout         Cap        Slew       Delay        Time   Description
---------------------------------------------------------------------------------------------
                      0.150000    0.000000    0.000000   clock clk (rise edge)
                                  0.000000    0.000000   clock network delay (ideal)
                      0.150000    0.000000    0.000000 ^ _2769_/CLK (sky130_fd_sc_hd__dfrtp_2)
     3    0.012190    0.136945    0.782978    0.782978 ^ _2769_/Q (sky130_fd_sc_hd__dfrtp_2)
                                                         graphics_core.y[7] (net)
                      0.136945    0.000000    0.782978 ^ _2748_/A (sky130_fd_sc_hd__xor2_2)
     1    0.001838    0.049758    0.136745    0.919723 v _2748_/X (sky130_fd_sc_hd__xor2_2)
                                                         _0007_ (net)
                      0.049758    0.000000    0.919723 v _2769_/D (sky130_fd_sc_hd__dfrtp_2)
                                              0.919723   data arrival time

                      0.150000    0.000000    0.000000   clock clk (rise edge)
                                  0.000000    0.000000   clock network delay (ideal)
                                  0.250000    0.250000   clock uncertainty
                                  0.000000    0.250000   clock reconvergence pessimism
                                              0.250000 ^ _2769_/CLK (sky130_fd_sc_hd__dfrtp_2)
                                 -0.062844    0.187156   library hold time
                                              0.187156   data required time
---------------------------------------------------------------------------------------------
                                              0.187156   data required time
                                             -0.919723   data arrival time
---------------------------------------------------------------------------------------------
                                              0.732567   slack (MET)


Startpoint: _2776_ (rising edge-triggered flip-flop clocked by clk)
Endpoint: _2776_ (rising edge-triggered flip-flop clocked by clk)
Path Group: clk
Path Type: min

Fanout         Cap        Slew       Delay        Time   Description
---------------------------------------------------------------------------------------------
                      0.150000    0.000000    0.000000   clock clk (rise edge)
                                  0.000000    0.000000   clock network delay (ideal)
                      0.150000    0.000000    0.000000 ^ _2776_/CLK (sky130_fd_sc_hd__dfrtp_2)
     7    0.016644    0.166803    0.813479    0.813479 ^ _2776_/Q (sky130_fd_sc_hd__dfrtp_2)
                                                         graphics_core.x[6] (net)
                      0.166803    0.000000    0.813479 ^ _2759_/A (sky130_fd_sc_hd__nor2_2)
     1    0.004181    0.043358    0.110299    0.923778 v _2759_/Y (sky130_fd_sc_hd__nor2_2)
                                                         _0473_ (net)
                      0.043358    0.000000    0.923778 v _2760_/B (sky130_fd_sc_hd__nor2_2)
     1    0.001853    0.086514    0.097188    1.020966 ^ _2760_/Y (sky130_fd_sc_hd__nor2_2)
                                                         _0014_ (net)
                      0.086514    0.000000    1.020966 ^ _2776_/D (sky130_fd_sc_hd__dfrtp_2)
                                              1.020966   data arrival time

                      0.150000    0.000000    0.000000   clock clk (rise edge)
                                  0.000000    0.000000   clock network delay (ideal)
                                  0.250000    0.250000   clock uncertainty
                                  0.000000    0.250000   clock reconvergence pessimism
                                              0.250000 ^ _2776_/CLK (sky130_fd_sc_hd__dfrtp_2)
                                 -0.067524    0.182476   library hold time
                                              0.182476   data required time
---------------------------------------------------------------------------------------------
                                              0.182476   data required time
                                             -1.020966   data arrival time
---------------------------------------------------------------------------------------------
                                              0.838490   slack (MET)


Startpoint: _2767_ (rising edge-triggered flip-flop clocked by clk)
Endpoint: _2767_ (rising edge-triggered flip-flop clocked by clk)
Path Group: clk
Path Type: min

Fanout         Cap        Slew       Delay        Time   Description
---------------------------------------------------------------------------------------------
                      0.150000    0.000000    0.000000   clock clk (rise edge)
                                  0.000000    0.000000   clock network delay (ideal)
                      0.150000    0.000000    0.000000 ^ _2767_/CLK (sky130_fd_sc_hd__dfrtp_2)
     9    0.032419    0.274557    0.900814    0.900814 ^ _2767_/Q (sky130_fd_sc_hd__dfrtp_2)
                                                         graphics_core.y[5] (net)
                      0.274557    0.000000    0.900814 ^ _2744_/A (sky130_fd_sc_hd__xor2_2)
     1    0.001838    0.049834    0.183667    1.084481 v _2744_/X (sky130_fd_sc_hd__xor2_2)
                                                         _0005_ (net)
                      0.049834    0.000000    1.084481 v _2767_/D (sky130_fd_sc_hd__dfrtp_2)
                                              1.084481   data arrival time

                      0.150000    0.000000    0.000000   clock clk (rise edge)
                                  0.000000    0.000000   clock network delay (ideal)
                                  0.250000    0.250000   clock uncertainty
                                  0.000000    0.250000   clock reconvergence pessimism
                                              0.250000 ^ _2767_/CLK (sky130_fd_sc_hd__dfrtp_2)
                                 -0.062872    0.187128   library hold time
                                              0.187128   data required time
---------------------------------------------------------------------------------------------
                                              0.187128   data required time
                                             -1.084481   data arrival time
---------------------------------------------------------------------------------------------
                                              0.897354   slack (MET)


Startpoint: _2770_ (rising edge-triggered flip-flop clocked by clk)
Endpoint: _2770_ (rising edge-triggered flip-flop clocked by clk)
Path Group: clk
Path Type: min

Fanout         Cap        Slew       Delay        Time   Description
---------------------------------------------------------------------------------------------
                      0.150000    0.000000    0.000000   clock clk (rise edge)
                                  0.000000    0.000000   clock network delay (ideal)
                      0.150000    0.000000    0.000000 ^ _2770_/CLK (sky130_fd_sc_hd__dfrtp_2)
     8    0.032698    0.276468    0.902310    0.902310 ^ _2770_/Q (sky130_fd_sc_hd__dfrtp_2)
                                                         graphics_core.dx[0] (net)
                      0.276468    0.000000    0.902310 ^ _2749_/A (sky130_fd_sc_hd__xnor2_2)
     1    0.001838    0.055461    0.187401    1.089711 v _2749_/Y (sky130_fd_sc_hd__xnor2_2)
                                                         _0008_ (net)
                      0.055461    0.000000    1.089711 v _2770_/D (sky130_fd_sc_hd__dfrtp_2)
                                              1.089711   data arrival time

                      0.150000    0.000000    0.000000   clock clk (rise edge)
                                  0.000000    0.000000   clock network delay (ideal)
                                  0.250000    0.250000   clock uncertainty
                                  0.000000    0.250000   clock reconvergence pessimism
                                              0.250000 ^ _2770_/CLK (sky130_fd_sc_hd__dfrtp_2)
                                 -0.064934    0.185066   library hold time
                                              0.185066   data required time
---------------------------------------------------------------------------------------------
                                              0.185066   data required time
                                             -1.089711   data arrival time
---------------------------------------------------------------------------------------------
                                              0.904645   slack (MET)


Startpoint: _2768_ (rising edge-triggered flip-flop clocked by clk)
Endpoint: _2768_ (rising edge-triggered flip-flop clocked by clk)
Path Group: clk
Path Type: min

Fanout         Cap        Slew       Delay        Time   Description
---------------------------------------------------------------------------------------------
                      0.150000    0.000000    0.000000   clock clk (rise edge)
                                  0.000000    0.000000   clock network delay (ideal)
                      0.150000    0.000000    0.000000 ^ _2768_/CLK (sky130_fd_sc_hd__dfrtp_2)
     6    0.022956    0.209757    0.850098    0.850098 ^ _2768_/Q (sky130_fd_sc_hd__dfrtp_2)
                                                         graphics_core.y[6] (net)
                      0.209757    0.000000    0.850098 ^ _2745_/B1 (sky130_fd_sc_hd__a21oi_2)
     1    0.004246    0.066238    0.108275    0.958373 v _2745_/Y (sky130_fd_sc_hd__a21oi_2)
                                                         _0466_ (net)
                      0.066238    0.000000    0.958373 v _2747_/A (sky130_fd_sc_hd__nor2_2)
     1    0.001853    0.087197    0.142451    1.100824 ^ _2747_/Y (sky130_fd_sc_hd__nor2_2)
                                                         _0006_ (net)
                      0.087197    0.000000    1.100824 ^ _2768_/D (sky130_fd_sc_hd__dfrtp_2)
                                              1.100824   data arrival time

                      0.150000    0.000000    0.000000   clock clk (rise edge)
                                  0.000000    0.000000   clock network delay (ideal)
                                  0.250000    0.250000   clock uncertainty
                                  0.000000    0.250000   clock reconvergence pessimism
                                              0.250000 ^ _2768_/CLK (sky130_fd_sc_hd__dfrtp_2)
                                 -0.067679    0.182321   library hold time
                                              0.182321   data required time
---------------------------------------------------------------------------------------------
                                              0.182321   data required time
                                             -1.100824   data arrival time
---------------------------------------------------------------------------------------------
                                              0.918503   slack (MET)


Startpoint: _2775_ (rising edge-triggered flip-flop clocked by clk)
Endpoint: _2775_ (rising edge-triggered flip-flop clocked by clk)
Path Group: clk
Path Type: min

Fanout         Cap        Slew       Delay        Time   Description
---------------------------------------------------------------------------------------------
                      0.150000    0.000000    0.000000   clock clk (rise edge)
                                  0.000000    0.000000   clock network delay (ideal)
                      0.150000    0.000000    0.000000 ^ _2775_/CLK (sky130_fd_sc_hd__dfrtp_2)
     9    0.027709    0.242304    0.875571    0.875571 ^ _2775_/Q (sky130_fd_sc_hd__dfrtp_2)
                                                         graphics_core.x[5] (net)
                      0.242304    0.000000    0.875571 ^ _2757_/A (sky130_fd_sc_hd__nor2_2)
     1    0.004181    0.034597    0.138064    1.013636 v _2757_/Y (sky130_fd_sc_hd__nor2_2)
                                                         _0472_ (net)
                      0.034597    0.000000    1.013636 v _2758_/B (sky130_fd_sc_hd__nor2_2)
     1    0.001853    0.086636    0.094147    1.107782 ^ _2758_/Y (sky130_fd_sc_hd__nor2_2)
                                                         _0013_ (net)
                      0.086636    0.000000    1.107782 ^ _2775_/D (sky130_fd_sc_hd__dfrtp_2)
                                              1.107782   data arrival time

                      0.150000    0.000000    0.000000   clock clk (rise edge)
                                  0.000000    0.000000   clock network delay (ideal)
                                  0.250000    0.250000   clock uncertainty
                                  0.000000    0.250000   clock reconvergence pessimism
                                              0.250000 ^ _2775_/CLK (sky130_fd_sc_hd__dfrtp_2)
                                 -0.067552    0.182448   library hold time
                                              0.182448   data required time
---------------------------------------------------------------------------------------------
                                              0.182448   data required time
                                             -1.107782   data arrival time
---------------------------------------------------------------------------------------------
                                              0.925334   slack (MET)


Startpoint: _2764_ (rising edge-triggered flip-flop clocked by clk)
Endpoint: _2764_ (rising edge-triggered flip-flop clocked by clk)
Path Group: clk
Path Type: min

Fanout         Cap        Slew       Delay        Time   Description
---------------------------------------------------------------------------------------------
                      0.150000    0.000000    0.000000   clock clk (rise edge)
                                  0.000000    0.000000   clock network delay (ideal)
                      0.150000    0.000000    0.000000 ^ _2764_/CLK (sky130_fd_sc_hd__dfrtp_2)
     8    0.037940    0.312364    0.930404    0.930404 ^ _2764_/Q (sky130_fd_sc_hd__dfrtp_2)
                                                         graphics_core.y[2] (net)
                      0.312364    0.000000    0.930404 ^ _2737_/A (sky130_fd_sc_hd__xor2_2)
     1    0.001838    0.049835    0.194383    1.124787 v _2737_/X (sky130_fd_sc_hd__xor2_2)
                                                         _0002_ (net)
                      0.049835    0.000000    1.124787 v _2764_/D (sky130_fd_sc_hd__dfrtp_2)
                                              1.124787   data arrival time

                      0.150000    0.000000    0.000000   clock clk (rise edge)
                                  0.000000    0.000000   clock network delay (ideal)
                                  0.250000    0.250000   clock uncertainty
                                  0.000000    0.250000   clock reconvergence pessimism
                                              0.250000 ^ _2764_/CLK (sky130_fd_sc_hd__dfrtp_2)
                                 -0.062872    0.187128   library hold time
                                              0.187128   data required time
---------------------------------------------------------------------------------------------
                                              0.187128   data required time
                                             -1.124787   data arrival time
---------------------------------------------------------------------------------------------
                                              0.937659   slack (MET)


Startpoint: _2772_ (rising edge-triggered flip-flop clocked by clk)
Endpoint: _2773_ (rising edge-triggered flip-flop clocked by clk)
Path Group: clk
Path Type: min

Fanout         Cap        Slew       Delay        Time   Description
---------------------------------------------------------------------------------------------
                      0.150000    0.000000    0.000000   clock clk (rise edge)
                                  0.000000    0.000000   clock network delay (ideal)
                      0.150000    0.000000    0.000000 ^ _2772_/CLK (sky130_fd_sc_hd__dfrtp_2)
     7    0.017576    0.173051    0.819861    0.819861 ^ _2772_/Q (sky130_fd_sc_hd__dfrtp_2)
                                                         graphics_core.x[2] (net)
                      0.173051    0.000000    0.819861 ^ _2727_/A (sky130_fd_sc_hd__nand2_2)
     2    0.009591    0.111557    0.159456    0.979316 v _2727_/Y (sky130_fd_sc_hd__nand2_2)
                                                         _0452_ (net)
                      0.111557    0.000000    0.979316 v _2754_/B (sky130_fd_sc_hd__xnor2_2)
     1    0.001853    0.052014    0.179194    1.158510 ^ _2754_/Y (sky130_fd_sc_hd__xnor2_2)
                                                         _0011_ (net)
                      0.052014    0.000000    1.158510 ^ _2773_/D (sky130_fd_sc_hd__dfrtp_2)
                                              1.158510   data arrival time

                      0.150000    0.000000    0.000000   clock clk (rise edge)
                                  0.000000    0.000000   clock network delay (ideal)
                                  0.250000    0.250000   clock uncertainty
                                  0.000000    0.250000   clock reconvergence pessimism
                                              0.250000 ^ _2773_/CLK (sky130_fd_sc_hd__dfrtp_2)
                                 -0.059685    0.190315   library hold time
                                              0.190315   data required time
---------------------------------------------------------------------------------------------
                                              0.190315   data required time
                                             -1.158510   data arrival time
---------------------------------------------------------------------------------------------
                                              0.968195   slack (MET)


Startpoint: _2762_ (rising edge-triggered flip-flop clocked by clk)
Endpoint: _2762_ (rising edge-triggered flip-flop clocked by clk)
Path Group: clk
Path Type: min

Fanout         Cap        Slew       Delay        Time   Description
---------------------------------------------------------------------------------------------
                      0.150000    0.000000    0.000000   clock clk (rise edge)
                                  0.000000    0.000000   clock network delay (ideal)
                      0.150000    0.000000    0.000000 ^ _2762_/CLK (sky130_fd_sc_hd__dfrtp_2)
    14    0.038564    0.316637    0.933748    0.933748 ^ _2762_/Q (sky130_fd_sc_hd__dfrtp_2)
                                                         graphics_core.dy[0] (net)
                      0.316637    0.000000    0.933748 ^ _2731_/B1 (sky130_fd_sc_hd__a21oi_2)
     1    0.004246    0.077985    0.130637    1.064385 v _2731_/Y (sky130_fd_sc_hd__a21oi_2)
                                                         _0456_ (net)
                      0.077985    0.000000    1.064385 v _2733_/A (sky130_fd_sc_hd__nor2_2)
     1    0.001853    0.087205    0.147657    1.212042 ^ _2733_/Y (sky130_fd_sc_hd__nor2_2)
                                                         _0000_ (net)
                      0.087205    0.000000    1.212042 ^ _2762_/D (sky130_fd_sc_hd__dfrtp_2)
                                              1.212042   data arrival time

                      0.150000    0.000000    0.000000   clock clk (rise edge)
                                  0.000000    0.000000   clock network delay (ideal)
                                  0.250000    0.250000   clock uncertainty
                                  0.000000    0.250000   clock reconvergence pessimism
                                              0.250000 ^ _2762_/CLK (sky130_fd_sc_hd__dfrtp_2)
                                 -0.067681    0.182319   library hold time
                                              0.182319   data required time
---------------------------------------------------------------------------------------------
                                              0.182319   data required time
                                             -1.212042   data arrival time
---------------------------------------------------------------------------------------------
                                              1.029723   slack (MET)


Startpoint: _2765_ (rising edge-triggered flip-flop clocked by clk)
Endpoint: _2765_ (rising edge-triggered flip-flop clocked by clk)
Path Group: clk
Path Type: min

Fanout         Cap        Slew       Delay        Time   Description
---------------------------------------------------------------------------------------------
                      0.150000    0.000000    0.000000   clock clk (rise edge)
                                  0.000000    0.000000   clock network delay (ideal)
                      0.150000    0.000000    0.000000 ^ _2765_/CLK (sky130_fd_sc_hd__dfrtp_2)
     9    0.041193    0.334639    0.947838    0.947838 ^ _2765_/Q (sky130_fd_sc_hd__dfrtp_2)
                                                         graphics_core.y[3] (net)
                      0.334639    0.000000    0.947838 ^ _2738_/B1 (sky130_fd_sc_hd__a21oi_2)
     1    0.004246    0.078042    0.134099    1.081937 v _2738_/Y (sky130_fd_sc_hd__a21oi_2)
                                                         _0461_ (net)
                      0.078042    0.000000    1.081937 v _2740_/A (sky130_fd_sc_hd__nor2_2)
     1    0.001853    0.087205    0.147682    1.229619 ^ _2740_/Y (sky130_fd_sc_hd__nor2_2)
                                                         _0003_ (net)
                      0.087205    0.000000    1.229619 ^ _2765_/D (sky130_fd_sc_hd__dfrtp_2)
                                              1.229619   data arrival time

                      0.150000    0.000000    0.000000   clock clk (rise edge)
                                  0.000000    0.000000   clock network delay (ideal)
                                  0.250000    0.250000   clock uncertainty
                                  0.000000    0.250000   clock reconvergence pessimism
                                              0.250000 ^ _2765_/CLK (sky130_fd_sc_hd__dfrtp_2)
                                 -0.067681    0.182319   library hold time
                                              0.182319   data required time
---------------------------------------------------------------------------------------------
                                              0.182319   data required time
                                             -1.229619   data arrival time
---------------------------------------------------------------------------------------------
                                              1.047300   slack (MET)


Startpoint: _2766_ (rising edge-triggered flip-flop clocked by clk)
Endpoint: _2766_ (rising edge-triggered flip-flop clocked by clk)
Path Group: clk
Path Type: min

Fanout         Cap        Slew       Delay        Time   Description
---------------------------------------------------------------------------------------------
                      0.150000    0.000000    0.000000   clock clk (rise edge)
                                  0.000000    0.000000   clock network delay (ideal)
                      0.150000    0.000000    0.000000 ^ _2766_/CLK (sky130_fd_sc_hd__dfrtp_2)
    11    0.043470    0.350232    0.960042    0.960042 ^ _2766_/Q (sky130_fd_sc_hd__dfrtp_2)
                                                         graphics_core.y[4] (net)
                      0.350232    0.000000    0.960042 ^ _2741_/A (sky130_fd_sc_hd__nor2_2)
     1    0.004246    0.043762    0.165901    1.125942 v _2741_/Y (sky130_fd_sc_hd__nor2_2)
                                                         _0463_ (net)
                      0.043762    0.000000    1.125942 v _2743_/A (sky130_fd_sc_hd__nor2_2)
     1    0.001853    0.087181    0.132491    1.258434 ^ _2743_/Y (sky130_fd_sc_hd__nor2_2)
                                                         _0004_ (net)
                      0.087181    0.000000    1.258434 ^ _2766_/D (sky130_fd_sc_hd__dfrtp_2)
                                              1.258434   data arrival time

                      0.150000    0.000000    0.000000   clock clk (rise edge)
                                  0.000000    0.000000   clock network delay (ideal)
                                  0.250000    0.250000   clock uncertainty
                                  0.000000    0.250000   clock reconvergence pessimism
                                              0.250000 ^ _2766_/CLK (sky130_fd_sc_hd__dfrtp_2)
                                 -0.067675    0.182325   library hold time
                                              0.182325   data required time
---------------------------------------------------------------------------------------------
                                              0.182325   data required time
                                             -1.258434   data arrival time
---------------------------------------------------------------------------------------------
                                              1.076109   slack (MET)


Startpoint: _2772_ (rising edge-triggered flip-flop clocked by clk)
Endpoint: _2772_ (rising edge-triggered flip-flop clocked by clk)
Path Group: clk
Path Type: min

Fanout         Cap        Slew       Delay        Time   Description
---------------------------------------------------------------------------------------------
                      0.150000    0.000000    0.000000   clock clk (rise edge)
                                  0.000000    0.000000   clock network delay (ideal)
                      0.150000    0.000000    0.000000 ^ _2772_/CLK (sky130_fd_sc_hd__dfrtp_2)
     7    0.017576    0.173051    0.819861    0.819861 ^ _2772_/Q (sky130_fd_sc_hd__dfrtp_2)
                                                         graphics_core.x[2] (net)
                      0.173051    0.000000    0.819861 ^ _2752_/A (sky130_fd_sc_hd__or2_2)
     1    0.001460    0.040495    0.211848    1.031709 ^ _2752_/X (sky130_fd_sc_hd__or2_2)
                                                         _0469_ (net)
                      0.040495    0.000000    1.031709 ^ _2753_/B (sky130_fd_sc_hd__and2_2)
     1    0.001853    0.061083    0.238213    1.269922 ^ _2753_/X (sky130_fd_sc_hd__and2_2)
                                                         _0010_ (net)
                      0.061083    0.000000    1.269922 ^ _2772_/D (sky130_fd_sc_hd__dfrtp_2)
                                              1.269922   data arrival time

                      0.150000    0.000000    0.000000   clock clk (rise edge)
                                  0.000000    0.000000   clock network delay (ideal)
                                  0.250000    0.250000   clock uncertainty
                                  0.000000    0.250000   clock reconvergence pessimism
                                              0.250000 ^ _2772_/CLK (sky130_fd_sc_hd__dfrtp_2)
                                 -0.061745    0.188255   library hold time
                                              0.188255   data required time
---------------------------------------------------------------------------------------------
                                              0.188255   data required time
                                             -1.269922   data arrival time
---------------------------------------------------------------------------------------------
                                              1.081668   slack (MET)


Startpoint: _2777_ (rising edge-triggered flip-flop clocked by clk)
Endpoint: _2777_ (rising edge-triggered flip-flop clocked by clk)
Path Group: clk
Path Type: min

Fanout         Cap        Slew       Delay        Time   Description
---------------------------------------------------------------------------------------------
                      0.150000    0.000000    0.000000   clock clk (rise edge)
                                  0.000000    0.000000   clock network delay (ideal)
                      0.150000    0.000000    0.000000 ^ _2777_/CLK (sky130_fd_sc_hd__dfrtp_2)
     8    0.033722    0.283480    0.907798    0.907798 ^ _2777_/Q (sky130_fd_sc_hd__dfrtp_2)
                                                         graphics_core.x[7] (net)
                      0.283480    0.000000    0.907798 ^ _1383_/A (sky130_fd_sc_hd__inv_2)
     3    0.025293    0.136021    0.219287    1.127085 v _1383_/Y (sky130_fd_sc_hd__inv_2)
                                                         _0926_ (net)
                      0.136021    0.000000    1.127085 v _2761_/A (sky130_fd_sc_hd__xnor2_2)
     1    0.001853    0.052219    0.232333    1.359418 ^ _2761_/Y (sky130_fd_sc_hd__xnor2_2)
                                                         _0015_ (net)
                      0.052219    0.000000    1.359418 ^ _2777_/D (sky130_fd_sc_hd__dfrtp_2)
                                              1.359418   data arrival time

                      0.150000    0.000000    0.000000   clock clk (rise edge)
                                  0.000000    0.000000   clock network delay (ideal)
                                  0.250000    0.250000   clock uncertainty
                                  0.000000    0.250000   clock reconvergence pessimism
                                              0.250000 ^ _2777_/CLK (sky130_fd_sc_hd__dfrtp_2)
                                 -0.059731    0.190269   library hold time
                                              0.190269   data required time
---------------------------------------------------------------------------------------------
                                              0.190269   data required time
                                             -1.359418   data arrival time
---------------------------------------------------------------------------------------------
                                              1.169149   slack (MET)


Startpoint: _2772_ (rising edge-triggered flip-flop clocked by clk)
Endpoint: _2774_ (rising edge-triggered flip-flop clocked by clk)
Path Group: clk
Path Type: min

Fanout         Cap        Slew       Delay        Time   Description
---------------------------------------------------------------------------------------------
                      0.150000    0.000000    0.000000   clock clk (rise edge)
                                  0.000000    0.000000   clock network delay (ideal)
                      0.150000    0.000000    0.000000 ^ _2772_/CLK (sky130_fd_sc_hd__dfrtp_2)
     7    0.017576    0.173051    0.819861    0.819861 ^ _2772_/Q (sky130_fd_sc_hd__dfrtp_2)
                                                         graphics_core.x[2] (net)
                      0.173051    0.000000    0.819861 ^ _2755_/A2 (sky130_fd_sc_hd__a31o_2)
     1    0.001604    0.050813    0.333662    1.153522 ^ _2755_/X (sky130_fd_sc_hd__a31o_2)
                                                         _0471_ (net)
                      0.050813    0.000000    1.153522 ^ _2756_/B (sky130_fd_sc_hd__and2b_2)
     1    0.001853    0.057590    0.245886    1.399408 ^ _2756_/X (sky130_fd_sc_hd__and2b_2)
                                                         _0012_ (net)
                      0.057590    0.000000    1.399408 ^ _2774_/D (sky130_fd_sc_hd__dfrtp_2)
                                              1.399408   data arrival time

                      0.150000    0.000000    0.000000   clock clk (rise edge)
                                  0.000000    0.000000   clock network delay (ideal)
                                  0.250000    0.250000   clock uncertainty
                                  0.000000    0.250000   clock reconvergence pessimism
                                              0.250000 ^ _2774_/CLK (sky130_fd_sc_hd__dfrtp_2)
                                 -0.060952    0.189048   library hold time
                                              0.189048   data required time
---------------------------------------------------------------------------------------------
                                              0.189048   data required time
                                             -1.399408   data arrival time
---------------------------------------------------------------------------------------------
                                              1.210360   slack (MET)


Startpoint: _2763_ (rising edge-triggered flip-flop clocked by clk)
Endpoint: _2763_ (rising edge-triggered flip-flop clocked by clk)
Path Group: clk
Path Type: min

Fanout         Cap        Slew       Delay        Time   Description
---------------------------------------------------------------------------------------------
                      0.150000    0.000000    0.000000   clock clk (rise edge)
                                  0.000000    0.000000   clock network delay (ideal)
                      0.150000    0.000000    0.000000 ^ _2763_/CLK (sky130_fd_sc_hd__dfrtp_2)
    22    0.065681    0.503826    1.078081    1.078081 ^ _2763_/Q (sky130_fd_sc_hd__dfrtp_2)
                                                         graphics_core.dy[1] (net)
                      0.503826    0.000000    1.078081 ^ _2734_/A (sky130_fd_sc_hd__nor2_2)
     1    0.004246    0.043763    0.205066    1.283147 v _2734_/Y (sky130_fd_sc_hd__nor2_2)
                                                         _0459_ (net)
                      0.043763    0.000000    1.283147 v _2736_/A (sky130_fd_sc_hd__nor2_2)
     1    0.001853    0.087181    0.132492    1.415639 ^ _2736_/Y (sky130_fd_sc_hd__nor2_2)
                                                         _0001_ (net)
                      0.087181    0.000000    1.415639 ^ _2763_/D (sky130_fd_sc_hd__dfrtp_2)
                                              1.415639   data arrival time

                      0.150000    0.000000    0.000000   clock clk (rise edge)
                                  0.000000    0.000000   clock network delay (ideal)
                                  0.250000    0.250000   clock uncertainty
                                  0.000000    0.250000   clock reconvergence pessimism
                                              0.250000 ^ _2763_/CLK (sky130_fd_sc_hd__dfrtp_2)
                                 -0.067675    0.182325   library hold time
                                              0.182325   data required time
---------------------------------------------------------------------------------------------
                                              0.182325   data required time
                                             -1.415639   data arrival time
---------------------------------------------------------------------------------------------
                                              1.233315   slack (MET)


Startpoint: _2771_ (rising edge-triggered flip-flop clocked by clk)
Endpoint: _2771_ (rising edge-triggered flip-flop clocked by clk)
Path Group: clk
Path Type: min

Fanout         Cap        Slew       Delay        Time   Description
---------------------------------------------------------------------------------------------
                      0.150000    0.000000    0.000000   clock clk (rise edge)
                                  0.000000    0.000000   clock network delay (ideal)
                      0.150000    0.000000    0.000000 ^ _2771_/CLK (sky130_fd_sc_hd__dfrtp_2)
    11    0.036012    0.299161    0.920071    0.920071 ^ _2771_/Q (sky130_fd_sc_hd__dfrtp_2)
                                                         graphics_core.dx[1] (net)
                      0.299161    0.000000    0.920071 ^ _1379_/A (sky130_fd_sc_hd__inv_2)
     7    0.028246    0.149714    0.234728    1.154799 v _1379_/Y (sky130_fd_sc_hd__inv_2)
                                                         _0882_ (net)
                      0.149714    0.000000    1.154799 v _2750_/B1 (sky130_fd_sc_hd__o21ai_2)
     1    0.001604    0.065732    0.103328    1.258126 ^ _2750_/Y (sky130_fd_sc_hd__o21ai_2)
                                                         _0468_ (net)
                      0.065732    0.000000    1.258126 ^ _2751_/B (sky130_fd_sc_hd__and2b_2)
     1    0.001853    0.057600    0.251868    1.509994 ^ _2751_/X (sky130_fd_sc_hd__and2b_2)
                                                         _0009_ (net)
                      0.057600    0.000000    1.509994 ^ _2771_/D (sky130_fd_sc_hd__dfrtp_2)
                                              1.509994   data arrival time

                      0.150000    0.000000    0.000000   clock clk (rise edge)
                                  0.000000    0.000000   clock network delay (ideal)
                                  0.250000    0.250000   clock uncertainty
                                  0.000000    0.250000   clock reconvergence pessimism
                                              0.250000 ^ _2771_/CLK (sky130_fd_sc_hd__dfrtp_2)
                                 -0.060954    0.189046   library hold time
                                              0.189046   data required time
---------------------------------------------------------------------------------------------
                                              0.189046   data required time
                                             -1.509994   data arrival time
---------------------------------------------------------------------------------------------
                                              1.320948   slack (MET)


Startpoint: rst_n (input port clocked by clk)
Endpoint: _2762_ (removal check against rising-edge clock clk)
Path Group: asynchronous
Path Type: min

Fanout         Cap        Slew       Delay        Time   Description
---------------------------------------------------------------------------------------------
                      0.150000    0.000000    0.000000   clock clk (rise edge)
                                  0.000000    0.000000   clock network delay (ideal)
                                 10.000000   10.000000 ^ input external delay
    16    0.052208    0.378043    0.261020   10.261020 ^ rst_n (in)
                                                         rst_n (net)
                      0.378043    0.000000   10.261020 ^ _2762_/RESET_B (sky130_fd_sc_hd__dfrtp_2)
                                             10.261020   data arrival time

                      0.150000    0.000000    0.000000   clock clk (rise edge)
                                  0.000000    0.000000   clock network delay (ideal)
                                  0.250000    0.250000   clock uncertainty
                                  0.000000    0.250000   clock reconvergence pessimism
                                              0.250000 ^ _2762_/CLK (sky130_fd_sc_hd__dfrtp_2)
                                  0.775878    1.025878   library removal time
                                              1.025878   data required time
---------------------------------------------------------------------------------------------
                                              1.025878   data required time
                                            -10.261020   data arrival time
---------------------------------------------------------------------------------------------
                                              9.235142   slack (MET)


Startpoint: rst_n (input port clocked by clk)
Endpoint: _2763_ (removal check against rising-edge clock clk)
Path Group: asynchronous
Path Type: min

Fanout         Cap        Slew       Delay        Time   Description
---------------------------------------------------------------------------------------------
                      0.150000    0.000000    0.000000   clock clk (rise edge)
                                  0.000000    0.000000   clock network delay (ideal)
                                 10.000000   10.000000 ^ input external delay
    16    0.052208    0.378043    0.261020   10.261020 ^ rst_n (in)
                                                         rst_n (net)
                      0.378043    0.000000   10.261020 ^ _2763_/RESET_B (sky130_fd_sc_hd__dfrtp_2)
                                             10.261020   data arrival time

                      0.150000    0.000000    0.000000   clock clk (rise edge)
                                  0.000000    0.000000   clock network delay (ideal)
                                  0.250000    0.250000   clock uncertainty
                                  0.000000    0.250000   clock reconvergence pessimism
                                              0.250000 ^ _2763_/CLK (sky130_fd_sc_hd__dfrtp_2)
                                  0.775878    1.025878   library removal time
                                              1.025878   data required time
---------------------------------------------------------------------------------------------
                                              1.025878   data required time
                                            -10.261020   data arrival time
---------------------------------------------------------------------------------------------
                                              9.235142   slack (MET)


Startpoint: rst_n (input port clocked by clk)
Endpoint: _2764_ (removal check against rising-edge clock clk)
Path Group: asynchronous
Path Type: min

Fanout         Cap        Slew       Delay        Time   Description
---------------------------------------------------------------------------------------------
                      0.150000    0.000000    0.000000   clock clk (rise edge)
                                  0.000000    0.000000   clock network delay (ideal)
                                 10.000000   10.000000 ^ input external delay
    16    0.052208    0.378043    0.261020   10.261020 ^ rst_n (in)
                                                         rst_n (net)
                      0.378043    0.000000   10.261020 ^ _2764_/RESET_B (sky130_fd_sc_hd__dfrtp_2)
                                             10.261020   data arrival time

                      0.150000    0.000000    0.000000   clock clk (rise edge)
                                  0.000000    0.000000   clock network delay (ideal)
                                  0.250000    0.250000   clock uncertainty
                                  0.000000    0.250000   clock reconvergence pessimism
                                              0.250000 ^ _2764_/CLK (sky130_fd_sc_hd__dfrtp_2)
                                  0.775878    1.025878   library removal time
                                              1.025878   data required time
---------------------------------------------------------------------------------------------
                                              1.025878   data required time
                                            -10.261020   data arrival time
---------------------------------------------------------------------------------------------
                                              9.235142   slack (MET)


Startpoint: rst_n (input port clocked by clk)
Endpoint: _2765_ (removal check against rising-edge clock clk)
Path Group: asynchronous
Path Type: min

Fanout         Cap        Slew       Delay        Time   Description
---------------------------------------------------------------------------------------------
                      0.150000    0.000000    0.000000   clock clk (rise edge)
                                  0.000000    0.000000   clock network delay (ideal)
                                 10.000000   10.000000 ^ input external delay
    16    0.052208    0.378043    0.261020   10.261020 ^ rst_n (in)
                                                         rst_n (net)
                      0.378043    0.000000   10.261020 ^ _2765_/RESET_B (sky130_fd_sc_hd__dfrtp_2)
                                             10.261020   data arrival time

                      0.150000    0.000000    0.000000   clock clk (rise edge)
                                  0.000000    0.000000   clock network delay (ideal)
                                  0.250000    0.250000   clock uncertainty
                                  0.000000    0.250000   clock reconvergence pessimism
                                              0.250000 ^ _2765_/CLK (sky130_fd_sc_hd__dfrtp_2)
                                  0.775878    1.025878   library removal time
                                              1.025878   data required time
---------------------------------------------------------------------------------------------
                                              1.025878   data required time
                                            -10.261020   data arrival time
---------------------------------------------------------------------------------------------
                                              9.235142   slack (MET)


Startpoint: rst_n (input port clocked by clk)
Endpoint: _2766_ (removal check against rising-edge clock clk)
Path Group: asynchronous
Path Type: min

Fanout         Cap        Slew       Delay        Time   Description
---------------------------------------------------------------------------------------------
                      0.150000    0.000000    0.000000   clock clk (rise edge)
                                  0.000000    0.000000   clock network delay (ideal)
                                 10.000000   10.000000 ^ input external delay
    16    0.052208    0.378043    0.261020   10.261020 ^ rst_n (in)
                                                         rst_n (net)
                      0.378043    0.000000   10.261020 ^ _2766_/RESET_B (sky130_fd_sc_hd__dfrtp_2)
                                             10.261020   data arrival time

                      0.150000    0.000000    0.000000   clock clk (rise edge)
                                  0.000000    0.000000   clock network delay (ideal)
                                  0.250000    0.250000   clock uncertainty
                                  0.000000    0.250000   clock reconvergence pessimism
                                              0.250000 ^ _2766_/CLK (sky130_fd_sc_hd__dfrtp_2)
                                  0.775878    1.025878   library removal time
                                              1.025878   data required time
---------------------------------------------------------------------------------------------
                                              1.025878   data required time
                                            -10.261020   data arrival time
---------------------------------------------------------------------------------------------
                                              9.235142   slack (MET)


Startpoint: rst_n (input port clocked by clk)
Endpoint: _2767_ (removal check against rising-edge clock clk)
Path Group: asynchronous
Path Type: min

Fanout         Cap        Slew       Delay        Time   Description
---------------------------------------------------------------------------------------------
                      0.150000    0.000000    0.000000   clock clk (rise edge)
                                  0.000000    0.000000   clock network delay (ideal)
                                 10.000000   10.000000 ^ input external delay
    16    0.052208    0.378043    0.261020   10.261020 ^ rst_n (in)
                                                         rst_n (net)
                      0.378043    0.000000   10.261020 ^ _2767_/RESET_B (sky130_fd_sc_hd__dfrtp_2)
                                             10.261020   data arrival time

                      0.150000    0.000000    0.000000   clock clk (rise edge)
                                  0.000000    0.000000   clock network delay (ideal)
                                  0.250000    0.250000   clock uncertainty
                                  0.000000    0.250000   clock reconvergence pessimism
                                              0.250000 ^ _2767_/CLK (sky130_fd_sc_hd__dfrtp_2)
                                  0.775878    1.025878   library removal time
                                              1.025878   data required time
---------------------------------------------------------------------------------------------
                                              1.025878   data required time
                                            -10.261020   data arrival time
---------------------------------------------------------------------------------------------
                                              9.235142   slack (MET)


Startpoint: rst_n (input port clocked by clk)
Endpoint: _2768_ (removal check against rising-edge clock clk)
Path Group: asynchronous
Path Type: min

Fanout         Cap        Slew       Delay        Time   Description
---------------------------------------------------------------------------------------------
                      0.150000    0.000000    0.000000   clock clk (rise edge)
                                  0.000000    0.000000   clock network delay (ideal)
                                 10.000000   10.000000 ^ input external delay
    16    0.052208    0.378043    0.261020   10.261020 ^ rst_n (in)
                                                         rst_n (net)
                      0.378043    0.000000   10.261020 ^ _2768_/RESET_B (sky130_fd_sc_hd__dfrtp_2)
                                             10.261020   data arrival time

                      0.150000    0.000000    0.000000   clock clk (rise edge)
                                  0.000000    0.000000   clock network delay (ideal)
                                  0.250000    0.250000   clock uncertainty
                                  0.000000    0.250000   clock reconvergence pessimism
                                              0.250000 ^ _2768_/CLK (sky130_fd_sc_hd__dfrtp_2)
                                  0.775878    1.025878   library removal time
                                              1.025878   data required time
---------------------------------------------------------------------------------------------
                                              1.025878   data required time
                                            -10.261020   data arrival time
---------------------------------------------------------------------------------------------
                                              9.235142   slack (MET)


Startpoint: rst_n (input port clocked by clk)
Endpoint: _2769_ (removal check against rising-edge clock clk)
Path Group: asynchronous
Path Type: min

Fanout         Cap        Slew       Delay        Time   Description
---------------------------------------------------------------------------------------------
                      0.150000    0.000000    0.000000   clock clk (rise edge)
                                  0.000000    0.000000   clock network delay (ideal)
                                 10.000000   10.000000 ^ input external delay
    16    0.052208    0.378043    0.261020   10.261020 ^ rst_n (in)
                                                         rst_n (net)
                      0.378043    0.000000   10.261020 ^ _2769_/RESET_B (sky130_fd_sc_hd__dfrtp_2)
                                             10.261020   data arrival time

                      0.150000    0.000000    0.000000   clock clk (rise edge)
                                  0.000000    0.000000   clock network delay (ideal)
                                  0.250000    0.250000   clock uncertainty
                                  0.000000    0.250000   clock reconvergence pessimism
                                              0.250000 ^ _2769_/CLK (sky130_fd_sc_hd__dfrtp_2)
                                  0.775878    1.025878   library removal time
                                              1.025878   data required time
---------------------------------------------------------------------------------------------
                                              1.025878   data required time
                                            -10.261020   data arrival time
---------------------------------------------------------------------------------------------
                                              9.235142   slack (MET)


Startpoint: rst_n (input port clocked by clk)
Endpoint: _2770_ (removal check against rising-edge clock clk)
Path Group: asynchronous
Path Type: min

Fanout         Cap        Slew       Delay        Time   Description
---------------------------------------------------------------------------------------------
                      0.150000    0.000000    0.000000   clock clk (rise edge)
                                  0.000000    0.000000   clock network delay (ideal)
                                 10.000000   10.000000 ^ input external delay
    16    0.052208    0.378043    0.261020   10.261020 ^ rst_n (in)
                                                         rst_n (net)
                      0.378043    0.000000   10.261020 ^ _2770_/RESET_B (sky130_fd_sc_hd__dfrtp_2)
                                             10.261020   data arrival time

                      0.150000    0.000000    0.000000   clock clk (rise edge)
                                  0.000000    0.000000   clock network delay (ideal)
                                  0.250000    0.250000   clock uncertainty
                                  0.000000    0.250000   clock reconvergence pessimism
                                              0.250000 ^ _2770_/CLK (sky130_fd_sc_hd__dfrtp_2)
                                  0.775878    1.025878   library removal time
                                              1.025878   data required time
---------------------------------------------------------------------------------------------
                                              1.025878   data required time
                                            -10.261020   data arrival time
---------------------------------------------------------------------------------------------
                                              9.235142   slack (MET)


Startpoint: rst_n (input port clocked by clk)
Endpoint: _2771_ (removal check against rising-edge clock clk)
Path Group: asynchronous
Path Type: min

Fanout         Cap        Slew       Delay        Time   Description
---------------------------------------------------------------------------------------------
                      0.150000    0.000000    0.000000   clock clk (rise edge)
                                  0.000000    0.000000   clock network delay (ideal)
                                 10.000000   10.000000 ^ input external delay
    16    0.052208    0.378043    0.261020   10.261020 ^ rst_n (in)
                                                         rst_n (net)
                      0.378043    0.000000   10.261020 ^ _2771_/RESET_B (sky130_fd_sc_hd__dfrtp_2)
                                             10.261020   data arrival time

                      0.150000    0.000000    0.000000   clock clk (rise edge)
                                  0.000000    0.000000   clock network delay (ideal)
                                  0.250000    0.250000   clock uncertainty
                                  0.000000    0.250000   clock reconvergence pessimism
                                              0.250000 ^ _2771_/CLK (sky130_fd_sc_hd__dfrtp_2)
                                  0.775878    1.025878   library removal time
                                              1.025878   data required time
---------------------------------------------------------------------------------------------
                                              1.025878   data required time
                                            -10.261020   data arrival time
---------------------------------------------------------------------------------------------
                                              9.235142   slack (MET)


Startpoint: rst_n (input port clocked by clk)
Endpoint: _2772_ (removal check against rising-edge clock clk)
Path Group: asynchronous
Path Type: min

Fanout         Cap        Slew       Delay        Time   Description
---------------------------------------------------------------------------------------------
                      0.150000    0.000000    0.000000   clock clk (rise edge)
                                  0.000000    0.000000   clock network delay (ideal)
                                 10.000000   10.000000 ^ input external delay
    16    0.052208    0.378043    0.261020   10.261020 ^ rst_n (in)
                                                         rst_n (net)
                      0.378043    0.000000   10.261020 ^ _2772_/RESET_B (sky130_fd_sc_hd__dfrtp_2)
                                             10.261020   data arrival time

                      0.150000    0.000000    0.000000   clock clk (rise edge)
                                  0.000000    0.000000   clock network delay (ideal)
                                  0.250000    0.250000   clock uncertainty
                                  0.000000    0.250000   clock reconvergence pessimism
                                              0.250000 ^ _2772_/CLK (sky130_fd_sc_hd__dfrtp_2)
                                  0.775878    1.025878   library removal time
                                              1.025878   data required time
---------------------------------------------------------------------------------------------
                                              1.025878   data required time
                                            -10.261020   data arrival time
---------------------------------------------------------------------------------------------
                                              9.235142   slack (MET)


Startpoint: rst_n (input port clocked by clk)
Endpoint: _2773_ (removal check against rising-edge clock clk)
Path Group: asynchronous
Path Type: min

Fanout         Cap        Slew       Delay        Time   Description
---------------------------------------------------------------------------------------------
                      0.150000    0.000000    0.000000   clock clk (rise edge)
                                  0.000000    0.000000   clock network delay (ideal)
                                 10.000000   10.000000 ^ input external delay
    16    0.052208    0.378043    0.261020   10.261020 ^ rst_n (in)
                                                         rst_n (net)
                      0.378043    0.000000   10.261020 ^ _2773_/RESET_B (sky130_fd_sc_hd__dfrtp_2)
                                             10.261020   data arrival time

                      0.150000    0.000000    0.000000   clock clk (rise edge)
                                  0.000000    0.000000   clock network delay (ideal)
                                  0.250000    0.250000   clock uncertainty
                                  0.000000    0.250000   clock reconvergence pessimism
                                              0.250000 ^ _2773_/CLK (sky130_fd_sc_hd__dfrtp_2)
                                  0.775878    1.025878   library removal time
                                              1.025878   data required time
---------------------------------------------------------------------------------------------
                                              1.025878   data required time
                                            -10.261020   data arrival time
---------------------------------------------------------------------------------------------
                                              9.235142   slack (MET)


Startpoint: rst_n (input port clocked by clk)
Endpoint: _2774_ (removal check against rising-edge clock clk)
Path Group: asynchronous
Path Type: min

Fanout         Cap        Slew       Delay        Time   Description
---------------------------------------------------------------------------------------------
                      0.150000    0.000000    0.000000   clock clk (rise edge)
                                  0.000000    0.000000   clock network delay (ideal)
                                 10.000000   10.000000 ^ input external delay
    16    0.052208    0.378043    0.261020   10.261020 ^ rst_n (in)
                                                         rst_n (net)
                      0.378043    0.000000   10.261020 ^ _2774_/RESET_B (sky130_fd_sc_hd__dfrtp_2)
                                             10.261020   data arrival time

                      0.150000    0.000000    0.000000   clock clk (rise edge)
                                  0.000000    0.000000   clock network delay (ideal)
                                  0.250000    0.250000   clock uncertainty
                                  0.000000    0.250000   clock reconvergence pessimism
                                              0.250000 ^ _2774_/CLK (sky130_fd_sc_hd__dfrtp_2)
                                  0.775878    1.025878   library removal time
                                              1.025878   data required time
---------------------------------------------------------------------------------------------
                                              1.025878   data required time
                                            -10.261020   data arrival time
---------------------------------------------------------------------------------------------
                                              9.235142   slack (MET)


Startpoint: rst_n (input port clocked by clk)
Endpoint: _2775_ (removal check against rising-edge clock clk)
Path Group: asynchronous
Path Type: min

Fanout         Cap        Slew       Delay        Time   Description
---------------------------------------------------------------------------------------------
                      0.150000    0.000000    0.000000   clock clk (rise edge)
                                  0.000000    0.000000   clock network delay (ideal)
                                 10.000000   10.000000 ^ input external delay
    16    0.052208    0.378043    0.261020   10.261020 ^ rst_n (in)
                                                         rst_n (net)
                      0.378043    0.000000   10.261020 ^ _2775_/RESET_B (sky130_fd_sc_hd__dfrtp_2)
                                             10.261020   data arrival time

                      0.150000    0.000000    0.000000   clock clk (rise edge)
                                  0.000000    0.000000   clock network delay (ideal)
                                  0.250000    0.250000   clock uncertainty
                                  0.000000    0.250000   clock reconvergence pessimism
                                              0.250000 ^ _2775_/CLK (sky130_fd_sc_hd__dfrtp_2)
                                  0.775878    1.025878   library removal time
                                              1.025878   data required time
---------------------------------------------------------------------------------------------
                                              1.025878   data required time
                                            -10.261020   data arrival time
---------------------------------------------------------------------------------------------
                                              9.235142   slack (MET)


Startpoint: rst_n (input port clocked by clk)
Endpoint: _2776_ (removal check against rising-edge clock clk)
Path Group: asynchronous
Path Type: min

Fanout         Cap        Slew       Delay        Time   Description
---------------------------------------------------------------------------------------------
                      0.150000    0.000000    0.000000   clock clk (rise edge)
                                  0.000000    0.000000   clock network delay (ideal)
                                 10.000000   10.000000 ^ input external delay
    16    0.052208    0.378043    0.261020   10.261020 ^ rst_n (in)
                                                         rst_n (net)
                      0.378043    0.000000   10.261020 ^ _2776_/RESET_B (sky130_fd_sc_hd__dfrtp_2)
                                             10.261020   data arrival time

                      0.150000    0.000000    0.000000   clock clk (rise edge)
                                  0.000000    0.000000   clock network delay (ideal)
                                  0.250000    0.250000   clock uncertainty
                                  0.000000    0.250000   clock reconvergence pessimism
                                              0.250000 ^ _2776_/CLK (sky130_fd_sc_hd__dfrtp_2)
                                  0.775878    1.025878   library removal time
                                              1.025878   data required time
---------------------------------------------------------------------------------------------
                                              1.025878   data required time
                                            -10.261020   data arrival time
---------------------------------------------------------------------------------------------
                                              9.235142   slack (MET)


Startpoint: rst_n (input port clocked by clk)
Endpoint: _2777_ (removal check against rising-edge clock clk)
Path Group: asynchronous
Path Type: min

Fanout         Cap        Slew       Delay        Time   Description
---------------------------------------------------------------------------------------------
                      0.150000    0.000000    0.000000   clock clk (rise edge)
                                  0.000000    0.000000   clock network delay (ideal)
                                 10.000000   10.000000 ^ input external delay
    16    0.052208    0.378043    0.261020   10.261020 ^ rst_n (in)
                                                         rst_n (net)
                      0.378043    0.000000   10.261020 ^ _2777_/RESET_B (sky130_fd_sc_hd__dfrtp_2)
                                             10.261020   data arrival time

                      0.150000    0.000000    0.000000   clock clk (rise edge)
                                  0.000000    0.000000   clock network delay (ideal)
                                  0.250000    0.250000   clock uncertainty
                                  0.000000    0.250000   clock reconvergence pessimism
                                              0.250000 ^ _2777_/CLK (sky130_fd_sc_hd__dfrtp_2)
                                  0.775878    1.025878   library removal time
                                              1.025878   data required time
---------------------------------------------------------------------------------------------
                                              1.025878   data required time
                                            -10.261020   data arrival time
---------------------------------------------------------------------------------------------
                                              9.235142   slack (MET)


Startpoint: _2773_ (rising edge-triggered flip-flop clocked by clk)
Endpoint: uo_out[1] (output port clocked by clk)
Path Group: clk
Path Type: min

Fanout         Cap        Slew       Delay        Time   Description
---------------------------------------------------------------------------------------------
                      0.150000    0.000000    0.000000   clock clk (rise edge)
                                  0.000000    0.000000   clock network delay (ideal)
                      0.150000    0.000000    0.000000 ^ _2773_/CLK (sky130_fd_sc_hd__dfrtp_2)
    11    0.049450    0.391181    0.992091    0.992091 ^ _2773_/Q (sky130_fd_sc_hd__dfrtp_2)
                                                         graphics_core.x[3] (net)
                      0.391181    0.000000    0.992091 ^ _2681_/A1 (sky130_fd_sc_hd__a21oi_2)
     1    0.004124    0.034694    0.209651    1.201742 v _2681_/Y (sky130_fd_sc_hd__a21oi_2)
                                                         _0408_ (net)
                      0.034694    0.000000    1.201742 v _2682_/A3 (sky130_fd_sc_hd__o32ai_2)
     1    0.002495    0.194328    0.298066    1.499807 ^ _2682_/Y (sky130_fd_sc_hd__o32ai_2)
                                                         _0409_ (net)
                      0.194328    0.000000    1.499807 ^ _2683_/A3 (sky130_fd_sc_hd__o31a_2)
     1    0.008542    0.106314    0.320517    1.820325 ^ _2683_/X (sky130_fd_sc_hd__o31a_2)
                                                         _0410_ (net)
                      0.106314    0.000000    1.820325 ^ _2684_/B (sky130_fd_sc_hd__xor2_2)
     1    0.033442    0.185233    0.310952    2.131277 v _2684_/X (sky130_fd_sc_hd__xor2_2)
                                                         uo_out[1] (net)
                      0.185233    0.000000    2.131277 v uo_out[1] (out)
                                              2.131277   data arrival time

                      0.150000    0.000000    0.000000   clock clk (rise edge)
                                  0.000000    0.000000   clock network delay (ideal)
                                  0.250000    0.250000   clock uncertainty
                                  0.000000    0.250000   clock reconvergence pessimism
                                -10.000000   -9.750000   output external delay
                                             -9.750000   data required time
---------------------------------------------------------------------------------------------
                                             -9.750000   data required time
                                             -2.131277   data arrival time
---------------------------------------------------------------------------------------------
                                             11.881278   slack (MET)


Startpoint: _2775_ (rising edge-triggered flip-flop clocked by clk)
Endpoint: uo_out[2] (output port clocked by clk)
Path Group: clk
Path Type: min

Fanout         Cap        Slew       Delay        Time   Description
---------------------------------------------------------------------------------------------
                      0.150000    0.000000    0.000000   clock clk (rise edge)
                                  0.000000    0.000000   clock network delay (ideal)
                      0.150000    0.000000    0.000000 ^ _2775_/CLK (sky130_fd_sc_hd__dfrtp_2)
     9    0.027709    0.242304    0.875571    0.875571 ^ _2775_/Q (sky130_fd_sc_hd__dfrtp_2)
                                                         graphics_core.x[5] (net)
                      0.242304    0.000000    0.875571 ^ _1382_/A (sky130_fd_sc_hd__inv_2)
     2    0.005699    0.064879    0.124525    1.000097 v _1382_/Y (sky130_fd_sc_hd__inv_2)
                                                         _0915_ (net)
                      0.064879    0.000000    1.000097 v _2437_/A (sky130_fd_sc_hd__nand2_2)
     1    0.004617    0.059616    0.086165    1.086261 ^ _2437_/Y (sky130_fd_sc_hd__nand2_2)
                                                         _0141_ (net)
                      0.059616    0.000000    1.086261 ^ _2438_/B (sky130_fd_sc_hd__nand2_2)
     2    0.009635    0.101818    0.127421    1.213683 v _2438_/Y (sky130_fd_sc_hd__nand2_2)
                                                         _0142_ (net)
                      0.101818    0.000000    1.213683 v _2687_/A (sky130_fd_sc_hd__xnor2_2)
     1    0.001756    0.051146    0.216696    1.430378 ^ _2687_/Y (sky130_fd_sc_hd__xnor2_2)
                                                         _0414_ (net)
                      0.051146    0.000000    1.430378 ^ _2688_/B1 (sky130_fd_sc_hd__a2bb2o_2)
     1    0.002495    0.054335    0.276686    1.707065 ^ _2688_/X (sky130_fd_sc_hd__a2bb2o_2)
                                                         _0415_ (net)
                      0.054335    0.000000    1.707065 ^ _2689_/A3 (sky130_fd_sc_hd__o31a_2)
     1    0.008542    0.106314    0.265456    1.972520 ^ _2689_/X (sky130_fd_sc_hd__o31a_2)
                                                         _0416_ (net)
                      0.106314    0.000000    1.972520 ^ _2690_/B (sky130_fd_sc_hd__xor2_2)
     1    0.033442    0.185233    0.310953    2.283473 v _2690_/X (sky130_fd_sc_hd__xor2_2)
                                                         uo_out[2] (net)
                      0.185233    0.000000    2.283473 v uo_out[2] (out)
                                              2.283473   data arrival time

                      0.150000    0.000000    0.000000   clock clk (rise edge)
                                  0.000000    0.000000   clock network delay (ideal)
                                  0.250000    0.250000   clock uncertainty
                                  0.000000    0.250000   clock reconvergence pessimism
                                -10.000000   -9.750000   output external delay
                                             -9.750000   data required time
---------------------------------------------------------------------------------------------
                                             -9.750000   data required time
                                             -2.283473   data arrival time
---------------------------------------------------------------------------------------------
                                             12.033473   slack (MET)


Startpoint: _2776_ (rising edge-triggered flip-flop clocked by clk)
Endpoint: uo_out[3] (output port clocked by clk)
Path Group: clk
Path Type: min

Fanout         Cap        Slew       Delay        Time   Description
---------------------------------------------------------------------------------------------
                      0.150000    0.000000    0.000000   clock clk (rise edge)
                                  0.000000    0.000000   clock network delay (ideal)
                      0.150000    0.000000    0.000000 ^ _2776_/CLK (sky130_fd_sc_hd__dfrtp_2)
     7    0.016644    0.166803    0.813479    0.813479 ^ _2776_/Q (sky130_fd_sc_hd__dfrtp_2)
                                                         graphics_core.x[6] (net)
                      0.166803    0.000000    0.813479 ^ _2448_/A (sky130_fd_sc_hd__or2_2)
     1    0.004617    0.063507    0.231737    1.045216 ^ _2448_/X (sky130_fd_sc_hd__or2_2)
                                                         _0153_ (net)
                      0.063507    0.000000    1.045216 ^ _2449_/B (sky130_fd_sc_hd__nand2_2)
     2    0.006585    0.077519    0.110645    1.155861 v _2449_/Y (sky130_fd_sc_hd__nand2_2)
                                                         _0154_ (net)
                      0.077519    0.000000    1.155861 v _2694_/C (sky130_fd_sc_hd__nand3_2)
     1    0.002432    0.062853    0.101384    1.257245 ^ _2694_/Y (sky130_fd_sc_hd__nand3_2)
                                                         _0421_ (net)
                      0.062853    0.000000    1.257245 ^ _2695_/A2 (sky130_fd_sc_hd__a21o_2)
     1    0.001460    0.045315    0.216414    1.473660 ^ _2695_/X (sky130_fd_sc_hd__a21o_2)
                                                         _0422_ (net)
                      0.045315    0.000000    1.473660 ^ _2696_/B (sky130_fd_sc_hd__and2_2)
     1    0.004573    0.082277    0.264027    1.737687 ^ _2696_/X (sky130_fd_sc_hd__and2_2)
                                                         _0423_ (net)
                      0.082277    0.000000    1.737687 ^ _2697_/B2 (sky130_fd_sc_hd__a22oi_2)
     1    0.008219    0.122065    0.137784    1.875470 v _2697_/Y (sky130_fd_sc_hd__a22oi_2)
                                                         _0424_ (net)
                      0.122065    0.000000    1.875470 v _2698_/B (sky130_fd_sc_hd__xnor2_2)
     1    0.033442    0.321266    0.442160    2.317630 v _2698_/Y (sky130_fd_sc_hd__xnor2_2)
                                                         uo_out[3] (net)
                      0.321266    0.000000    2.317630 v uo_out[3] (out)
                                              2.317630   data arrival time

                      0.150000    0.000000    0.000000   clock clk (rise edge)
                                  0.000000    0.000000   clock network delay (ideal)
                                  0.250000    0.250000   clock uncertainty
                                  0.000000    0.250000   clock reconvergence pessimism
                                -10.000000   -9.750000   output external delay
                                             -9.750000   data required time
---------------------------------------------------------------------------------------------
                                             -9.750000   data required time
                                             -2.317630   data arrival time
---------------------------------------------------------------------------------------------
                                             12.067631   slack (MET)


Startpoint: _2773_ (rising edge-triggered flip-flop clocked by clk)
Endpoint: uo_out[0] (output port clocked by clk)
Path Group: clk
Path Type: min

Fanout         Cap        Slew       Delay        Time   Description
---------------------------------------------------------------------------------------------
                      0.150000    0.000000    0.000000   clock clk (rise edge)
                                  0.000000    0.000000   clock network delay (ideal)
                      0.150000    0.000000    0.000000 ^ _2773_/CLK (sky130_fd_sc_hd__dfrtp_2)
    11    0.049450    0.391181    0.992091    0.992091 ^ _2773_/Q (sky130_fd_sc_hd__dfrtp_2)
                                                         graphics_core.x[3] (net)
                      0.391181    0.000000    0.992091 ^ _1471_/A (sky130_fd_sc_hd__and2_2)
     2    0.006134    0.094363    0.409456    1.401547 ^ _1471_/X (sky130_fd_sc_hd__and2_2)
                                                         _0477_ (net)
                      0.094363    0.000000    1.401547 ^ _2675_/A0 (sky130_fd_sc_hd__mux2_1)
     1    0.002495    0.070895    0.229943    1.631490 ^ _2675_/X (sky130_fd_sc_hd__mux2_1)
                                                         _0403_ (net)
                      0.070895    0.000000    1.631490 ^ _2676_/B1 (sky130_fd_sc_hd__a31o_2)
     1    0.004691    0.071803    0.179444    1.810934 ^ _2676_/X (sky130_fd_sc_hd__a31o_2)
                                                         _0404_ (net)
                      0.071803    0.000000    1.810934 ^ _2677_/A2 (sky130_fd_sc_hd__o21ai_2)
     1    0.008219    0.088027    0.124804    1.935738 v _2677_/Y (sky130_fd_sc_hd__o21ai_2)
                                                         _0405_ (net)
                      0.088027    0.000000    1.935738 v _2678_/B (sky130_fd_sc_hd__xnor2_2)
     1    0.033442    0.321266    0.426429    2.362167 v _2678_/Y (sky130_fd_sc_hd__xnor2_2)
                                                         uo_out[0] (net)
                      0.321266    0.000000    2.362167 v uo_out[0] (out)
                                              2.362167   data arrival time

                      0.150000    0.000000    0.000000   clock clk (rise edge)
                                  0.000000    0.000000   clock network delay (ideal)
                                  0.250000    0.250000   clock uncertainty
                                  0.000000    0.250000   clock reconvergence pessimism
                                -10.000000   -9.750000   output external delay
                                             -9.750000   data required time
---------------------------------------------------------------------------------------------
                                             -9.750000   data required time
                                             -2.362167   data arrival time
---------------------------------------------------------------------------------------------
                                             12.112167   slack (MET)


Startpoint: _2777_ (rising edge-triggered flip-flop clocked by clk)
Endpoint: uo_out[5] (output port clocked by clk)
Path Group: clk
Path Type: min

Fanout         Cap        Slew       Delay        Time   Description
---------------------------------------------------------------------------------------------
                      0.150000    0.000000    0.000000   clock clk (rise edge)
                                  0.000000    0.000000   clock network delay (ideal)
                      0.150000    0.000000    0.000000 ^ _2777_/CLK (sky130_fd_sc_hd__dfrtp_2)
     8    0.033722    0.283480    0.907798    0.907798 ^ _2777_/Q (sky130_fd_sc_hd__dfrtp_2)
                                                         graphics_core.x[7] (net)
                      0.283480    0.000000    0.907798 ^ _2452_/A1 (sky130_fd_sc_hd__a21o_2)
     2    0.007058    0.076487    0.337708    1.245506 ^ _2452_/X (sky130_fd_sc_hd__a21o_2)
                                                         _0157_ (net)
                      0.076487    0.000000    1.245506 ^ _2708_/A2 (sky130_fd_sc_hd__a211o_2)
     1    0.002421    0.044026    0.242643    1.488149 ^ _2708_/X (sky130_fd_sc_hd__a211o_2)
                                                         _0434_ (net)
                      0.044026    0.000000    1.488149 ^ _2709_/B1 (sky130_fd_sc_hd__o2111a_2)
     1    0.004684    0.100196    0.446514    1.934663 ^ _2709_/X (sky130_fd_sc_hd__o2111a_2)
                                                         _0435_ (net)
                      0.100196    0.000000    1.934663 ^ _2710_/B1 (sky130_fd_sc_hd__a21oi_2)
     1    0.008219    0.055519    0.085548    2.020211 v _2710_/Y (sky130_fd_sc_hd__a21oi_2)
                                                         _0436_ (net)
                      0.055519    0.000000    2.020211 v _2711_/B (sky130_fd_sc_hd__xnor2_2)
     1    0.033442    0.321266    0.411958    2.432169 v _2711_/Y (sky130_fd_sc_hd__xnor2_2)
                                                         uo_out[5] (net)
                      0.321266    0.000000    2.432169 v uo_out[5] (out)
                                              2.432169   data arrival time

                      0.150000    0.000000    0.000000   clock clk (rise edge)
                                  0.000000    0.000000   clock network delay (ideal)
                                  0.250000    0.250000   clock uncertainty
                                  0.000000    0.250000   clock reconvergence pessimism
                                -10.000000   -9.750000   output external delay
                                             -9.750000   data required time
---------------------------------------------------------------------------------------------
                                             -9.750000   data required time
                                             -2.432169   data arrival time
---------------------------------------------------------------------------------------------
                                             12.182169   slack (MET)


Startpoint: _2777_ (rising edge-triggered flip-flop clocked by clk)
Endpoint: uo_out[6] (output port clocked by clk)
Path Group: clk
Path Type: min

Fanout         Cap        Slew       Delay        Time   Description
---------------------------------------------------------------------------------------------
                      0.150000    0.000000    0.000000   clock clk (rise edge)
                                  0.000000    0.000000   clock network delay (ideal)
                      0.150000    0.000000    0.000000 ^ _2777_/CLK (sky130_fd_sc_hd__dfrtp_2)
     8    0.033722    0.283480    0.907798    0.907798 ^ _2777_/Q (sky130_fd_sc_hd__dfrtp_2)
                                                         graphics_core.x[7] (net)
                      0.283480    0.000000    0.907798 ^ _2452_/A1 (sky130_fd_sc_hd__a21o_2)
     2    0.007058    0.076487    0.337708    1.245506 ^ _2452_/X (sky130_fd_sc_hd__a21o_2)
                                                         _0157_ (net)
                      0.076487    0.000000    1.245506 ^ _2457_/A (sky130_fd_sc_hd__nand2_2)
     3    0.009858    0.103620    0.122922    1.368429 v _2457_/Y (sky130_fd_sc_hd__nand2_2)
                                                         _0163_ (net)
                      0.103620    0.000000    1.368429 v _2650_/B (sky130_fd_sc_hd__nor2_2)
     2    0.007965    0.188581    0.196955    1.565384 ^ _2650_/Y (sky130_fd_sc_hd__nor2_2)
                                                         _0375_ (net)
                      0.188581    0.000000    1.565384 ^ _2713_/S (sky130_fd_sc_hd__mux2_1)
     1    0.002504    0.071006    0.284266    1.849650 ^ _2713_/X (sky130_fd_sc_hd__mux2_1)
                                                         _0438_ (net)
                      0.071006    0.000000    1.849650 ^ _2716_/A2 (sky130_fd_sc_hd__o31a_2)
     1    0.008542    0.106307    0.302231    2.151881 ^ _2716_/X (sky130_fd_sc_hd__o31a_2)
                                                         _0442_ (net)
                      0.106307    0.000000    2.151881 ^ _2717_/B (sky130_fd_sc_hd__xor2_2)
     1    0.033442    0.185233    0.310950    2.462830 v _2717_/X (sky130_fd_sc_hd__xor2_2)
                                                         uo_out[6] (net)
                      0.185233    0.000000    2.462830 v uo_out[6] (out)
                                              2.462830   data arrival time

                      0.150000    0.000000    0.000000   clock clk (rise edge)
                                  0.000000    0.000000   clock network delay (ideal)
                                  0.250000    0.250000   clock uncertainty
                                  0.000000    0.250000   clock reconvergence pessimism
                                -10.000000   -9.750000   output external delay
                                             -9.750000   data required time
---------------------------------------------------------------------------------------------
                                             -9.750000   data required time
                                             -2.462830   data arrival time
---------------------------------------------------------------------------------------------
                                             12.212831   slack (MET)


Startpoint: _2776_ (rising edge-triggered flip-flop clocked by clk)
Endpoint: uo_out[4] (output port clocked by clk)
Path Group: clk
Path Type: min

Fanout         Cap        Slew       Delay        Time   Description
---------------------------------------------------------------------------------------------
                      0.150000    0.000000    0.000000   clock clk (rise edge)
                                  0.000000    0.000000   clock network delay (ideal)
                      0.150000    0.000000    0.000000 ^ _2776_/CLK (sky130_fd_sc_hd__dfrtp_2)
     7    0.015617    0.137904    0.916723    0.916723 v _2776_/Q (sky130_fd_sc_hd__dfrtp_2)
                                                         graphics_core.x[6] (net)
                      0.137904    0.000000    0.916723 v _2433_/A (sky130_fd_sc_hd__nand2_2)
     3    0.010613    0.112431    0.154526    1.071249 ^ _2433_/Y (sky130_fd_sc_hd__nand2_2)
                                                         _0136_ (net)
                      0.112431    0.000000    1.071249 ^ _2451_/A1 (sky130_fd_sc_hd__a21oi_2)
     2    0.006504    0.045709    0.130236    1.201485 v _2451_/Y (sky130_fd_sc_hd__a21oi_2)
                                                         _0156_ (net)
                      0.045709    0.000000    1.201485 v _2701_/A (sky130_fd_sc_hd__nor2_2)
     1    0.002420    0.095633    0.140573    1.342057 ^ _2701_/Y (sky130_fd_sc_hd__nor2_2)
                                                         _0427_ (net)
                      0.095633    0.000000    1.342057 ^ _2702_/B1 (sky130_fd_sc_hd__o221a_2)
     1    0.002491    0.076145    0.393823    1.735881 ^ _2702_/X (sky130_fd_sc_hd__o221a_2)
                                                         _0428_ (net)
                      0.076145    0.000000    1.735881 ^ _2703_/B1 (sky130_fd_sc_hd__o21a_2)
     1    0.004684    0.070080    0.252767    1.988648 ^ _2703_/X (sky130_fd_sc_hd__o21a_2)
                                                         _0429_ (net)
                      0.070080    0.000000    1.988648 ^ _2704_/B1 (sky130_fd_sc_hd__a21oi_2)
     1    0.008219    0.051096    0.073345    2.061993 v _2704_/Y (sky130_fd_sc_hd__a21oi_2)
                                                         _0431_ (net)
                      0.051096    0.000000    2.061993 v _2705_/B (sky130_fd_sc_hd__xnor2_2)
     1    0.033442    0.321266    0.410016    2.472010 v _2705_/Y (sky130_fd_sc_hd__xnor2_2)
                                                         uo_out[4] (net)
                      0.321266    0.000000    2.472010 v uo_out[4] (out)
                                              2.472010   data arrival time

                      0.150000    0.000000    0.000000   clock clk (rise edge)
                                  0.000000    0.000000   clock network delay (ideal)
                                  0.250000    0.250000   clock uncertainty
                                  0.000000    0.250000   clock reconvergence pessimism
                                -10.000000   -9.750000   output external delay
                                             -9.750000   data required time
---------------------------------------------------------------------------------------------
                                             -9.750000   data required time
                                             -2.472010   data arrival time
---------------------------------------------------------------------------------------------
                                             12.222011   slack (MET)


Startpoint: _2777_ (rising edge-triggered flip-flop clocked by clk)
Endpoint: uo_out[7] (output port clocked by clk)
Path Group: clk
Path Type: min

Fanout         Cap        Slew       Delay        Time   Description
---------------------------------------------------------------------------------------------
                      0.150000    0.000000    0.000000   clock clk (rise edge)
                                  0.000000    0.000000   clock network delay (ideal)
                      0.150000    0.000000    0.000000 ^ _2777_/CLK (sky130_fd_sc_hd__dfrtp_2)
     8    0.033722    0.283480    0.907798    0.907798 ^ _2777_/Q (sky130_fd_sc_hd__dfrtp_2)
                                                         graphics_core.x[7] (net)
                      0.283480    0.000000    0.907798 ^ _2452_/A1 (sky130_fd_sc_hd__a21o_2)
     2    0.007058    0.076487    0.337708    1.245506 ^ _2452_/X (sky130_fd_sc_hd__a21o_2)
                                                         _0157_ (net)
                      0.076487    0.000000    1.245506 ^ _2457_/A (sky130_fd_sc_hd__nand2_2)
     3    0.009858    0.103620    0.122922    1.368429 v _2457_/Y (sky130_fd_sc_hd__nand2_2)
                                                         _0163_ (net)
                      0.103620    0.000000    1.368429 v _2458_/B (sky130_fd_sc_hd__nor2_2)
     1    0.009061    0.206504    0.210685    1.579113 ^ _2458_/Y (sky130_fd_sc_hd__nor2_2)
                                                         _0164_ (net)
                      0.206504    0.000000    1.579113 ^ _2721_/A (sky130_fd_sc_hd__xnor2_2)
     1    0.004167    0.072948    0.184824    1.763937 v _2721_/Y (sky130_fd_sc_hd__xnor2_2)
                                                         _0446_ (net)
                      0.072948    0.000000    1.763937 v _2722_/A2 (sky130_fd_sc_hd__o21ai_2)
     1    0.001956    0.094304    0.157193    1.921130 ^ _2722_/Y (sky130_fd_sc_hd__o21ai_2)
                                                         _0447_ (net)
                      0.094304    0.000000    1.921130 ^ _2723_/B2 (sky130_fd_sc_hd__o2bb2a_2)
     1    0.008492    0.113130    0.346928    2.268058 ^ _2723_/X (sky130_fd_sc_hd__o2bb2a_2)
                                                         _0448_ (net)
                      0.113130    0.000000    2.268058 ^ _2724_/B (sky130_fd_sc_hd__xnor2_2)
     1    0.033442    0.321266    0.323634    2.591691 v _2724_/Y (sky130_fd_sc_hd__xnor2_2)
                                                         uo_out[7] (net)
                      0.321266    0.000000    2.591691 v uo_out[7] (out)
                                              2.591691   data arrival time

                      0.150000    0.000000    0.000000   clock clk (rise edge)
                                  0.000000    0.000000   clock network delay (ideal)
                                  0.250000    0.250000   clock uncertainty
                                  0.000000    0.250000   clock reconvergence pessimism
                                -10.000000   -9.750000   output external delay
                                             -9.750000   data required time
---------------------------------------------------------------------------------------------
                                             -9.750000   data required time
                                             -2.591691   data arrival time
---------------------------------------------------------------------------------------------
                                             12.341692   slack (MET)



