
===========================================================================
 report_power
============================================================================
======================= nom_ff_n40C_1v95 Corner ===================================

Group                    Internal    Switching      Leakage        Total
                            Power        Power        Power        Power (Watts)
------------------------------------------------------------------------
Sequential           1.999605e-05 9.976418e-06 3.237417e-10 2.997279e-05   0.1%
Combinational        2.451234e-02 2.161052e-02 1.585328e-08 4.612288e-02  99.9%
Clock                0.000000e+00 0.000000e+00 0.000000e+00 0.000000e+00   0.0%
Macro                0.000000e+00 0.000000e+00 0.000000e+00 0.000000e+00   0.0%
Pad                  0.000000e+00 0.000000e+00 0.000000e+00 0.000000e+00   0.0%
------------------------------------------------------------------------
Total                2.453234e-02 2.162049e-02 1.617701e-08 4.615285e-02 100.0%
                            53.2%        46.8%         0.0%

