
===========================================================================
 report_power
============================================================================
======================= min_ss_100C_1v60 Corner ===================================

Group                    Internal    Switching      Leakage        Total
                            Power        Power        Power        Power (Watts)
------------------------------------------------------------------------
Sequential           1.383153e-05 6.119591e-06 3.135654e-07 2.026469e-05   0.1%
Combinational        1.217631e-02 1.365096e-02 6.115432e-06 2.583339e-02  99.9%
Clock                9.793050e-06 3.481019e-06 7.961644e-08 1.335369e-05   0.1%
Macro                0.000000e+00 0.000000e+00 0.000000e+00 0.000000e+00   0.0%
Pad                  0.000000e+00 0.000000e+00 0.000000e+00 0.000000e+00   0.0%
------------------------------------------------------------------------
Total                1.219993e-02 1.366056e-02 6.508612e-06 2.586700e-02 100.0%
                            47.2%        52.8%         0.0%

