
===========================================================================
 report_power
============================================================================
======================= max_ff_n40C_1v95 Corner ===================================

Group                    Internal    Switching      Leakage        Total
                            Power        Power        Power        Power (Watts)
------------------------------------------------------------------------
Sequential           2.061405e-05 9.982557e-06 3.777106e-10 3.059699e-05   0.1%
Combinational        1.699089e-02 2.168203e-02 9.209177e-09 3.867292e-02  99.9%
Clock                1.383897e-05 5.695516e-06 1.503717e-08 1.954952e-05   0.1%
Macro                0.000000e+00 0.000000e+00 0.000000e+00 0.000000e+00   0.0%
Pad                  0.000000e+00 0.000000e+00 0.000000e+00 0.000000e+00   0.0%
------------------------------------------------------------------------
Total                1.702534e-02 2.169771e-02 2.462405e-08 3.872307e-02 100.0%
                            44.0%        56.0%         0.0%

