
===========================================================================
 report_power
============================================================================
======================= nom_tt_025C_1v80 Corner ===================================

Group                    Internal    Switching      Leakage        Total
                            Power        Power        Power        Power (Watts)
------------------------------------------------------------------------
Sequential           1.707673e-05 1.030938e-05 1.813416e-10 2.738629e-05   0.1%
Combinational        2.192184e-02 2.036328e-02 5.619965e-09 4.228513e-02  99.9%
Clock                0.000000e+00 0.000000e+00 3.952849e-10 3.952849e-10   0.0%
Macro                0.000000e+00 0.000000e+00 0.000000e+00 0.000000e+00   0.0%
Pad                  0.000000e+00 0.000000e+00 0.000000e+00 0.000000e+00   0.0%
------------------------------------------------------------------------
Total                2.193891e-02 2.037359e-02 6.196597e-09 4.231251e-02 100.0%
                            51.8%        48.2%         0.0%
Writing metric power__internal__total: 0.02193891443312168
Writing metric power__switching__total: 0.020373588427901268
Writing metric power__leakage__total: 6.196597013286009e-9
Writing metric power__total: 0.042312510311603546

