
===========================================================================
report_checks -unconstrained
===========================================================================
======================= max_ss_100C_1v60 Corner ===================================

Startpoint: rst_n (input port clocked by clk)
Endpoint: _2770_ (recovery check against rising-edge clock clk)
Path Group: asynchronous
Path Type: max

Fanout         Cap        Slew       Delay        Time   Description
---------------------------------------------------------------------------------------------
                                  0.000000    0.000000   clock clk (rise edge)
                                  0.000000    0.000000   clock network delay (propagated)
                                 10.000000   10.000000 ^ input external delay
     1    0.002710    0.031655    0.015362   10.015362 ^ rst_n (in)
                                                         rst_n (net)
                      0.031655    0.000000   10.015362 ^ input2/A (sky130_fd_sc_hd__buf_1)
     2    0.016214    0.314139    0.306180   10.321542 ^ input2/X (sky130_fd_sc_hd__buf_1)
                                                         net2 (net)
                      0.314144    0.000980   10.322522 ^ fanout47/A (sky130_fd_sc_hd__clkbuf_4)
    10    0.056834    0.278080    0.509885   10.832407 ^ fanout47/X (sky130_fd_sc_hd__clkbuf_4)
                                                         net47 (net)
                      0.278284    0.006843   10.839250 ^ _2770_/RESET_B (sky130_fd_sc_hd__dfrtp_4)
                                             10.839250   data arrival time

                                 50.000000   50.000000   clock clk (rise edge)
                                  0.000000   50.000000   clock source latency
     1    0.017531    0.133022    0.090608   50.090607 ^ clk (in)
                                                         clk (net)
                      0.133059    0.000000   50.090607 ^ clkbuf_0_clk/A (sky130_fd_sc_hd__clkbuf_16)
     2    0.018475    0.065547    0.247983   50.338589 ^ clkbuf_0_clk/X (sky130_fd_sc_hd__clkbuf_16)
                                                         clknet_0_clk (net)
                      0.065547    0.001204   50.339794 ^ clkbuf_1_1__f_clk/A (sky130_fd_sc_hd__clkbuf_16)
     9    0.025845    0.074869    0.227299   50.567093 ^ clkbuf_1_1__f_clk/X (sky130_fd_sc_hd__clkbuf_16)
                                                         clknet_1_1__leaf_clk (net)
                      0.074945    0.002025   50.569118 ^ _2770_/CLK (sky130_fd_sc_hd__dfrtp_4)
                                 -0.250000   50.319118   clock uncertainty
                                  0.000000   50.319118   clock reconvergence pessimism
                                  0.347957   50.667072   library recovery time
                                             50.667072   data required time
---------------------------------------------------------------------------------------------
                                             50.667072   data required time
                                            -10.839250   data arrival time
---------------------------------------------------------------------------------------------
                                             39.827827   slack (MET)


Startpoint: ui_in[1] (input port clocked by clk)
Endpoint: uo_out[1] (output port clocked by clk)
Path Group: clk
Path Type: max

Fanout         Cap        Slew       Delay        Time   Description
---------------------------------------------------------------------------------------------
                                  0.000000    0.000000   clock clk (rise edge)
                                  0.000000    0.000000   clock network delay (propagated)
                                 10.000000   10.000000 v input external delay
     1    0.002533    0.017443    0.008434   10.008434 v ui_in[1] (in)
                                                         ui_in[1] (net)
                      0.017443    0.000000   10.008434 v input4/A (sky130_fd_sc_hd__buf_1)
     3    0.017492    0.204928    0.257034   10.265468 v input4/X (sky130_fd_sc_hd__buf_1)
                                                         net4 (net)
                      0.204928    0.000531   10.265999 v fanout45/A (sky130_fd_sc_hd__buf_2)
    10    0.038985    0.184804    0.422201   10.688200 v fanout45/X (sky130_fd_sc_hd__buf_2)
                                                         net45 (net)
                      0.184901    0.003920   10.692120 v _1387_/A_N (sky130_fd_sc_hd__nand2b_1)
     1    0.003839    0.110199    0.359590   11.051709 v _1387_/Y (sky130_fd_sc_hd__nand2b_1)
                                                         _0970_ (net)
                      0.110199    0.000241   11.051950 v fanout44/A (sky130_fd_sc_hd__buf_2)
     6    0.046626    0.215060    0.400952   11.452902 v fanout44/X (sky130_fd_sc_hd__buf_2)
                                                         net44 (net)
                      0.215063    0.001219   11.454121 v fanout41/A (sky130_fd_sc_hd__buf_4)
    10    0.070096    0.175837    0.430095   11.884215 v fanout41/X (sky130_fd_sc_hd__buf_4)
                                                         net41 (net)
                      0.175859    0.002136   11.886352 v _1401_/A2 (sky130_fd_sc_hd__o31a_2)
     2    0.018270    0.158786    0.760606   12.646957 v _1401_/X (sky130_fd_sc_hd__o31a_2)
                                                         _1124_ (net)
                      0.158786    0.001262   12.648220 v _1411_/A (sky130_fd_sc_hd__xor2_2)
     5    0.026125    0.530009    0.554450   13.202669 ^ _1411_/X (sky130_fd_sc_hd__xor2_2)
                                                         _1234_ (net)
                      0.530015    0.001560   13.204229 ^ fanout24/A (sky130_fd_sc_hd__buf_2)
    10    0.044946    0.352750    0.590055   13.794284 ^ fanout24/X (sky130_fd_sc_hd__buf_2)
                                                         net24 (net)
                      0.352754    0.001823   13.796107 ^ _1795_/B (sky130_fd_sc_hd__nor2_1)
     2    0.004540    0.135863    0.181220   13.977327 v _1795_/Y (sky130_fd_sc_hd__nor2_1)
                                                         _0801_ (net)
                      0.135863    0.000200   13.977527 v _1878_/C (sky130_fd_sc_hd__or4_1)
     3    0.006816    0.226044    1.200858   15.178385 v _1878_/X (sky130_fd_sc_hd__or4_1)
                                                         _0887_ (net)
                      0.226044    0.000217   15.178602 v _1881_/A (sky130_fd_sc_hd__and3_1)
     1    0.001715    0.061772    0.351841   15.530443 v _1881_/X (sky130_fd_sc_hd__and3_1)
                                                         _0890_ (net)
                      0.061772    0.000117   15.530560 v _1955_/A (sky130_fd_sc_hd__or2_1)
     2    0.006994    0.133150    0.538950   16.069511 v _1955_/X (sky130_fd_sc_hd__or2_1)
                                                         _0972_ (net)
                      0.133150    0.000478   16.069988 v _1957_/B (sky130_fd_sc_hd__xor2_1)
     2    0.004681    0.118435    0.303324   16.373312 v _1957_/X (sky130_fd_sc_hd__xor2_1)
                                                         _0974_ (net)
                      0.118435    0.000171   16.373482 v _2029_/A (sky130_fd_sc_hd__or2_1)
     3    0.010657    0.166137    0.598964   16.972446 v _2029_/X (sky130_fd_sc_hd__or2_1)
                                                         _1053_ (net)
                      0.166137    0.000552   16.973000 v _2030_/B1 (sky130_fd_sc_hd__o211a_1)
     2    0.004791    0.089967    0.291541   17.264540 v _2030_/X (sky130_fd_sc_hd__o211a_1)
                                                         _1054_ (net)
                      0.089967    0.000256   17.264797 v _2041_/A (sky130_fd_sc_hd__or3_2)
     4    0.016709    0.250502    1.252904   18.517700 v _2041_/X (sky130_fd_sc_hd__or3_2)
                                                         _1066_ (net)
                      0.250502    0.000780   18.518480 v _2111_/C1 (sky130_fd_sc_hd__o211a_1)
     4    0.019782    0.212804    0.412355   18.930834 v _2111_/X (sky130_fd_sc_hd__o211a_1)
                                                         _1143_ (net)
                      0.212808    0.001267   18.932100 v _2131_/A (sky130_fd_sc_hd__nor3_1)
     3    0.008897    0.516530    0.573051   19.505152 ^ _2131_/Y (sky130_fd_sc_hd__nor3_1)
                                                         _1165_ (net)
                      0.516530    0.000261   19.505413 ^ max_cap18/A (sky130_fd_sc_hd__clkbuf_1)
     2    0.009075    0.186775    0.377881   19.883293 ^ max_cap18/X (sky130_fd_sc_hd__clkbuf_1)
                                                         net18 (net)
                      0.186775    0.000616   19.883911 ^ _2185_/C1 (sky130_fd_sc_hd__a211oi_1)
     3    0.008943    0.195367    0.166933   20.050844 v _2185_/Y (sky130_fd_sc_hd__a211oi_1)
                                                         _1225_ (net)
                      0.195367    0.000695   20.051538 v _2240_/A1 (sky130_fd_sc_hd__o211a_1)
     2    0.006139    0.100604    0.487212   20.538750 v _2240_/X (sky130_fd_sc_hd__o211a_1)
                                                         _1285_ (net)
                      0.100604    0.000405   20.539154 v _2241_/B1 (sky130_fd_sc_hd__a211oi_1)
     2    0.007020    0.494164    0.521077   21.060232 ^ _2241_/Y (sky130_fd_sc_hd__a211oi_1)
                                                         _1286_ (net)
                      0.494164    0.000446   21.060677 ^ _2242_/A (sky130_fd_sc_hd__inv_2)
     3    0.010610    0.119797    0.215076   21.275753 v _2242_/Y (sky130_fd_sc_hd__inv_2)
                                                         _1287_ (net)
                      0.119797    0.000464   21.276217 v _2280_/B1 (sky130_fd_sc_hd__o211a_1)
     2    0.004497    0.087342    0.266281   21.542498 v _2280_/X (sky130_fd_sc_hd__o211a_1)
                                                         _1329_ (net)
                      0.087342    0.000247   21.542746 v _2366_/B1 (sky130_fd_sc_hd__a211o_1)
     3    0.009082    0.140962    0.570504   22.113249 v _2366_/X (sky130_fd_sc_hd__a211o_1)
                                                         _0063_ (net)
                      0.140963    0.000696   22.113945 v _2367_/C (sky130_fd_sc_hd__and3_1)
     2    0.004730    0.087432    0.414095   22.528040 v _2367_/X (sky130_fd_sc_hd__and3_1)
                                                         _0064_ (net)
                      0.087432    0.000281   22.528320 v _2369_/A3 (sky130_fd_sc_hd__o311a_1)
     4    0.018253    0.218305    0.698499   23.226820 v _2369_/X (sky130_fd_sc_hd__o311a_1)
                                                         _0066_ (net)
                      0.218305    0.000892   23.227713 v _2383_/A (sky130_fd_sc_hd__or2_2)
     6    0.025850    0.216718    0.875978   24.103691 v _2383_/X (sky130_fd_sc_hd__or2_2)
                                                         _0081_ (net)
                      0.216718    0.000700   24.104391 v _2474_/A (sky130_fd_sc_hd__nor2_1)
     2    0.003298    0.146893    0.233445   24.337835 ^ _2474_/Y (sky130_fd_sc_hd__nor2_1)
                                                         _0182_ (net)
                      0.146893    0.000110   24.337946 ^ _2476_/A_N (sky130_fd_sc_hd__nand2b_1)
     2    0.015331    0.261585    0.338666   24.676611 ^ _2476_/Y (sky130_fd_sc_hd__nand2b_1)
                                                         _0184_ (net)
                      0.261585    0.000526   24.677137 ^ _2493_/A1 (sky130_fd_sc_hd__o21bai_2)
     3    0.021977    0.236798    0.324626   25.001762 v _2493_/Y (sky130_fd_sc_hd__o21bai_2)
                                                         _0202_ (net)
                      0.236813    0.002110   25.003874 v _2536_/A (sky130_fd_sc_hd__xnor2_2)
     5    0.025103    0.544658    0.588498   25.592371 ^ _2536_/Y (sky130_fd_sc_hd__xnor2_2)
                                                         _0250_ (net)
                      0.544668    0.001940   25.594311 ^ _2552_/A (sky130_fd_sc_hd__xnor2_1)
     2    0.007565    0.188171    0.363979   25.958290 v _2552_/Y (sky130_fd_sc_hd__xnor2_1)
                                                         _0267_ (net)
                      0.188171    0.000318   25.958609 v _2580_/B (sky130_fd_sc_hd__xor2_1)
     2    0.007399    0.177211    0.347091   26.305700 v _2580_/X (sky130_fd_sc_hd__xor2_1)
                                                         _0298_ (net)
                      0.177211    0.000250   26.305950 v _2581_/A2 (sky130_fd_sc_hd__a21o_1)
     2    0.008050    0.101032    0.403478   26.709429 v _2581_/X (sky130_fd_sc_hd__a21o_1)
                                                         _0299_ (net)
                      0.101033    0.000536   26.709965 v _2582_/A2 (sky130_fd_sc_hd__a21o_1)
     2    0.015340    0.154812    0.425109   27.135073 v _2582_/X (sky130_fd_sc_hd__a21o_1)
                                                         _0300_ (net)
                      0.154820    0.001286   27.136360 v _2585_/A1 (sky130_fd_sc_hd__a21o_1)
     2    0.008023    0.100874    0.364000   27.500360 v _2585_/X (sky130_fd_sc_hd__a21o_1)
                                                         _0304_ (net)
                      0.100875    0.000522   27.500883 v _2588_/A1 (sky130_fd_sc_hd__a21o_1)
     2    0.007400    0.096054    0.335952   27.836834 v _2588_/X (sky130_fd_sc_hd__a21o_1)
                                                         _0307_ (net)
                      0.096054    0.000393   27.837227 v _2589_/B (sky130_fd_sc_hd__and2b_1)
     2    0.008798    0.114178    0.380078   28.217304 v _2589_/X (sky130_fd_sc_hd__and2b_1)
                                                         _0308_ (net)
                      0.114179    0.000684   28.217989 v _2590_/A2 (sky130_fd_sc_hd__o21a_1)
     5    0.017848    0.193450    0.449051   28.667040 v _2590_/X (sky130_fd_sc_hd__o21a_1)
                                                         _0309_ (net)
                      0.193453    0.001124   28.668163 v _2594_/A2 (sky130_fd_sc_hd__o311ai_4)
     4    0.011554    0.417024    0.539064   29.207228 ^ _2594_/Y (sky130_fd_sc_hd__o311ai_4)
                                                         _0314_ (net)
                      0.417024    0.000382   29.207609 ^ _2596_/A2 (sky130_fd_sc_hd__a31o_1)
     2    0.005446    0.117633    0.439242   29.646851 ^ _2596_/X (sky130_fd_sc_hd__a31o_1)
                                                         _0316_ (net)
                      0.117633    0.000318   29.647169 ^ _2598_/A2 (sky130_fd_sc_hd__a21o_1)
     2    0.012977    0.190782    0.329056   29.976225 ^ _2598_/X (sky130_fd_sc_hd__a21o_1)
                                                         _0318_ (net)
                      0.190787    0.001268   29.977493 ^ fanout14/A (sky130_fd_sc_hd__clkbuf_2)
    10    0.030658    0.265758    0.386756   30.364248 ^ fanout14/X (sky130_fd_sc_hd__clkbuf_2)
                                                         net14 (net)
                      0.265795    0.003187   30.367435 ^ _2615_/B1_N (sky130_fd_sc_hd__o21ba_1)
     3    0.007567    0.104347    0.382069   30.749506 v _2615_/X (sky130_fd_sc_hd__o21ba_1)
                                                         _0337_ (net)
                      0.104347    0.000433   30.749939 v _2619_/A2 (sky130_fd_sc_hd__a31o_1)
     3    0.008899    0.116190    0.435072   31.185011 v _2619_/X (sky130_fd_sc_hd__a31o_1)
                                                         _0341_ (net)
                      0.116190    0.000465   31.185476 v _2621_/A1 (sky130_fd_sc_hd__a21oi_1)
     3    0.007929    0.321374    0.341689   31.527166 ^ _2621_/Y (sky130_fd_sc_hd__a21oi_1)
                                                         _0343_ (net)
                      0.321375    0.000423   31.527588 ^ _2633_/B_N (sky130_fd_sc_hd__and4bb_2)
     6    0.027705    0.180896    0.713314   32.240902 v _2633_/X (sky130_fd_sc_hd__and4bb_2)
                                                         _0356_ (net)
                      0.180946    0.002913   32.243816 v _2640_/C (sky130_fd_sc_hd__and4_1)
     2    0.004737    0.090014    0.453888   32.697704 v _2640_/X (sky130_fd_sc_hd__and4_1)
                                                         _0364_ (net)
                      0.090014    0.000323   32.698025 v _2648_/A2 (sky130_fd_sc_hd__o31a_1)
     1    0.003696    0.093497    0.536431   33.234459 v _2648_/X (sky130_fd_sc_hd__o31a_1)
                                                         _0373_ (net)
                      0.093497    0.000156   33.234615 v _2659_/C1 (sky130_fd_sc_hd__a2111o_1)
     1    0.002655    0.105455    0.665530   33.900143 v _2659_/X (sky130_fd_sc_hd__a2111o_1)
                                                         _0385_ (net)
                      0.105455    0.000188   33.900333 v _2672_/A (sky130_fd_sc_hd__or4b_4)
     8    0.041971    0.259973    1.240817   35.141151 v _2672_/X (sky130_fd_sc_hd__or4b_4)
                                                         _0399_ (net)
                      0.260132    0.005745   35.146893 v _2683_/A1 (sky130_fd_sc_hd__o31a_2)
     1    0.017401    0.155997    0.824638   35.971531 v _2683_/X (sky130_fd_sc_hd__o31a_2)
                                                         _0410_ (net)
                      0.155997    0.001407   35.972939 v _2684_/B (sky130_fd_sc_hd__xor2_4)
     1    0.034171    0.430336    0.456478   36.429417 ^ _2684_/X (sky130_fd_sc_hd__xor2_4)
                                                         uo_out[1] (net)
                      0.430478    0.000870   36.430286 ^ uo_out[1] (out)
                                             36.430286   data arrival time

                                 50.000000   50.000000   clock clk (rise edge)
                                  0.000000   50.000000   clock network delay (propagated)
                                 -0.250000   49.749996   clock uncertainty
                                  0.000000   49.749996   clock reconvergence pessimism
                                -10.000000   39.749996   output external delay
                                             39.749996   data required time
---------------------------------------------------------------------------------------------
                                             39.749996   data required time
                                            -36.430286   data arrival time
---------------------------------------------------------------------------------------------
                                              3.319709   slack (MET)




===========================================================================
report_checks --slack_max -0.01
============================================================================
======================= max_ss_100C_1v60 Corner ===================================

No paths found.


===========================================================================
 report_check_types -max_slew -max_cap -max_fanout -violators
============================================================================
======================= max_ss_100C_1v60 Corner ===================================

max slew

Pin                                        Limit        Slew       Slack
------------------------------------------------------------------------
_1834_/B                                0.750000    0.826603   -0.076604 (VIOLATED)
_1912_/A2                               0.750000    0.826603   -0.076603 (VIOLATED)
_1819_/Y                                0.750000    0.826602   -0.076602 (VIOLATED)
_1643_/B                                0.750000    0.798497   -0.048497 (VIOLATED)
_1700_/A2                               0.750000    0.798497   -0.048497 (VIOLATED)
_1640_/Y                                0.750000    0.798494   -0.048494 (VIOLATED)
_1516_/A2                               0.750000    0.751361   -0.001361 (VIOLATED)
_1987_/B1                               0.750000    0.751359   -0.001359 (VIOLATED)
_1986_/C                                0.750000    0.751357   -0.001357 (VIOLATED)
fanout26/A                              0.750000    0.751353   -0.001353 (VIOLATED)
_1490_/Y                                0.750000    0.751350   -0.001350 (VIOLATED)



===========================================================================
report_parasitic_annotation -report_unannotated
============================================================================
Found 22 unannotated drivers.
 ui_in[4]
 ui_in[5]
 ui_in[6]
 ui_in[7]
 uio_in[0]
 clkload0/X
 tt_um_connerdaehler_boop_49/HI
 tt_um_connerdaehler_boop_50/HI
 tt_um_connerdaehler_boop_51/HI
 tt_um_connerdaehler_boop_52/HI
 tt_um_connerdaehler_boop_53/HI
 tt_um_connerdaehler_boop_54/HI
 tt_um_connerdaehler_boop_55/HI
 tt_um_connerdaehler_boop_56/HI
 tt_um_connerdaehler_boop_57/HI
 tt_um_connerdaehler_boop_58/HI
 tt_um_connerdaehler_boop_59/HI
 tt_um_connerdaehler_boop_60/HI
 tt_um_connerdaehler_boop_61/HI
 tt_um_connerdaehler_boop_62/HI
 tt_um_connerdaehler_boop_63/HI
 tt_um_connerdaehler_boop_64/HI
Found 0 partially unannotated drivers.

===========================================================================
max slew violation count 11
max fanout violation count 0
max cap violation count 0
============================================================================

===========================================================================
check_setup -verbose -unconstrained_endpoints -multiple_clock -no_clock -no_input_delay -loops -generated_clocks
===========================================================================
Warning: There are 16 unconstrained endpoints.
  uio_oe[0]
  uio_oe[1]
  uio_oe[2]
  uio_oe[3]
  uio_oe[4]
  uio_oe[5]
  uio_oe[6]
  uio_oe[7]
  uio_out[0]
  uio_out[1]
  uio_out[2]
  uio_out[3]
  uio_out[4]
  uio_out[5]
  uio_out[6]
  uio_out[7]
