Clock: clk
Sources: clk 
Generated: no
Virtual: yes
Propagated: no
Period: 50.000000

===========================================================================
report_clock_properties
============================================================================
Clock                   Period          Waveform
----------------------------------------------------
clk                  50.000000    0.000000 25.000000

===========================================================================
report_clock_latency
============================================================================
Clock clk
rise -> rise
    min     max
0.000000 0.000000 source latency
0.568210         network latency _2776_/CLK
        0.571617 network latency _2763_/CLK
---------------
0.568210 0.571617 latency
        0.003407 skew

fall -> fall
    min     max
0.000000 0.000000 source latency
0.563940         network latency _2776_/CLK
        0.566775 network latency _2763_/CLK
---------------
0.563940 0.566775 latency
        0.002835 skew



===========================================================================
report_clock_min_period
============================================================================
clk period_min = 6.18 fmax = 161.85
