
===========================================================================
 report_power
============================================================================
======================= max_ss_100C_1v60 Corner ===================================

Group                    Internal    Switching      Leakage        Total
                            Power        Power        Power        Power (Watts)
------------------------------------------------------------------------
Sequential           1.382034e-05 6.627241e-06 3.135654e-07 2.076114e-05   0.1%
Combinational        1.217941e-02 1.434291e-02 6.115432e-06 2.652843e-02  99.9%
Clock                9.811414e-06 3.688588e-06 7.961644e-08 1.357962e-05   0.1%
Macro                0.000000e+00 0.000000e+00 0.000000e+00 0.000000e+00   0.0%
Pad                  0.000000e+00 0.000000e+00 0.000000e+00 0.000000e+00   0.0%
------------------------------------------------------------------------
Total                1.220304e-02 1.435323e-02 6.508612e-06 2.656277e-02 100.0%
                            45.9%        54.0%         0.0%

